===========================================================================
         ________    _________   _______       __     _________            
        |        |\ |        |\ |       \\    |  |\  /         \\          
        |    ____|| |    ____|| |    __  ||   |__|| |    ___    ||         
        |   |\___\| |   |\___\| |   |\_| ||    \_\| |   //  \   ||         
        |   ||__    |   ||__    |   ||_| ||   |  |\ |  ||    |  ||         
        |       |\  |       |\  |         \\  |  || |  ||    |  ||         
        |    ___||  |    ___||  |    ___   || |  || |  ||    |  ||         
        |   |\__\|  |   |\__\|  |   |\__|  || |  || |  ||    |  ||         
        |   ||      |   ||___   |   ||__|  || |  || |   \\__/   ||         
        |   ||      |        |\ |          || |  || |           ||         
        |___||      |________|| |_________//  |__||  \_________//          
                                                                           
      F I N I T E   E L E M E N T S   F O R   B I O M E C H A N I C S      
                                                                           
  version 4.13.0.067bd8c2f
  FEBio is a registered trademark.                                         
  copyright (c) 2006-2026 - All rights reserved                            
                                                                           
===========================================================================





 FILES USED
===========================================================================
	Input file : /home/z/my-project/discovery-evidence-fabric/CEREVASC_R2_C3_PHENOTYPE_DISCOVERY/ROUND_56/ROUND130_ARTIFACTS/SOLVER_OUTPUT/C1-R130-001/input.feb
	Plot file  : /home/z/my-project/discovery-evidence-fabric/CEREVASC_R2_C3_PHENOTYPE_DISCOVERY/ROUND_56/ROUND130_ARTIFACTS/SOLVER_OUTPUT/C1-R130-001/input.xplt
	Log file   : /home/z/my-project/discovery-evidence-fabric/CEREVASC_R2_C3_PHENOTYPE_DISCOVERY/ROUND_56/ROUND130_ARTIFACTS/SOLVER_OUTPUT/C1-R130-001/input.log


 MESH INFO
===========================================================================
	Number of materials ............................ : 1
	Number of domains .............................. : 1
	Number of nodes ................................ : 8
	Number of solid elements ....................... : 1


 MODULE
===========================================================================
	Module type ....................................... : solid


 CONTROL DATA
===========================================================================
	analysis .......................................... : STATIC (0)
	time_steps ........................................ : 50
	step_size ......................................... : 0.01
	plot_zero_state ................................... : no (0)
	plot_range ........................................ : 0,-1
	plot_level ........................................ : PLOT_MAJOR_ITRS (1)
	output_level ...................................... : OUTPUT_MAJOR_ITRS (1)
	plot_stride ....................................... : 1
	output_stride ..................................... : 1
	adaptor_re_solve .................................. : yes (1)
	Auto time stepper activated ....................... : no
 SOLVER PARAMETERS
===========================================================================
	symmetric_stiffness ............................... : symmetric (1)
	equation_scheme ................................... : staggered (0)
	equation_order .................................... : default (0)
	optimize_bw ....................................... : no (0)
	lstol ............................................. : 0.9
	lsmin ............................................. : 0.01
	lsiter ............................................ : 5
	ls_check_jacobians ................................ : no (0)
	max_refs .......................................... : 15
	check_zero_diagonal ............................... : no (0)
	zero_diagonal_tol ................................. : 0
	force_partition ................................... : 0
	reform_each_time_step ............................. : yes (1)
	reform_augment .................................... : no (0)
	diverge_reform .................................... : yes (1)
	min_residual ...................................... : 1e-20
	max_residual ...................................... : 0
	dtol .............................................. : 0.001
	etol .............................................. : 0.01
	rtol .............................................. : 0.001
	rhoi .............................................. : -1
	alpha ............................................. : 1
	beta .............................................. : 0.25
	gamma ............................................. : 0.5
	logSolve .......................................... : no (0)
	arc_length ........................................ : 0
	arc_length_scale .................................. : 0






 MATERIAL DATA
===========================================================================
  1 - FractureNH (type: damage neo-Hookean)
	density ........................................... : 1
	E ................................................. : 1
	v ................................................. : 0.3
	a ................................................. : 0.005
	b ................................................. : 0.1


 BOUNDARY CONDITION DATA
===========================================================================
  1 -  Type: zero displacement
	x_dof ............................................. : no (0)
	y_dof ............................................. : no (0)
	z_dof ............................................. : yes (1)
---------------------------------------------------------------------------
  2 -  Type: zero displacement
	x_dof ............................................. : yes (1)
	y_dof ............................................. : no (0)
	z_dof ............................................. : no (0)
---------------------------------------------------------------------------
  3 -  Type: zero displacement
	x_dof ............................................. : no (0)
	y_dof ............................................. : yes (1)
	z_dof ............................................. : no (0)
---------------------------------------------------------------------------
  4 -  Type: prescribed displacement
	dof ............................................... : 2
	value ............................................. : 0.5
	relative .......................................... : no (0)


 LOAD CONTROLLER DATA
===========================================================================
load controller   1 - (noname) (type: loadcurve)
	interpolate ....................................... : LINEAR (0)
	extend ............................................ : CONSTANT (0)
	points ............................................ : (can't display value)


 OUTPUT DATA
===========================================================================
 LINEAR SOLVER DATA
===========================================================================
	Default linear solver ............................. : skyline


 *************************************************************************
 * Selecting linear solver skyline                                       *
 *************************************************************************

===== beginning time step 1 : 0.01 =====


Reforming stiffness matrix: reformation #1

===== reforming stiffness matrix:
	Nr of equations ........................... : 12
	Nr of nonzeroes in stiffness matrix ....... : 78
 1
 Nonlinear solution status: time= 0.01
	stiffness updates             = 0
	right hand side evaluations   = 2
	stiffness matrix reformations = 1
	step from line search         = 1.000000
	convergence norms :     INITIAL         CURRENT         REQUIRED
	   residual            4.160503e-06    1.304648e-11    4.160503e-09 
	   energy              8.653846e-06    1.532438e-08    8.653846e-08 
	   displacement        1.800000e-05    1.800000e-05    1.800000e-11 
 2
 Nonlinear solution status: time= 0.01
	stiffness updates             = 1
	right hand side evaluations   = 3
	stiffness matrix reformations = 1
	step from line search         = 1.000000
	convergence norms :     INITIAL         CURRENT         REQUIRED
	   residual            4.160503e-06    1.427347e-12    4.160503e-09 
	   energy              8.653846e-06    8.959965e-12    8.653846e-08 
	   displacement        1.800000e-05    5.624490e-11    1.793642e-11 
 3
 Nonlinear solution status: time= 0.01
	stiffness updates             = 2
	right hand side evaluations   = 4
	stiffness matrix reformations = 1
	step from line search         = 1.000000
	convergence norms :     INITIAL         CURRENT         REQUIRED
	   residual            4.160503e-06    2.055060e-23    4.160503e-09 
	   energy              8.653846e-06    1.680322e-17    8.653846e-08 
	   displacement        1.800000e-05    1.373917e-11    1.790504e-11 

convergence summary
    number of iterations   : 3
    number of reformations : 1

------- converged at time : 0.01


===== beginning time step 2 : 0.02 =====


Reforming stiffness matrix: reformation #1

 1
 Nonlinear solution status: time= 0.02
	stiffness updates             = 0
	right hand side evaluations   = 2
	stiffness matrix reformations = 1
	step from line search         = 1.000000
	convergence norms :     INITIAL         CURRENT         REQUIRED
	   residual            1.850306e-06    6.877488e-12    1.850306e-09 
	   energy              5.740656e-06    1.106763e-08    5.740656e-08 
	   displacement        1.781063e-05    1.781063e-05    1.781063e-11 
 2
 Nonlinear solution status: time= 0.02
	stiffness updates             = 1
	right hand side evaluations   = 3
	stiffness matrix reformations = 1
	step from line search         = 1.000000
	convergence norms :     INITIAL         CURRENT         REQUIRED
	   residual            1.850306e-06    4.947610e-13    1.850306e-09 
	   energy              5.740656e-06    5.712076e-12    5.740656e-08 
	   displacement        1.781063e-05    6.594662e-11    1.774216e-11 
 3
 Nonlinear solution status: time= 0.02
	stiffness updates             = 2
	right hand side evaluations   = 4
	stiffness matrix reformations = 1
	step from line search         = 1.000000
	convergence norms :     INITIAL         CURRENT         REQUIRED
	   residual            1.850306e-06    8.429195e-24    1.850306e-09 
	   energy              5.740656e-06    8.641488e-18    5.740656e-08 
	   displacement        1.781063e-05    8.859128e-12    1.771709e-11 

convergence summary
    number of iterations   : 3
    number of reformations : 1

------- converged at time : 0.02


===== beginning time step 3 : 0.03 =====


Reforming stiffness matrix: reformation #1

 1
 Nonlinear solution status: time= 0.03
	stiffness updates             = 0
	right hand side evaluations   = 2
	stiffness matrix reformations = 1
	step from line search         = 1.000000
	convergence norms :     INITIAL         CURRENT         REQUIRED
	   residual            9.842530e-07    4.203934e-12    9.842530e-10 
	   energy              4.164921e-06    8.607586e-09    4.164921e-08 
	   displacement        1.762410e-05    1.762410e-05    1.762410e-11 
 2
 Nonlinear solution status: time= 0.03
	stiffness updates             = 1
	right hand side evaluations   = 3
	stiffness matrix reformations = 1
	step from line search         = 1.000000
	convergence norms :     INITIAL         CURRENT         REQUIRED
	   residual            9.842530e-07    1.891953e-13    9.842530e-10 
	   energy              4.164921e-06    3.766054e-12    4.164921e-08 
	   displacement        1.762410e-05    7.496573e-11    1.755147e-11 
 3
 Nonlinear solution status: time= 0.03
	stiffness updates             = 2
	right hand side evaluations   = 4
	stiffness matrix reformations = 1
	step from line search         = 1.000000
	convergence norms :     INITIAL         CURRENT         REQUIRED
	   residual            9.842530e-07    3.341729e-24    9.842530e-10 
	   energy              4.164921e-06    4.261833e-18    4.164921e-08 
	   displacement        1.762410e-05    5.435277e-12    1.753195e-11 

convergence summary
    number of iterations   : 3
    number of reformations : 1

------- converged at time : 0.03


===== beginning time step 4 : 0.04 =====


Reforming stiffness matrix: reformation #1

 1
 Nonlinear solution status: time= 0.04
	stiffness updates             = 0
	right hand side evaluations   = 2
	stiffness matrix reformations = 1
	step from line search         = 1.000000
	convergence norms :     INITIAL         CURRENT         REQUIRED
	   residual            6.070704e-07    2.878366e-12    6.070704e-10 
	   energy              3.253845e-06    7.085172e-09    3.253845e-08 
	   displacement        1.744033e-05    1.744033e-05    1.744033e-11 
 2
 Nonlinear solution status: time= 0.04
	stiffness updates             = 1
	right hand side evaluations   = 3
	stiffness matrix reformations = 1
	step from line search         = 1.000000
	convergence norms :     INITIAL         CURRENT         REQUIRED
	   residual            6.070704e-07    7.960001e-14    6.070704e-10 
	   energy              3.253845e-06    2.560017e-12    3.253845e-08 
	   displacement        1.744033e-05    8.233273e-11    1.736463e-11 
 3
 Nonlinear solution status: time= 0.04
	stiffness updates             = 2
	right hand side evaluations   = 4
	stiffness matrix reformations = 1
	step from line search         = 1.000000
	convergence norms :     INITIAL         CURRENT         REQUIRED
	   residual            6.070704e-07    1.414356e-24    6.070704e-10 
	   energy              3.253845e-06    2.152472e-18    3.253845e-08 
	   displacement        1.744033e-05    3.275793e-12    1.734955e-11 

convergence summary
    number of iterations   : 3
    number of reformations : 1

------- converged at time : 0.04


===== beginning time step 5 : 0.05 =====


Reforming stiffness matrix: reformation #1

 1
 Nonlinear solution status: time= 0.05
	stiffness updates             = 0
	right hand side evaluations   = 2
	stiffness matrix reformations = 1
	step from line search         = 1.000000
	convergence norms :     INITIAL         CURRENT         REQUIRED
	   residual            4.193873e-07    2.141784e-12    4.193873e-10 
	   energy              2.690414e-06    6.079941e-09    2.690414e-08 
	   displacement        1.725929e-05    1.725929e-05    1.725929e-11 
 2
 Nonlinear solution status: time= 0.05
	stiffness updates             = 1
	right hand side evaluations   = 3
	stiffness matrix reformations = 1
	step from line search         = 1.000000
	convergence norms :     INITIAL         CURRENT         REQUIRED
	   residual            4.193873e-07    3.674871e-14    4.193873e-10 
	   energy              2.690414e-06    1.795694e-12    2.690414e-08 
	   displacement        1.725929e-05    8.774507e-11    1.718155e-11 
 3
 Nonlinear solution status: time= 0.05
	stiffness updates             = 2
	right hand side evaluations   = 4
	stiffness matrix reformations = 1
	step from line search         = 1.000000
	convergence norms :     INITIAL         CURRENT         REQUIRED
	   residual            4.193873e-07    6.498069e-25    4.193873e-10 
	   energy              2.690414e-06    1.138181e-18    2.690414e-08 
	   displacement        1.725929e-05    1.993600e-12    1.716984e-11 

convergence summary
    number of iterations   : 3
    number of reformations : 1

------- converged at time : 0.05


===== beginning time step 6 : 0.06 =====


Reforming stiffness matrix: reformation #1

 1
 Nonlinear solution status: time= 0.06
	stiffness updates             = 0
	right hand side evaluations   = 2
	stiffness matrix reformations = 1
	step from line search         = 1.000000
	convergence norms :     INITIAL         CURRENT         REQUIRED
	   residual            3.148553e-07    1.692395e-12    3.148553e-10 
	   energy              2.319055e-06    5.376584e-09    2.319055e-08 
	   displacement        1.708091e-05    1.708091e-05    1.708091e-11 
 2
 Nonlinear solution status: time= 0.06
	stiffness updates             = 1
	right hand side evaluations   = 3
	stiffness matrix reformations = 1
	step from line search         = 1.000000
	convergence norms :     INITIAL         CURRENT         REQUIRED
	   residual            3.148553e-07    1.850849e-14    3.148553e-10 
	   energy              2.319055e-06    1.300561e-12    2.319055e-08 
	   displacement        1.708091e-05    9.138825e-11    1.700199e-11 
 3
 Nonlinear solution status: time= 0.06
	stiffness updates             = 2
	right hand side evaluations   = 4
	stiffness matrix reformations = 1
	step from line search         = 1.000000
	convergence norms :     INITIAL         CURRENT         REQUIRED
	   residual            3.148553e-07    3.241343e-25    3.148553e-10 
	   energy              2.319055e-06    6.356438e-19    2.319055e-08 
	   displacement        1.708091e-05    1.246530e-12    1.699278e-11 

convergence summary
    number of iterations   : 3
    number of reformations : 1

------- converged at time : 0.06


===== beginning time step 7 : 0.07 =====


Reforming stiffness matrix: reformation #1

 1
 Nonlinear solution status: time= 0.07
	stiffness updates             = 0
	right hand side evaluations   = 2
	stiffness matrix reformations = 1
	step from line search         = 1.000000
	convergence norms :     INITIAL         CURRENT         REQUIRED
	   residual            2.510056e-07    1.396836e-12    2.510056e-10 
	   energy              2.059924e-06    4.859396e-09    2.059924e-08 
	   displacement        1.690515e-05    1.690515e-05    1.690515e-11 
 2
 Nonlinear solution status: time= 0.07
	stiffness updates             = 1
	right hand side evaluations   = 3
	stiffness matrix reformations = 1
	step from line search         = 1.000000
	convergence norms :     INITIAL         CURRENT         REQUIRED
	   residual            2.510056e-07    1.007766e-14    2.510056e-10 
	   energy              2.059924e-06    9.713978e-13    2.059924e-08 
	   displacement        1.690515e-05    9.363424e-11    1.682568e-11 
 3
 Nonlinear solution status: time= 0.07
	stiffness updates             = 2
	right hand side evaluations   = 4
	stiffness matrix reformations = 1
	step from line search         = 1.000000
	convergence norms :     INITIAL         CURRENT         REQUIRED
	   residual            2.510056e-07    1.744419e-25    2.510056e-10 
	   energy              2.059924e-06    3.751454e-19    2.059924e-08 
	   displacement        1.690515e-05    8.067679e-13    1.681831e-11 

convergence summary
    number of iterations   : 3
    number of reformations : 1

------- converged at time : 0.07


===== beginning time step 8 : 0.08 =====


Reforming stiffness matrix: reformation #1

 1
 Nonlinear solution status: time= 0.08
	stiffness updates             = 0
	right hand side evaluations   = 2
	stiffness matrix reformations = 1
	step from line search         = 1.000000
	convergence norms :     INITIAL         CURRENT         REQUIRED
	   residual            2.090036e-07    1.190463e-12    2.090036e-10 
	   energy              1.870038e-06    4.463046e-09    1.870038e-08 
	   displacement        1.673196e-05    1.673196e-05    1.673196e-11 
 2
 Nonlinear solution status: time= 0.08
	stiffness updates             = 1
	right hand side evaluations   = 3
	stiffness matrix reformations = 1
	step from line search         = 1.000000
	convergence norms :     INITIAL         CURRENT         REQUIRED
	   residual            2.090036e-07    5.869367e-15    2.090036e-10 
	   energy              1.870038e-06    7.461305e-13    1.870038e-08 
	   displacement        1.673196e-05    9.485023e-11    1.665238e-11 
 3
 Nonlinear solution status: time= 0.08
	stiffness updates             = 2
	right hand side evaluations   = 4
	stiffness matrix reformations = 1
	step from line search         = 1.000000
	convergence norms :     INITIAL         CURRENT         REQUIRED
	   residual            2.090036e-07    1.002817e-25    2.090036e-10 
	   energy              1.870038e-06    2.329087e-19    1.870038e-08 
	   displacement        1.673196e-05    5.409409e-13    1.664638e-11 

convergence summary
    number of iterations   : 3
    number of reformations : 1

------- converged at time : 0.08


===== beginning time step 9 : 0.09 =====


Reforming stiffness matrix: reformation #1

 1
 Nonlinear solution status: time= 0.09
	stiffness updates             = 0
	right hand side evaluations   = 2
	stiffness matrix reformations = 1
	step from line search         = 1.000000
	convergence norms :     INITIAL         CURRENT         REQUIRED
	   residual            1.796932e-07    1.039327e-12    1.796932e-10 
	   energy              1.725094e-06    4.148805e-09    1.725094e-08 
	   displacement        1.656128e-05    1.656128e-05    1.656128e-11 
 2
 Nonlinear solution status: time= 0.09
	stiffness updates             = 1
	right hand side evaluations   = 3
	stiffness matrix reformations = 1
	step from line search         = 1.000000
	convergence norms :     INITIAL         CURRENT         REQUIRED
	   residual            1.796932e-07    3.618447e-15    1.796932e-10 
	   energy              1.725094e-06    5.873204e-13    1.725094e-08 
	   displacement        1.656128e-05    9.532965e-11    1.648191e-11 
 3
 Nonlinear solution status: time= 0.09
	stiffness updates             = 2
	right hand side evaluations   = 4
	stiffness matrix reformations = 1
	step from line search         = 1.000000
	convergence norms :     INITIAL         CURRENT         REQUIRED
	   residual            1.796932e-07    6.100983e-26    1.796932e-10 
	   energy              1.725094e-06    1.512208e-19    1.725094e-08 
	   displacement        1.656128e-05    3.748203e-13    1.647694e-11 

convergence summary
    number of iterations   : 3
    number of reformations : 1

------- converged at time : 0.09


===== beginning time step 10 : 0.1 =====


Reforming stiffness matrix: reformation #1

 1
 Nonlinear solution status: time= 0.1
	stiffness updates             = 0
	right hand side evaluations   = 2
	stiffness matrix reformations = 1
	step from line search         = 1.000000
	convergence norms :     INITIAL         CURRENT         REQUIRED
	   residual            1.582544e-07    9.243276e-13    1.582544e-10 
	   energy              1.610676e-06    3.892631e-09    1.610676e-08 
	   displacement        1.639308e-05    1.639308e-05    1.639308e-11 
 2
 Nonlinear solution status: time= 0.1
	stiffness updates             = 1
	right hand side evaluations   = 3
	stiffness matrix reformations = 1
	step from line search         = 1.000000
	convergence norms :     INITIAL         CURRENT         REQUIRED
	   residual            1.582544e-07    2.339482e-15    1.582544e-10 
	   energy              1.610676e-06    4.721465e-13    1.610676e-08 
	   displacement        1.639308e-05    9.528706e-11    1.631413e-11 
 3
 Nonlinear solution status: time= 0.1
	stiffness updates             = 2
	right hand side evaluations   = 4
	stiffness matrix reformations = 1
	step from line search         = 1.000000
	convergence norms :     INITIAL         CURRENT         REQUIRED
	   residual            1.582544e-07    3.889519e-26    1.582544e-10 
	   energy              1.610676e-06    1.019834e-19    1.610676e-08 
	   displacement        1.639308e-05    2.674011e-13    1.630995e-11 

convergence summary
    number of iterations   : 3
    number of reformations : 1

------- converged at time : 0.1


===== beginning time step 11 : 0.11 =====


Reforming stiffness matrix: reformation #1

 1
 Nonlinear solution status: time= 0.11
	stiffness updates             = 0
	right hand side evaluations   = 2
	stiffness matrix reformations = 1
	step from line search         = 1.000000
	convergence norms :     INITIAL         CURRENT         REQUIRED
	   residual            1.419707e-07    8.340700e-13    1.419707e-10 
	   energy              1.517828e-06    3.678953e-09    1.517828e-08 
	   displacement        1.622729e-05    1.622729e-05    1.622729e-11 
 2
 Nonlinear solution status: time= 0.11
	stiffness updates             = 1
	right hand side evaluations   = 3
	stiffness matrix reformations = 1
	step from line search         = 1.000000
	convergence norms :     INITIAL         CURRENT         REQUIRED
	   residual            1.419707e-07    1.574014e-15    1.419707e-10 
	   energy              1.517828e-06    3.864361e-13    1.517828e-08 
	   displacement        1.622729e-05    9.487394e-11    1.614891e-11 
 3
 Nonlinear solution status: time= 0.11
	stiffness updates             = 2
	right hand side evaluations   = 4
	stiffness matrix reformations = 1
	step from line search         = 1.000000
	convergence norms :     INITIAL         CURRENT         REQUIRED
	   residual            1.419707e-07    2.580506e-26    1.419707e-10 
	   energy              1.517828e-06    7.105871e-20    1.517828e-08 
	   displacement        1.622729e-05    1.956725e-13    1.614536e-11 

convergence summary
    number of iterations   : 3
    number of reformations : 1

------- converged at time : 0.11


===== beginning time step 12 : 0.12 =====


Reforming stiffness matrix: reformation #1

 1
 Nonlinear solution status: time= 0.12
	stiffness updates             = 0
	right hand side evaluations   = 2
	stiffness matrix reformations = 1
	step from line search         = 1.000000
	convergence norms :     INITIAL         CURRENT         REQUIRED
	   residual            1.292188e-07    7.614037e-13    1.292188e-10 
	   energy              1.440748e-06    3.497299e-09    1.440748e-08 
	   displacement        1.606389e-05    1.606389e-05    1.606389e-11 
 2
 Nonlinear solution status: time= 0.12
	stiffness updates             = 1
	right hand side evaluations   = 3
	stiffness matrix reformations = 1
	step from line search         = 1.000000
	convergence norms :     INITIAL         CURRENT         REQUIRED
	   residual            1.292188e-07    1.095083e-15    1.292188e-10 
	   energy              1.440748e-06    3.211740e-13    1.440748e-08 
	   displacement        1.606389e-05    9.419633e-11    1.598618e-11 
 3
 Nonlinear solution status: time= 0.12
	stiffness updates             = 2
	right hand side evaluations   = 4
	stiffness matrix reformations = 1
	step from line search         = 1.000000
	convergence norms :     INITIAL         CURRENT         REQUIRED
	   residual            1.292188e-07    1.769961e-26    1.292188e-10 
	   energy              1.440748e-06    5.089856e-20    1.440748e-08 
	   displacement        1.606389e-05    1.463684e-13    1.598312e-11 

convergence summary
    number of iterations   : 3
    number of reformations : 1

------- converged at time : 0.12


===== beginning time step 13 : 0.13 =====


Reforming stiffness matrix: reformation #1

 1
 Nonlinear solution status: time= 0.13
	stiffness updates             = 0
	right hand side evaluations   = 2
	stiffness matrix reformations = 1
	step from line search         = 1.000000
	convergence norms :     INITIAL         CURRENT         REQUIRED
	   residual            1.189789e-07    7.016474e-13    1.189789e-10 
	   energy              1.375536e-06    3.340384e-09    1.375536e-08 
	   displacement        1.590281e-05    1.590281e-05    1.590281e-11 
 2
 Nonlinear solution status: time= 0.13
	stiffness updates             = 1
	right hand side evaluations   = 3
	stiffness matrix reformations = 1
	step from line search         = 1.000000
	convergence norms :     INITIAL         CURRENT         REQUIRED
	   residual            1.189789e-07    7.838510e-16    1.189789e-10 
	   energy              1.375536e-06    2.704736e-13    1.375536e-08 
	   displacement        1.590281e-05    9.332890e-11    1.582585e-11 
 3
 Nonlinear solution status: time= 0.13
	stiffness updates             = 2
	right hand side evaluations   = 4
	stiffness matrix reformations = 1
	step from line search         = 1.000000
	convergence norms :     INITIAL         CURRENT         REQUIRED
	   residual            1.189789e-07    1.248792e-26    1.189789e-10 
	   energy              1.375536e-06    3.733141e-20    1.375536e-08 
	   displacement        1.590281e-05    1.115986e-13    1.582320e-11 

convergence summary
    number of iterations   : 3
    number of reformations : 1

------- converged at time : 0.13


===== beginning time step 14 : 0.14 =====


Reforming stiffness matrix: reformation #1

 1
 Nonlinear solution status: time= 0.14
	stiffness updates             = 0
	right hand side evaluations   = 2
	stiffness matrix reformations = 1
	step from line search         = 1.000000
	convergence norms :     INITIAL         CURRENT         REQUIRED
	   residual            1.105827e-07    6.516221e-13    1.105827e-10 
	   energy              1.319476e-06    3.202992e-09    1.319476e-08 
	   displacement        1.574403e-05    1.574403e-05    1.574403e-11 
 2
 Nonlinear solution status: time= 0.14
	stiffness updates             = 1
	right hand side evaluations   = 3
	stiffness matrix reformations = 1
	step from line search         = 1.000000
	convergence norms :     INITIAL         CURRENT         REQUIRED
	   residual            1.105827e-07    5.749132e-16    1.105827e-10 
	   energy              1.319476e-06    2.303883e-13    1.319476e-08 
	   displacement        1.574403e-05    9.232486e-11    1.566787e-11 
 3
 Nonlinear solution status: time= 0.14
	stiffness updates             = 2
	right hand side evaluations   = 4
	stiffness matrix reformations = 1
	step from line search         = 1.000000
	convergence norms :     INITIAL         CURRENT         REQUIRED
	   residual            1.105827e-07    9.032438e-27    1.105827e-10 
	   energy              1.319476e-06    2.795506e-20    1.319476e-08 
	   displacement        1.574403e-05    8.651988e-14    1.566554e-11 

convergence summary
    number of iterations   : 3
    number of reformations : 1

------- converged at time : 0.14


===== beginning time step 15 : 0.15 =====


Reforming stiffness matrix: reformation #1

 1
 Nonlinear solution status: time= 0.15
	stiffness updates             = 0
	right hand side evaluations   = 2
	stiffness matrix reformations = 1
	step from line search         = 1.000000
	convergence norms :     INITIAL         CURRENT         REQUIRED
	   residual            1.035759e-07    6.091011e-13    1.035759e-10 
	   energy              1.270625e-06    3.081291e-09    1.270625e-08 
	   displacement        1.558749e-05    1.558749e-05    1.558749e-11 
 2
 Nonlinear solution status: time= 0.15
	stiffness updates             = 1
	right hand side evaluations   = 3
	stiffness matrix reformations = 1
	step from line search         = 1.000000
	convergence norms :     INITIAL         CURRENT         REQUIRED
	   residual            1.035759e-07    4.306532e-16    1.035759e-10 
	   energy              1.270625e-06    1.982053e-13    1.270625e-08 
	   displacement        1.558749e-05    9.122267e-11    1.551216e-11 
 3
 Nonlinear solution status: time= 0.15
	stiffness updates             = 2
	right hand side evaluations   = 4
	stiffness matrix reformations = 1
	step from line search         = 1.000000
	convergence norms :     INITIAL         CURRENT         REQUIRED
	   residual            1.035759e-07    6.673506e-27    1.035759e-10 
	   energy              1.270625e-06    2.131335e-20    1.270625e-08 
	   displacement        1.558749e-05    6.806902e-14    1.551011e-11 

convergence summary
    number of iterations   : 3
    number of reformations : 1

------- converged at time : 0.15


===== beginning time step 16 : 0.16 =====


Reforming stiffness matrix: reformation #1

 1
 Nonlinear solution status: time= 0.16
	stiffness updates             = 0
	right hand side evaluations   = 2
	stiffness matrix reformations = 1
	step from line search         = 1.000000
	convergence norms :     INITIAL         CURRENT         REQUIRED
	   residual            9.764035e-08    5.724818e-13    9.764035e-11 
	   energy              1.227558e-06    2.972406e-09    1.227558e-08 
	   displacement        1.543315e-05    1.543315e-05    1.543315e-11 
 2
 Nonlinear solution status: time= 0.16
	stiffness updates             = 1
	right hand side evaluations   = 3
	stiffness matrix reformations = 1
	step from line search         = 1.000000
	convergence norms :     INITIAL         CURRENT         REQUIRED
	   residual            9.764035e-08    3.285861e-16    9.764035e-11 
	   energy              1.227558e-06    1.720156e-13    1.227558e-08 
	   displacement        1.543315e-05    9.005055e-11    1.535868e-11 
 3
 Nonlinear solution status: time= 0.16
	stiffness updates             = 2
	right hand side evaluations   = 4
	stiffness matrix reformations = 1
	step from line search         = 1.000000
	convergence norms :     INITIAL         CURRENT         REQUIRED
	   residual            9.764035e-08    5.015197e-27    9.764035e-11 
	   energy              1.227558e-06    1.649538e-20    1.227558e-08 
	   displacement        1.543315e-05    5.425460e-14    1.535686e-11 

convergence summary
    number of iterations   : 3
    number of reformations : 1

------- converged at time : 0.16


===== beginning time step 17 : 0.17 =====


Reforming stiffness matrix: reformation #1

 1
 Nonlinear solution status: time= 0.17
	stiffness updates             = 0
	right hand side evaluations   = 2
	stiffness matrix reformations = 1
	step from line search         = 1.000000
	convergence norms :     INITIAL         CURRENT         REQUIRED
	   residual            9.254661e-08    5.405837e-13    9.254661e-11 
	   energy              1.189203e-06    2.874135e-09    1.189203e-08 
	   displacement        1.528098e-05    1.528098e-05    1.528098e-11 
 2
 Nonlinear solution status: time= 0.17
	stiffness updates             = 1
	right hand side evaluations   = 3
	stiffness matrix reformations = 1
	step from line search         = 1.000000
	convergence norms :     INITIAL         CURRENT         REQUIRED
	   residual            9.254661e-08    2.548074e-16    9.254661e-11 
	   energy              1.189203e-06    1.504473e-13    1.189203e-08 
	   displacement        1.528098e-05    8.882946e-11    1.520739e-11 
 3
 Nonlinear solution status: time= 0.17
	stiffness updates             = 2
	right hand side evaluations   = 4
	stiffness matrix reformations = 1
	step from line search         = 1.000000
	convergence norms :     INITIAL         CURRENT         REQUIRED
	   residual            9.254661e-08    3.835428e-27    9.254661e-11 
	   energy              1.189203e-06    1.295367e-20    1.189203e-08 
	   displacement        1.528098e-05    4.374934e-14    1.520576e-11 

convergence summary
    number of iterations   : 3
    number of reformations : 1

------- converged at time : 0.17


===== beginning time step 18 : 0.18 =====


Reforming stiffness matrix: reformation #1

 1
 Nonlinear solution status: time= 0.18
	stiffness updates             = 0
	right hand side evaluations   = 2
	stiffness matrix reformations = 1
	step from line search         = 1.000000
	convergence norms :     INITIAL         CURRENT         REQUIRED
	   residual            8.812578e-08    5.125195e-13    8.812578e-11 
	   energy              1.154741e-06    2.784763e-09    1.154741e-08 
	   displacement        1.513094e-05    1.513094e-05    1.513094e-11 
 2
 Nonlinear solution status: time= 0.18
	stiffness updates             = 1
	right hand side evaluations   = 3
	stiffness matrix reformations = 1
	step from line search         = 1.000000
	convergence norms :     INITIAL         CURRENT         REQUIRED
	   residual            8.812578e-08    2.004575e-16    8.812578e-11 
	   energy              1.154741e-06    1.324957e-13    1.154741e-08 
	   displacement        1.513094e-05    8.757522e-11    1.505822e-11 
 3
 Nonlinear solution status: time= 0.18
	stiffness updates             = 2
	right hand side evaluations   = 4
	stiffness matrix reformations = 1
	step from line search         = 1.000000
	convergence norms :     INITIAL         CURRENT         REQUIRED
	   residual            8.812578e-08    2.977301e-27    8.812578e-11 
	   energy              1.154741e-06    1.030227e-20    1.154741e-08 
	   displacement        1.513094e-05    3.564865e-14    1.505676e-11 

convergence summary
    number of iterations   : 3
    number of reformations : 1

------- converged at time : 0.18


===== beginning time step 19 : 0.19 =====


Reforming stiffness matrix: reformation #1

 1
 Nonlinear solution status: time= 0.19
	stiffness updates             = 0
	right hand side evaluations   = 2
	stiffness matrix reformations = 1
	step from line search         = 1.000000
	convergence norms :     INITIAL         CURRENT         REQUIRED
	   residual            8.425080e-08    4.876102e-13    8.425080e-11 
	   energy              1.123534e-06    2.702934e-09    1.123534e-08 
	   displacement        1.498298e-05    1.498298e-05    1.498298e-11 
 2
 Nonlinear solution status: time= 0.19
	stiffness updates             = 1
	right hand side evaluations   = 3
	stiffness matrix reformations = 1
	step from line search         = 1.000000
	convergence norms :     INITIAL         CURRENT         REQUIRED
	   residual            8.425080e-08    1.597400e-16    8.425080e-11 
	   energy              1.123534e-06    1.174118e-13    1.123534e-08 
	   displacement        1.498298e-05    8.629982e-11    1.491115e-11 
 3
 Nonlinear solution status: time= 0.19
	stiffness updates             = 2
	right hand side evaluations   = 4
	stiffness matrix reformations = 1
	step from line search         = 1.000000
	convergence norms :     INITIAL         CURRENT         REQUIRED
	   residual            8.425080e-08    2.340354e-27    8.425080e-11 
	   energy              1.123534e-06    8.284166e-21    1.123534e-08 
	   displacement        1.498298e-05    2.932351e-14    1.490983e-11 

convergence summary
    number of iterations   : 3
    number of reformations : 1

------- converged at time : 0.19


===== beginning time step 20 : 0.2 =====


Reforming stiffness matrix: reformation #1

 1
 Nonlinear solution status: time= 0.2
	stiffness updates             = 0
	right hand side evaluations   = 2
	stiffness matrix reformations = 1
	step from line search         = 1.000000
	convergence norms :     INITIAL         CURRENT         REQUIRED
	   residual            8.082441e-08    4.653275e-13    8.082441e-11 
	   energy              1.095079e-06    2.627565e-09    1.095079e-08 
	   displacement        1.483707e-05    1.483707e-05    1.483707e-11 
 2
 Nonlinear solution status: time= 0.2
	stiffness updates             = 1
	right hand side evaluations   = 3
	stiffness matrix reformations = 1
	step from line search         = 1.000000
	convergence norms :     INITIAL         CURRENT         REQUIRED
	   residual            8.082441e-08    1.287720e-16    8.082441e-11 
	   energy              1.095079e-06    1.046290e-13    1.095079e-08 
	   displacement        1.483707e-05    8.501250e-11    1.476613e-11 
 3
 Nonlinear solution status: time= 0.2
	stiffness updates             = 2
	right hand side evaluations   = 4
	stiffness matrix reformations = 1
	step from line search         = 1.000000
	convergence norms :     INITIAL         CURRENT         REQUIRED
	   residual            8.082441e-08    1.859795e-27    8.082441e-11 
	   energy              1.095079e-06    6.726524e-21    1.095079e-08 
	   displacement        1.483707e-05    2.432856e-14    1.476493e-11 

convergence summary
    number of iterations   : 3
    number of reformations : 1

------- converged at time : 0.2


===== beginning time step 21 : 0.21 =====


Reforming stiffness matrix: reformation #1

 1
 Nonlinear solution status: time= 0.21
	stiffness updates             = 0
	right hand side evaluations   = 2
	stiffness matrix reformations = 1
	step from line search         = 1.000000
	convergence norms :     INITIAL         CURRENT         REQUIRED
	   residual            7.777095e-08    4.452550e-13    7.777095e-11 
	   energy              1.068972e-06    2.557774e-09    1.068972e-08 
	   displacement        1.469318e-05    1.469318e-05    1.469318e-11 
 2
 Nonlinear solution status: time= 0.21
	stiffness updates             = 1
	right hand side evaluations   = 3
	stiffness matrix reformations = 1
	step from line search         = 1.000000
	convergence norms :     INITIAL         CURRENT         REQUIRED
	   residual            7.777095e-08    1.048969e-16    7.777095e-11 
	   energy              1.068972e-06    9.371239e-14    1.068972e-08 
	   displacement        1.469318e-05    8.372039e-11    1.462311e-11 
 3
 Nonlinear solution status: time= 0.21
	stiffness updates             = 2
	right hand side evaluations   = 4
	stiffness matrix reformations = 1
	step from line search         = 1.000000
	convergence norms :     INITIAL         CURRENT         REQUIRED
	   residual            7.777095e-08    1.492881e-27    7.777095e-11 
	   energy              1.068972e-06    5.510904e-21    1.068972e-08 
	   displacement        1.469318e-05    2.034326e-14    1.462202e-11 

convergence summary
    number of iterations   : 3
    number of reformations : 1

------- converged at time : 0.21


===== beginning time step 22 : 0.22 =====


Reforming stiffness matrix: reformation #1

 1
 Nonlinear solution status: time= 0.22
	stiffness updates             = 0
	right hand side evaluations   = 2
	stiffness matrix reformations = 1
	step from line search         = 1.000000
	convergence norms :     INITIAL         CURRENT         REQUIRED
	   residual            7.503076e-08    4.270601e-13    7.503076e-11 
	   energy              1.044888e-06    2.492842e-09    1.044888e-08 
	   displacement        1.455125e-05    1.455125e-05    1.455125e-11 
 2
 Nonlinear solution status: time= 0.22
	stiffness updates             = 1
	right hand side evaluations   = 3
	stiffness matrix reformations = 1
	step from line search         = 1.000000
	convergence norms :     INITIAL         CURRENT         REQUIRED
	   residual            7.503076e-08    8.626245e-17    7.503076e-11 
	   energy              1.044888e-06    8.432396e-14    1.044888e-08 
	   displacement        1.455125e-05    8.242904e-11    1.448207e-11 
 3
 Nonlinear solution status: time= 0.22
	stiffness updates             = 2
	right hand side evaluations   = 4
	stiffness matrix reformations = 1
	step from line search         = 1.000000
	convergence norms :     INITIAL         CURRENT         REQUIRED
	   residual            7.503076e-08    1.211765e-27    7.503076e-11 
	   energy              1.044888e-06    4.556510e-21    1.044888e-08 
	   displacement        1.455125e-05    1.713351e-14    1.448107e-11 

convergence summary
    number of iterations   : 3
    number of reformations : 1

------- converged at time : 0.22


===== beginning time step 23 : 0.23 =====


Reforming stiffness matrix: reformation #1

 1
 Nonlinear solution status: time= 0.23
	stiffness updates             = 0
	right hand side evaluations   = 2
	stiffness matrix reformations = 1
	step from line search         = 1.000000
	convergence norms :     INITIAL         CURRENT         REQUIRED
	   residual            7.255618e-08    4.104739e-13    7.255618e-11 
	   energy              1.022559e-06    2.432170e-09    1.022559e-08 
	   displacement        1.441127e-05    1.441127e-05    1.441127e-11 
 2
 Nonlinear solution status: time= 0.23
	stiffness updates             = 1
	right hand side evaluations   = 3
	stiffness matrix reformations = 1
	step from line search         = 1.000000
	convergence norms :     INITIAL         CURRENT         REQUIRED
	   residual            7.255618e-08    7.155460e-17    7.255618e-11 
	   energy              1.022559e-06    7.619802e-14    1.022559e-08 
	   displacement        1.441127e-05    8.114277e-11    1.434296e-11 
 3
 Nonlinear solution status: time= 0.23
	stiffness updates             = 2
	right hand side evaluations   = 4
	stiffness matrix reformations = 1
	step from line search         = 1.000000
	convergence norms :     INITIAL         CURRENT         REQUIRED
	   residual            7.255618e-08    9.913785e-28    7.255618e-11 
	   energy              1.022559e-06    3.794835e-21    1.022559e-08 
	   displacement        1.441127e-05    1.452601e-14    1.434205e-11 

convergence summary
    number of iterations   : 3
    number of reformations : 1

------- converged at time : 0.23


===== beginning time step 24 : 0.24 =====


Reforming stiffness matrix: reformation #1

 1
 Nonlinear solution status: time= 0.24
	stiffness updates             = 0
	right hand side evaluations   = 2
	stiffness matrix reformations = 1
	step from line search         = 1.000000
	convergence norms :     INITIAL         CURRENT         REQUIRED
	   residual            7.030870e-08    3.952768e-13    7.030870e-11 
	   energy              1.001763e-06    2.375260e-09    1.001763e-08 
	   displacement        1.427319e-05    1.427319e-05    1.427319e-11 
 2
 Nonlinear solution status: time= 0.24
	stiffness updates             = 1
	right hand side evaluations   = 3
	stiffness matrix reformations = 1
	step from line search         = 1.000000
	convergence norms :     INITIAL         CURRENT         REQUIRED
	   residual            7.030870e-08    5.982668e-17    7.030870e-11 
	   energy              1.001763e-06    6.912348e-14    1.001763e-08 
	   displacement        1.427319e-05    7.986496e-11    1.420575e-11 
 3
 Nonlinear solution status: time= 0.24
	stiffness updates             = 2
	right hand side evaluations   = 4
	stiffness matrix reformations = 1
	step from line search         = 1.000000
	convergence norms :     INITIAL         CURRENT         REQUIRED
	   residual            7.030870e-08    8.177908e-28    7.030870e-11 
	   energy              1.001763e-06    3.183260e-21    1.001763e-08 
	   displacement        1.427319e-05    1.239088e-14    1.420491e-11 

convergence summary
    number of iterations   : 3
    number of reformations : 1

------- converged at time : 0.24


===== beginning time step 25 : 0.25 =====


Reforming stiffness matrix: reformation #1

 1
 Nonlinear solution status: time= 0.25
	stiffness updates             = 0
	right hand side evaluations   = 2
	stiffness matrix reformations = 1
	step from line search         = 1.000000
	convergence norms :     INITIAL         CURRENT         REQUIRED
	   residual            6.825688e-08    3.812880e-13    6.825688e-11 
	   energy              9.823169e-07    2.321694e-09    9.823169e-09 
	   displacement        1.413699e-05    1.413699e-05    1.413699e-11 
 2
 Nonlinear solution status: time= 0.25
	stiffness updates             = 1
	right hand side evaluations   = 3
	stiffness matrix reformations = 1
	step from line search         = 1.000000
	convergence norms :     INITIAL         CURRENT         REQUIRED
	   residual            6.825688e-08    5.038681e-17    6.825688e-11 
	   energy              9.823169e-07    6.293105e-14    9.823169e-09 
	   displacement        1.413699e-05    7.859828e-11    1.407040e-11 
 3
 Nonlinear solution status: time= 0.25
	stiffness updates             = 2
	right hand side evaluations   = 4
	stiffness matrix reformations = 1
	step from line search         = 1.000000
	convergence norms :     INITIAL         CURRENT         REQUIRED
	   residual            6.825688e-08    6.797551e-28    6.825688e-11 
	   energy              9.823169e-07    2.688042e-21    9.823169e-09 
	   displacement        1.413699e-05    1.062967e-14    1.406962e-11 

convergence summary
    number of iterations   : 3
    number of reformations : 1

------- converged at time : 0.25


===== beginning time step 26 : 0.26 =====


Reforming stiffness matrix: reformation #1

 1
 Nonlinear solution status: time= 0.26
	stiffness updates             = 0
	right hand side evaluations   = 2
	stiffness matrix reformations = 1
	step from line search         = 1.000000
	convergence norms :     INITIAL         CURRENT         REQUIRED
	   residual            6.637481e-08    3.683570e-13    6.637481e-11 
	   energy              9.640649e-07    2.271115e-09    9.640649e-09 
	   displacement        1.400262e-05    1.400262e-05    1.400262e-11 
 2
 Nonlinear solution status: time= 0.26
	stiffness updates             = 1
	right hand side evaluations   = 3
	stiffness matrix reformations = 1
	step from line search         = 1.000000
	convergence norms :     INITIAL         CURRENT         REQUIRED
	   residual            6.637481e-08    4.272271e-17    6.637481e-11 
	   energy              9.640649e-07    5.748373e-14    9.640649e-09 
	   displacement        1.400262e-05    7.734480e-11    1.393688e-11 
 3
 Nonlinear solution status: time= 0.26
	stiffness updates             = 2
	right hand side evaluations   = 4
	stiffness matrix reformations = 1
	step from line search         = 1.000000
	convergence norms :     INITIAL         CURRENT         REQUIRED
	   residual            6.637481e-08    5.685823e-28    6.637481e-11 
	   energy              9.640649e-07    2.283019e-21    9.640649e-09 
	   displacement        1.400262e-05    9.166973e-15    1.393616e-11 

convergence summary
    number of iterations   : 3
    number of reformations : 1

------- converged at time : 0.26


===== beginning time step 27 : 0.27 =====


Reforming stiffness matrix: reformation #1

 1
 Nonlinear solution status: time= 0.27
	stiffness updates             = 0
	right hand side evaluations   = 2
	stiffness matrix reformations = 1
	step from line search         = 1.000000
	convergence norms :     INITIAL         CURRENT         REQUIRED
	   residual            6.464097e-08    3.563578e-13    6.464097e-11 
	   energy              9.468759e-07    2.223219e-09    9.468759e-09 
	   displacement        1.387006e-05    1.387006e-05    1.387006e-11 
 2
 Nonlinear solution status: time= 0.27
	stiffness updates             = 1
	right hand side evaluations   = 3
	stiffness matrix reformations = 1
	step from line search         = 1.000000
	convergence norms :     INITIAL         CURRENT         REQUIRED
	   residual            6.464097e-08    3.645050e-17    6.464097e-11 
	   energy              9.468759e-07    5.266978e-14    9.468759e-09 
	   displacement        1.387006e-05    7.610612e-11    1.380515e-11 
 3
 Nonlinear solution status: time= 0.27
	stiffness updates             = 2
	right hand side evaluations   = 4
	stiffness matrix reformations = 1
	step from line search         = 1.000000
	convergence norms :     INITIAL         CURRENT         REQUIRED
	   residual            6.464097e-08    4.773700e-28    6.464097e-11 
	   energy              9.468759e-07    1.947424e-21    9.468759e-09 
	   displacement        1.387006e-05    7.944492e-15    1.380449e-11 

convergence summary
    number of iterations   : 3
    number of reformations : 1

------- converged at time : 0.27


===== beginning time step 28 : 0.28 =====


Reforming stiffness matrix: reformation #1

 1
 Nonlinear solution status: time= 0.28
	stiffness updates             = 0
	right hand side evaluations   = 2
	stiffness matrix reformations = 1
	step from line search         = 1.000000
	convergence norms :     INITIAL         CURRENT         REQUIRED
	   residual            6.303732e-08    3.451838e-13    6.303732e-11 
	   energy              9.306378e-07    2.177745e-09    9.306378e-09 
	   displacement        1.373927e-05    1.373927e-05    1.373927e-11 
 2
 Nonlinear solution status: time= 0.28
	stiffness updates             = 1
	right hand side evaluations   = 3
	stiffness matrix reformations = 1
	step from line search         = 1.000000
	convergence norms :     INITIAL         CURRENT         REQUIRED
	   residual            6.303732e-08    3.127929e-17    6.303732e-11 
	   energy              9.306378e-07    4.839734e-14    9.306378e-09 
	   displacement        1.373927e-05    7.488349e-11    1.367519e-11 
 3
 Nonlinear solution status: time= 0.28
	stiffness updates             = 2
	right hand side evaluations   = 4
	stiffness matrix reformations = 1
	step from line search         = 1.000000
	convergence norms :     INITIAL         CURRENT         REQUIRED
	   residual            6.303732e-08    4.049817e-28    6.303732e-11 
	   energy              9.306378e-07    1.673663e-21    9.306378e-09 
	   displacement        1.373927e-05    6.916725e-15    1.367458e-11 

convergence summary
    number of iterations   : 3
    number of reformations : 1

------- converged at time : 0.28


===== beginning time step 29 : 0.29 =====


Reforming stiffness matrix: reformation #1

 1
 Nonlinear solution status: time= 0.29
	stiffness updates             = 0
	right hand side evaluations   = 2
	stiffness matrix reformations = 1
	step from line search         = 1.000000
	convergence norms :     INITIAL         CURRENT         REQUIRED
	   residual            6.154865e-08    3.347446e-13    6.154865e-11 
	   energy              9.152546e-07    2.134467e-09    9.152546e-09 
	   displacement        1.361022e-05    1.361022e-05    1.361022e-11 
 2
 Nonlinear solution status: time= 0.29
	stiffness updates             = 1
	right hand side evaluations   = 3
	stiffness matrix reformations = 1
	step from line search         = 1.000000
	convergence norms :     INITIAL         CURRENT         REQUIRED
	   residual            6.154865e-08    2.698644e-17    6.154865e-11 
	   energy              9.152546e-07    4.459040e-14    9.152546e-09 
	   displacement        1.361022e-05    7.367787e-11    1.354696e-11 
 3
 Nonlinear solution status: time= 0.29
	stiffness updates             = 2
	right hand side evaluations   = 4
	stiffness matrix reformations = 1
	step from line search         = 1.000000
	convergence norms :     INITIAL         CURRENT         REQUIRED
	   residual            6.154865e-08    3.441193e-28    6.154865e-11 
	   energy              9.152546e-07    1.442634e-21    9.152546e-09 
	   displacement        1.361022e-05    6.047880e-15    1.354639e-11 

convergence summary
    number of iterations   : 3
    number of reformations : 1

------- converged at time : 0.29


===== beginning time step 30 : 0.3 =====


Reforming stiffness matrix: reformation #1

 1
 Nonlinear solution status: time= 0.3
	stiffness updates             = 0
	right hand side evaluations   = 2
	stiffness matrix reformations = 1
	step from line search         = 1.000000
	convergence norms :     INITIAL         CURRENT         REQUIRED
	   residual            6.016202e-08    3.249627e-13    6.016202e-11 
	   energy              9.006432e-07    2.093188e-09    9.006432e-09 
	   displacement        1.348289e-05    1.348289e-05    1.348289e-11 
 2
 Nonlinear solution status: time= 0.3
	stiffness updates             = 1
	right hand side evaluations   = 3
	stiffness matrix reformations = 1
	step from line search         = 1.000000
	convergence norms :     INITIAL         CURRENT         REQUIRED
	   residual            6.016202e-08    2.339986e-17    6.016202e-11 
	   energy              9.006432e-07    4.118562e-14    9.006432e-09 
	   displacement        1.348289e-05    7.248996e-11    1.342044e-11 
 3
 Nonlinear solution status: time= 0.3
	stiffness updates             = 2
	right hand side evaluations   = 4
	stiffness matrix reformations = 1
	step from line search         = 1.000000
	convergence norms :     INITIAL         CURRENT         REQUIRED
	   residual            6.016202e-08    2.945782e-28    6.016202e-11 
	   energy              9.006432e-07    1.250634e-21    9.006432e-09 
	   displacement        1.348289e-05    5.309574e-15    1.341991e-11 

convergence summary
    number of iterations   : 3
    number of reformations : 1

------- converged at time : 0.3


===== beginning time step 31 : 0.31 =====


Reforming stiffness matrix: reformation #1

 1
 Nonlinear solution status: time= 0.31
	stiffness updates             = 0
	right hand side evaluations   = 2
	stiffness matrix reformations = 1
	step from line search         = 1.000000
	convergence norms :     INITIAL         CURRENT         REQUIRED
	   residual            5.886639e-08    3.157716e-13    5.886639e-11 
	   energy              8.867316e-07    2.053738e-09    8.867316e-09 
	   displacement        1.335725e-05    1.335725e-05    1.335725e-11 
 2
 Nonlinear solution status: time= 0.31
	stiffness updates             = 1
	right hand side evaluations   = 3
	stiffness matrix reformations = 1
	step from line search         = 1.000000
	convergence norms :     INITIAL         CURRENT         REQUIRED
	   residual            5.886639e-08    2.038538e-17    5.886639e-11 
	   energy              8.867316e-07    3.812993e-14    8.867316e-09 
	   displacement        1.335725e-05    7.132029e-11    1.329559e-11 
 3
 Nonlinear solution status: time= 0.31
	stiffness updates             = 2
	right hand side evaluations   = 4
	stiffness matrix reformations = 1
	step from line search         = 1.000000
	convergence norms :     INITIAL         CURRENT         REQUIRED
	   residual            5.886639e-08    2.534968e-28    5.886639e-11 
	   energy              8.867316e-07    1.089104e-21    8.867316e-09 
	   displacement        1.335725e-05    4.679140e-15    1.329509e-11 

convergence summary
    number of iterations   : 3
    number of reformations : 1

------- converged at time : 0.31


===== beginning time step 32 : 0.32 =====


Reforming stiffness matrix: reformation #1

 1
 Nonlinear solution status: time= 0.32
	stiffness updates             = 0
	right hand side evaluations   = 2
	stiffness matrix reformations = 1
	step from line search         = 1.000000
	convergence norms :     INITIAL         CURRENT         REQUIRED
	   residual            5.765226e-08    3.071134e-13    5.765226e-11 
	   energy              8.734568e-07    2.015964e-09    8.734568e-09 
	   displacement        1.323325e-05    1.323325e-05    1.323325e-11 
 2
 Nonlinear solution status: time= 0.32
	stiffness updates             = 1
	right hand side evaluations   = 3
	stiffness matrix reformations = 1
	step from line search         = 1.000000
	convergence norms :     INITIAL         CURRENT         REQUIRED
	   residual            5.765226e-08    1.783752e-17    5.765226e-11 
	   energy              8.734568e-07    3.537860e-14    8.734568e-09 
	   displacement        1.323325e-05    7.016923e-11    1.317238e-11 
 3
 Nonlinear solution status: time= 0.32
	stiffness updates             = 2
	right hand side evaluations   = 4
	stiffness matrix reformations = 1
	step from line search         = 1.000000
	convergence norms :     INITIAL         CURRENT         REQUIRED
	   residual            5.765226e-08    2.186204e-28    5.765226e-11 
	   energy              8.734568e-07    9.511720e-22    8.734568e-09 
	   displacement        1.323325e-05    4.138352e-15    1.317191e-11 

convergence summary
    number of iterations   : 3
    number of reformations : 1

------- converged at time : 0.32


===== beginning time step 33 : 0.33 =====


Reforming stiffness matrix: reformation #1

 1
 Nonlinear solution status: time= 0.33
	stiffness updates             = 0
	right hand side evaluations   = 2
	stiffness matrix reformations = 1
	step from line search         = 1.000000
	convergence norms :     INITIAL         CURRENT         REQUIRED
	   residual            5.651141e-08    2.989382e-13    5.651141e-11 
	   energy              8.607640e-07    1.979734e-09    8.607640e-09 
	   displacement        1.311089e-05    1.311089e-05    1.311089e-11 
 2
 Nonlinear solution status: time= 0.33
	stiffness updates             = 1
	right hand side evaluations   = 3
	stiffness matrix reformations = 1
	step from line search         = 1.000000
	convergence norms :     INITIAL         CURRENT         REQUIRED
	   residual            5.651141e-08    1.567271e-17    5.651141e-11 
	   energy              8.607640e-07    3.289372e-14    8.607640e-09 
	   displacement        1.311089e-05    6.903700e-11    1.305078e-11 
 3
 Nonlinear solution status: time= 0.33
	stiffness updates             = 2
	right hand side evaluations   = 4
	stiffness matrix reformations = 1
	step from line search         = 1.000000
	convergence norms :     INITIAL         CURRENT         REQUIRED
	   residual            5.651141e-08    1.896785e-28    5.651141e-11 
	   energy              8.607640e-07    8.346171e-22    8.607640e-09 
	   displacement        1.311089e-05    3.672457e-15    1.305035e-11 

convergence summary
    number of iterations   : 3
    number of reformations : 1

------- converged at time : 0.33


===== beginning time step 34 : 0.34 =====


Reforming stiffness matrix: reformation #1

 1
 Nonlinear solution status: time= 0.34
	stiffness updates             = 0
	right hand side evaluations   = 2
	stiffness matrix reformations = 1
	step from line search         = 1.000000
	convergence norms :     INITIAL         CURRENT         REQUIRED
	   residual            5.543671e-08    2.912021e-13    5.543671e-11 
	   energy              8.486043e-07    1.944929e-09    8.486043e-09 
	   displacement        1.299012e-05    1.299012e-05    1.299012e-11 
 2
 Nonlinear solution status: time= 0.34
	stiffness updates             = 1
	right hand side evaluations   = 3
	stiffness matrix reformations = 1
	step from line search         = 1.000000
	convergence norms :     INITIAL         CURRENT         REQUIRED
	   residual            5.543671e-08    1.382426e-17    5.543671e-11 
	   energy              8.486043e-07    3.064303e-14    8.486043e-09 
	   displacement        1.299012e-05    6.792375e-11    1.293078e-11 
 3
 Nonlinear solution status: time= 0.34
	stiffness updates             = 2
	right hand side evaluations   = 4
	stiffness matrix reformations = 1
	step from line search         = 1.000000
	convergence norms :     INITIAL         CURRENT         REQUIRED
	   residual            5.543671e-08    1.650744e-28    5.543671e-11 
	   energy              8.486043e-07    7.346441e-22    8.486043e-09 
	   displacement        1.299012e-05    3.269447e-15    1.293037e-11 

convergence summary
    number of iterations   : 3
    number of reformations : 1

------- converged at time : 0.34


===== beginning time step 35 : 0.35 =====


Reforming stiffness matrix: reformation #1

 1
 Nonlinear solution status: time= 0.35
	stiffness updates             = 0
	right hand side evaluations   = 2
	stiffness matrix reformations = 1
	step from line search         = 1.000000
	convergence norms :     INITIAL         CURRENT         REQUIRED
	   residual            5.442194e-08    2.838666e-13    5.442194e-11 
	   energy              8.369351e-07    1.911445e-09    8.369351e-09 
	   displacement        1.287092e-05    1.287092e-05    1.287092e-11 
 2
 Nonlinear solution status: time= 0.35
	stiffness updates             = 1
	right hand side evaluations   = 3
	stiffness matrix reformations = 1
	step from line search         = 1.000000
	convergence norms :     INITIAL         CURRENT         REQUIRED
	   residual            5.442194e-08    1.223856e-17    5.442194e-11 
	   energy              8.369351e-07    2.859890e-14    8.369351e-09 
	   displacement        1.287092e-05    6.682951e-11    1.281233e-11 
 3
 Nonlinear solution status: time= 0.35
	stiffness updates             = 2
	right hand side evaluations   = 4
	stiffness matrix reformations = 1
	step from line search         = 1.000000
	convergence norms :     INITIAL         CURRENT         REQUIRED
	   residual            5.442194e-08    1.441275e-28    5.442194e-11 
	   energy              8.369351e-07    6.486742e-22    8.369351e-09 
	   displacement        1.287092e-05    2.919487e-15    1.281194e-11 

convergence summary
    number of iterations   : 3
    number of reformations : 1

------- converged at time : 0.35


===== beginning time step 36 : 0.36 =====


Reforming stiffness matrix: reformation #1

 1
 Nonlinear solution status: time= 0.36
	stiffness updates             = 0
	right hand side evaluations   = 2
	stiffness matrix reformations = 1
	step from line search         = 1.000000
	convergence norms :     INITIAL         CURRENT         REQUIRED
	   residual            5.346164e-08    2.768977e-13    5.346164e-11 
	   energy              8.257182e-07    1.879189e-09    8.257182e-09 
	   displacement        1.275327e-05    1.275327e-05    1.275327e-11 
 2
 Nonlinear solution status: time= 0.36
	stiffness updates             = 1
	right hand side evaluations   = 3
	stiffness matrix reformations = 1
	step from line search         = 1.000000
	convergence norms :     INITIAL         CURRENT         REQUIRED
	   residual            5.346164e-08    1.087230e-17    5.346164e-11 
	   energy              8.257182e-07    2.673762e-14    8.257182e-09 
	   displacement        1.275327e-05    6.575428e-11    1.269541e-11 
 3
 Nonlinear solution status: time= 0.36
	stiffness updates             = 2
	right hand side evaluations   = 4
	stiffness matrix reformations = 1
	step from line search         = 1.000000
	convergence norms :     INITIAL         CURRENT         REQUIRED
	   residual            5.346164e-08    1.263373e-28    5.346164e-11 
	   energy              8.257182e-07    5.747231e-22    8.257182e-09 
	   displacement        1.275327e-05    2.614483e-15    1.269505e-11 

convergence summary
    number of iterations   : 3
    number of reformations : 1

------- converged at time : 0.36


===== beginning time step 37 : 0.37 =====


Reforming stiffness matrix: reformation #1

 1
 Nonlinear solution status: time= 0.37
	stiffness updates             = 0
	right hand side evaluations   = 2
	stiffness matrix reformations = 1
	step from line search         = 1.000000
	convergence norms :     INITIAL         CURRENT         REQUIRED
	   residual            5.255101e-08    2.702656e-13    5.255101e-11 
	   energy              8.149196e-07    1.848075e-09    8.149196e-09 
	   displacement        1.263713e-05    1.263713e-05    1.263713e-11 
 2
 Nonlinear solution status: time= 0.37
	stiffness updates             = 1
	right hand side evaluations   = 3
	stiffness matrix reformations = 1
	step from line search         = 1.000000
	convergence norms :     INITIAL         CURRENT         REQUIRED
	   residual            5.255101e-08    9.690202e-18    5.255101e-11 
	   energy              8.149196e-07    2.503870e-14    8.149196e-09 
	   displacement        1.263713e-05    6.469796e-11    1.258001e-11 
 3
 Nonlinear solution status: time= 0.37
	stiffness updates             = 2
	right hand side evaluations   = 4
	stiffness matrix reformations = 1
	step from line search         = 1.000000
	convergence norms :     INITIAL         CURRENT         REQUIRED
	   residual            5.255101e-08    1.114749e-28    5.255101e-11 
	   energy              8.149196e-07    5.115796e-22    8.149196e-09 
	   displacement        1.263713e-05    2.347736e-15    1.257966e-11 

convergence summary
    number of iterations   : 3
    number of reformations : 1

------- converged at time : 0.37


===== beginning time step 38 : 0.38 =====


Reforming stiffness matrix: reformation #1

 1
 Nonlinear solution status: time= 0.38
	stiffness updates             = 0
	right hand side evaluations   = 2
	stiffness matrix reformations = 1
	step from line search         = 1.000000
	convergence norms :     INITIAL         CURRENT         REQUIRED
	   residual            5.168579e-08    2.639434e-13    5.168579e-11 
	   energy              8.045090e-07    1.818028e-09    8.045090e-09 
	   displacement        1.252249e-05    1.252249e-05    1.252249e-11 
 2
 Nonlinear solution status: time= 0.38
	stiffness updates             = 1
	right hand side evaluations   = 3
	stiffness matrix reformations = 1
	step from line search         = 1.000000
	convergence norms :     INITIAL         CURRENT         REQUIRED
	   residual            5.168579e-08    8.663426e-18    5.168579e-11 
	   energy              8.045090e-07    2.348441e-14    8.045090e-09 
	   displacement        1.252249e-05    6.366043e-11    1.246608e-11 
 3
 Nonlinear solution status: time= 0.38
	stiffness updates             = 2
	right hand side evaluations   = 4
	stiffness matrix reformations = 1
	step from line search         = 1.000000
	convergence norms :     INITIAL         CURRENT         REQUIRED
	   residual            5.168579e-08    9.838241e-29    5.168579e-11 
	   energy              8.045090e-07    4.560140e-22    8.045090e-09 
	   displacement        1.252249e-05    2.113679e-15    1.246576e-11 

convergence summary
    number of iterations   : 3
    number of reformations : 1

------- converged at time : 0.38


===== beginning time step 39 : 0.39 =====


Reforming stiffness matrix: reformation #1

 1
 Nonlinear solution status: time= 0.39
	stiffness updates             = 0
	right hand side evaluations   = 2
	stiffness matrix reformations = 1
	step from line search         = 1.000000
	convergence norms :     INITIAL         CURRENT         REQUIRED
	   residual            5.086223e-08    2.579073e-13    5.086223e-11 
	   energy              7.944592e-07    1.788981e-09    7.944592e-09 
	   displacement        1.240931e-05    1.240931e-05    1.240931e-11 
 2
 Nonlinear solution status: time= 0.39
	stiffness updates             = 1
	right hand side evaluations   = 3
	stiffness matrix reformations = 1
	step from line search         = 1.000000
	convergence norms :     INITIAL         CURRENT         REQUIRED
	   residual            5.086223e-08    7.768234e-18    5.086223e-11 
	   energy              7.944592e-07    2.205933e-14    7.944592e-09 
	   displacement        1.240931e-05    6.264152e-11    1.235361e-11 
 3
 Nonlinear solution status: time= 0.39
	stiffness updates             = 2
	right hand side evaluations   = 4
	stiffness matrix reformations = 1
	step from line search         = 1.000000
	convergence norms :     INITIAL         CURRENT         REQUIRED
	   residual            5.086223e-08    8.692549e-29    5.086223e-11 
	   energy              7.944592e-07    4.072150e-22    7.944592e-09 
	   displacement        1.240931e-05    1.907660e-15    1.235331e-11 

convergence summary
    number of iterations   : 3
    number of reformations : 1

------- converged at time : 0.39


===== beginning time step 40 : 0.4 =====


Reforming stiffness matrix: reformation #1

 1
 Nonlinear solution status: time= 0.4
	stiffness updates             = 0
	right hand side evaluations   = 2
	stiffness matrix reformations = 1
	step from line search         = 1.000000
	convergence norms :     INITIAL         CURRENT         REQUIRED
	   residual            5.007697e-08    2.521362e-13    5.007697e-11 
	   energy              7.847456e-07    1.760871e-09    7.847456e-09 
	   displacement        1.229758e-05    1.229758e-05    1.229758e-11 
 2
 Nonlinear solution status: time= 0.4
	stiffness updates             = 1
	right hand side evaluations   = 3
	stiffness matrix reformations = 1
	step from line search         = 1.000000
	convergence norms :     INITIAL         CURRENT         REQUIRED
	   residual            5.007697e-08    6.985002e-18    5.007697e-11 
	   energy              7.847456e-07    2.075001e-14    7.847456e-09 
	   displacement        1.229758e-05    6.164105e-11    1.224258e-11 
 3
 Nonlinear solution status: time= 0.4
	stiffness updates             = 2
	right hand side evaluations   = 4
	stiffness matrix reformations = 1
	step from line search         = 1.000000
	convergence norms :     INITIAL         CURRENT         REQUIRED
	   residual            5.007697e-08    7.713141e-29    5.007697e-11 
	   energy              7.847456e-07    3.648447e-22    7.847456e-09 
	   displacement        1.229758e-05    1.725779e-15    1.224229e-11 

convergence summary
    number of iterations   : 3
    number of reformations : 1

------- converged at time : 0.4


===== beginning time step 41 : 0.41 =====


Reforming stiffness matrix: reformation #1

 1
 Nonlinear solution status: time= 0.41
	stiffness updates             = 0
	right hand side evaluations   = 2
	stiffness matrix reformations = 1
	step from line search         = 1.000000
	convergence norms :     INITIAL         CURRENT         REQUIRED
	   residual            4.932702e-08    2.466108e-13    4.932702e-11 
	   energy              7.753462e-07    1.733642e-09    7.753462e-09 
	   displacement        1.218727e-05    1.218727e-05    1.218727e-11 
 2
 Nonlinear solution status: time= 0.41
	stiffness updates             = 1
	right hand side evaluations   = 3
	stiffness matrix reformations = 1
	step from line search         = 1.000000
	convergence norms :     INITIAL         CURRENT         REQUIRED
	   residual            4.932702e-08    6.297418e-18    4.932702e-11 
	   energy              7.753462e-07    1.954466e-14    7.753462e-09 
	   displacement        1.218727e-05    6.065879e-11    1.213295e-11 
 3
 Nonlinear solution status: time= 0.41
	stiffness updates             = 2
	right hand side evaluations   = 4
	stiffness matrix reformations = 1
	step from line search         = 1.000000
	convergence norms :     INITIAL         CURRENT         REQUIRED
	   residual            4.932702e-08    6.864846e-29    4.932702e-11 
	   energy              7.753462e-07    3.277460e-22    7.753462e-09 
	   displacement        1.218727e-05    1.564748e-15    1.213268e-11 

convergence summary
    number of iterations   : 3
    number of reformations : 1

------- converged at time : 0.41


===== beginning time step 42 : 0.42 =====


Reforming stiffness matrix: reformation #1

 1
 Nonlinear solution status: time= 0.42
	stiffness updates             = 0
	right hand side evaluations   = 2
	stiffness matrix reformations = 1
	step from line search         = 1.000000
	convergence norms :     INITIAL         CURRENT         REQUIRED
	   residual            4.860970e-08    2.413141e-13    4.860970e-11 
	   energy              7.662409e-07    1.707242e-09    7.662409e-09 
	   displacement        1.207835e-05    1.207835e-05    1.207835e-11 
 2
 Nonlinear solution status: time= 0.42
	stiffness updates             = 1
	right hand side evaluations   = 3
	stiffness matrix reformations = 1
	step from line search         = 1.000000
	convergence norms :     INITIAL         CURRENT         REQUIRED
	   residual            4.860970e-08    5.691871e-18    4.860970e-11 
	   energy              7.662409e-07    1.843294e-14    7.662409e-09 
	   displacement        1.207835e-05    5.969450e-11    1.202471e-11 
 3
 Nonlinear solution status: time= 0.42
	stiffness updates             = 2
	right hand side evaluations   = 4
	stiffness matrix reformations = 1
	step from line search         = 1.000000
	convergence norms :     INITIAL         CURRENT         REQUIRED
	   residual            4.860970e-08    6.137919e-29    4.860970e-11 
	   energy              7.662409e-07    2.954120e-22    7.662409e-09 
	   displacement        1.207835e-05    1.421790e-15    1.202445e-11 

convergence summary
    number of iterations   : 3
    number of reformations : 1

------- converged at time : 0.42


===== beginning time step 43 : 0.43 =====


Reforming stiffness matrix: reformation #1

 1
 Nonlinear solution status: time= 0.43
	stiffness updates             = 0
	right hand side evaluations   = 2
	stiffness matrix reformations = 1
	step from line search         = 1.000000
	convergence norms :     INITIAL         CURRENT         REQUIRED
	   residual            4.792259e-08    2.362303e-13    4.792259e-11 
	   energy              7.574116e-07    1.681627e-09    7.574116e-09 
	   displacement        1.197081e-05    1.197081e-05    1.197081e-11 
 2
 Nonlinear solution status: time= 0.43
	stiffness updates             = 1
	right hand side evaluations   = 3
	stiffness matrix reformations = 1
	step from line search         = 1.000000
	convergence norms :     INITIAL         CURRENT         REQUIRED
	   residual            4.792259e-08    5.156943e-18    4.792259e-11 
	   energy              7.574116e-07    1.740574e-14    7.574116e-09 
	   displacement        1.197081e-05    5.874792e-11    1.191783e-11 
 3
 Nonlinear solution status: time= 0.43
	stiffness updates             = 2
	right hand side evaluations   = 4
	stiffness matrix reformations = 1
	step from line search         = 1.000000
	convergence norms :     INITIAL         CURRENT         REQUIRED
	   residual            4.792259e-08    5.476082e-29    4.792259e-11 
	   energy              7.574116e-07    2.662523e-22    7.574116e-09 
	   displacement        1.197081e-05    1.294545e-15    1.191758e-11 

convergence summary
    number of iterations   : 3
    number of reformations : 1

------- converged at time : 0.43


===== beginning time step 44 : 0.44 =====


Reforming stiffness matrix: reformation #1

 1
 Nonlinear solution status: time= 0.44
	stiffness updates             = 0
	right hand side evaluations   = 2
	stiffness matrix reformations = 1
	step from line search         = 1.000000
	convergence norms :     INITIAL         CURRENT         REQUIRED
	   residual            4.726353e-08    2.313455e-13    4.726353e-11 
	   energy              7.488416e-07    1.656752e-09    7.488416e-09 
	   displacement        1.186462e-05    1.186462e-05    1.186462e-11 
 2
 Nonlinear solution status: time= 0.44
	stiffness updates             = 1
	right hand side evaluations   = 3
	stiffness matrix reformations = 1
	step from line search         = 1.000000
	convergence norms :     INITIAL         CURRENT         REQUIRED
	   residual            4.726353e-08    4.683024e-18    4.726353e-11 
	   energy              7.488416e-07    1.645499e-14    7.488416e-09 
	   displacement        1.186462e-05    5.781879e-11    1.181229e-11 
 3
 Nonlinear solution status: time= 0.44
	stiffness updates             = 2
	right hand side evaluations   = 4
	stiffness matrix reformations = 1
	step from line search         = 1.000000
	convergence norms :     INITIAL         CURRENT         REQUIRED
	   residual            4.726353e-08    4.911272e-29    4.726353e-11 
	   energy              7.488416e-07    2.408365e-22    7.488416e-09 
	   displacement        1.186462e-05    1.181003e-15    1.181206e-11 

convergence summary
    number of iterations   : 3
    number of reformations : 1

------- converged at time : 0.44


===== beginning time step 45 : 0.45 =====


Reforming stiffness matrix: reformation #1

 1
 Nonlinear solution status: time= 0.45
	stiffness updates             = 0
	right hand side evaluations   = 2
	stiffness matrix reformations = 1
	step from line search         = 1.000000
	convergence norms :     INITIAL         CURRENT         REQUIRED
	   residual            4.663056e-08    2.266468e-13    4.663056e-11 
	   energy              7.405159e-07    1.632578e-09    7.405159e-09 
	   displacement        1.175975e-05    1.175975e-05    1.175975e-11 
 2
 Nonlinear solution status: time= 0.45
	stiffness updates             = 1
	right hand side evaluations   = 3
	stiffness matrix reformations = 1
	step from line search         = 1.000000
	convergence norms :     INITIAL         CURRENT         REQUIRED
	   residual            4.663056e-08    4.261989e-18    4.663056e-11 
	   energy              7.405159e-07    1.557358e-14    7.405159e-09 
	   displacement        1.175975e-05    5.690683e-11    1.170807e-11 
 3
 Nonlinear solution status: time= 0.45
	stiffness updates             = 2
	right hand side evaluations   = 4
	stiffness matrix reformations = 1
	step from line search         = 1.000000
	convergence norms :     INITIAL         CURRENT         REQUIRED
	   residual            4.663056e-08    4.416388e-29    4.663056e-11 
	   energy              7.405159e-07    2.183405e-22    7.405159e-09 
	   displacement        1.175975e-05    1.079448e-15    1.170785e-11 

convergence summary
    number of iterations   : 3
    number of reformations : 1

------- converged at time : 0.45


===== beginning time step 46 : 0.46 =====


Reforming stiffness matrix: reformation #1

 1
 Nonlinear solution status: time= 0.46
	stiffness updates             = 0
	right hand side evaluations   = 2
	stiffness matrix reformations = 1
	step from line search         = 1.000000
	convergence norms :     INITIAL         CURRENT         REQUIRED
	   residual            4.602189e-08    2.221227e-13    4.602189e-11 
	   energy              7.324207e-07    1.609070e-09    7.324207e-09 
	   displacement        1.165619e-05    1.165619e-05    1.165619e-11 
 2
 Nonlinear solution status: time= 0.46
	stiffness updates             = 1
	right hand side evaluations   = 3
	stiffness matrix reformations = 1
	step from line search         = 1.000000
	convergence norms :     INITIAL         CURRENT         REQUIRED
	   residual            4.602189e-08    3.886940e-18    4.602189e-11 
	   energy              7.324207e-07    1.475515e-14    7.324207e-09 
	   displacement        1.165619e-05    5.601175e-11    1.160515e-11 
 3
 Nonlinear solution status: time= 0.46
	stiffness updates             = 2
	right hand side evaluations   = 4
	stiffness matrix reformations = 1
	step from line search         = 1.000000
	convergence norms :     INITIAL         CURRENT         REQUIRED
	   residual            4.602189e-08    4.001033e-29    4.602189e-11 
	   energy              7.324207e-07    1.988627e-22    7.324207e-09 
	   displacement        1.165619e-05    9.884055e-16    1.160493e-11 

convergence summary
    number of iterations   : 3
    number of reformations : 1

------- converged at time : 0.46


===== beginning time step 47 : 0.47 =====


Reforming stiffness matrix: reformation #1

 1
 Nonlinear solution status: time= 0.47
	stiffness updates             = 0
	right hand side evaluations   = 2
	stiffness matrix reformations = 1
	step from line search         = 1.000000
	convergence norms :     INITIAL         CURRENT         REQUIRED
	   residual            4.543592e-08    2.177625e-13    4.543592e-11 
	   energy              7.245434e-07    1.586194e-09    7.245434e-09 
	   displacement        1.155392e-05    1.155392e-05    1.155392e-11 
 2
 Nonlinear solution status: time= 0.47
	stiffness updates             = 1
	right hand side evaluations   = 3
	stiffness matrix reformations = 1
	step from line search         = 1.000000
	convergence norms :     INITIAL         CURRENT         REQUIRED
	   residual            4.543592e-08    3.552007e-18    4.543592e-11 
	   energy              7.245434e-07    1.399406e-14    7.245434e-09 
	   displacement        1.155392e-05    5.513326e-11    1.150350e-11 
 3
 Nonlinear solution status: time= 0.47
	stiffness updates             = 2
	right hand side evaluations   = 4
	stiffness matrix reformations = 1
	step from line search         = 1.000000
	convergence norms :     INITIAL         CURRENT         REQUIRED
	   residual            4.543592e-08    3.590090e-29    4.543592e-11 
	   energy              7.245434e-07    1.804105e-22    7.245434e-09 
	   displacement        1.155392e-05    9.066081e-16    1.150330e-11 

convergence summary
    number of iterations   : 3
    number of reformations : 1

------- converged at time : 0.47


===== beginning time step 48 : 0.48 =====


Reforming stiffness matrix: reformation #1

 1
 Nonlinear solution status: time= 0.48
	stiffness updates             = 0
	right hand side evaluations   = 2
	stiffness matrix reformations = 1
	step from line search         = 1.000000
	convergence norms :     INITIAL         CURRENT         REQUIRED
	   residual            4.487118e-08    2.135564e-13    4.487118e-11 
	   energy              7.168722e-07    1.563919e-09    7.168722e-09 
	   displacement        1.145291e-05    1.145291e-05    1.145291e-11 
 2
 Nonlinear solution status: time= 0.48
	stiffness updates             = 1
	right hand side evaluations   = 3
	stiffness matrix reformations = 1
	step from line search         = 1.000000
	convergence norms :     INITIAL         CURRENT         REQUIRED
	   residual            4.487118e-08    3.252170e-18    4.487118e-11 
	   energy              7.168722e-07    1.328528e-14    7.168722e-09 
	   displacement        1.145291e-05    5.427106e-11    1.140311e-11 
 3
 Nonlinear solution status: time= 0.48
	stiffness updates             = 2
	right hand side evaluations   = 4
	stiffness matrix reformations = 1
	step from line search         = 1.000000
	convergence norms :     INITIAL         CURRENT         REQUIRED
	   residual            4.487118e-08    3.246847e-29    4.487118e-11 
	   energy              7.168722e-07    1.644535e-22    7.168722e-09 
	   displacement        1.145291e-05    8.329618e-16    1.140291e-11 

convergence summary
    number of iterations   : 3
    number of reformations : 1

------- converged at time : 0.48


===== beginning time step 49 : 0.49 =====


Reforming stiffness matrix: reformation #1

 1
 Nonlinear solution status: time= 0.49
	stiffness updates             = 0
	right hand side evaluations   = 2
	stiffness matrix reformations = 1
	step from line search         = 1.000000
	convergence norms :     INITIAL         CURRENT         REQUIRED
	   residual            4.432633e-08    2.094957e-13    4.432633e-11 
	   energy              7.093966e-07    1.542218e-09    7.093966e-09 
	   displacement        1.135315e-05    1.135315e-05    1.135315e-11 
 2
 Nonlinear solution status: time= 0.49
	stiffness updates             = 1
	right hand side evaluations   = 3
	stiffness matrix reformations = 1
	step from line search         = 1.000000
	convergence norms :     INITIAL         CURRENT         REQUIRED
	   residual            4.432633e-08    2.983124e-18    4.432633e-11 
	   energy              7.093966e-07    1.262430e-14    7.093966e-09 
	   displacement        1.135315e-05    5.342487e-11    1.130395e-11 
 3
 Nonlinear solution status: time= 0.49
	stiffness updates             = 2
	right hand side evaluations   = 4
	stiffness matrix reformations = 1
	step from line search         = 1.000000
	convergence norms :     INITIAL         CURRENT         REQUIRED
	   residual            4.432633e-08    2.946215e-29    4.432633e-11 
	   energy              7.093966e-07    1.502772e-22    7.093966e-09 
	   displacement        1.135315e-05    7.665201e-16    1.130376e-11 

convergence summary
    number of iterations   : 3
    number of reformations : 1

------- converged at time : 0.49


===== beginning time step 50 : 0.5 =====


Reforming stiffness matrix: reformation #1

 1
 Nonlinear solution status: time= 0.5
	stiffness updates             = 0
	right hand side evaluations   = 2
	stiffness matrix reformations = 1
	step from line search         = 1.000000
	convergence norms :     INITIAL         CURRENT         REQUIRED
	   residual            4.380014e-08    2.055721e-13    4.380014e-11 
	   energy              7.021065e-07    1.521063e-09    7.021065e-09 
	   displacement        1.125461e-05    1.125461e-05    1.125461e-11 
 2
 Nonlinear solution status: time= 0.5
	stiffness updates             = 1
	right hand side evaluations   = 3
	stiffness matrix reformations = 1
	step from line search         = 1.000000
	convergence norms :     INITIAL         CURRENT         REQUIRED
	   residual            4.380014e-08    2.741167e-18    4.380014e-11 
	   energy              7.021065e-07    1.200708e-14    7.021065e-09 
	   displacement        1.125461e-05    5.259439e-11    1.120600e-11 
 3
 Nonlinear solution status: time= 0.5
	stiffness updates             = 2
	right hand side evaluations   = 4
	stiffness matrix reformations = 1
	step from line search         = 1.000000
	convergence norms :     INITIAL         CURRENT         REQUIRED
	   residual            4.380014e-08    2.672742e-29    4.380014e-11 
	   energy              7.021065e-07    1.374112e-22    7.021065e-09 
	   displacement        1.125461e-05    7.064611e-16    1.120583e-11 

convergence summary
    number of iterations   : 3
    number of reformations : 1

------- converged at time : 0.5



 N O N L I N E A R   I T E R A T I O N   I N F O R M A T I O N

	Number of time steps completed .................... : 50

	Total number of equilibrium iterations ............ : 150

	Average number of equilibrium iterations .......... : 3

	Total number of right hand evaluations ............ : 200

	Total number of stiffness reformations ............ : 50


 L I N E A R   S O L V E R   S T A T S

	Total calls to linear solver ........ : 0

	Avg iterations per solve ............ : 0

	Time in linear solver: 0:00:00


 Elapsed time : 0:00:00

 T I M I N G   I N F O R M A T I O N

	Input time ...................... : 0:00:00 (0.000592303 sec)

	Initialization time ............. : 0:00:00 (0.000697513 sec)

	Solve time ...................... : 0:00:00 (0.0417904 sec)

	   IO-time (plot, dmp, data) .... : 0:00:00 (0.0292906 sec)

	   serialization ................ : 0:00:00 (0 sec)

	   reforming stiffness .......... : 0:00:00 (3.1619e-05 sec)

	   evaluating stiffness ......... : 0:00:00 (0.00111476 sec)

	   evaluating residual .......... : 0:00:00 (0.00100498 sec)

	   model update ................. : 0:00:00 (0.00444878 sec)

	   QN updates ................... : 0:00:00 (2.7072e-05 sec)

	   time in linear solver ........ : 0:00:00 (0.00237633 sec)

	Total elapsed time .............. : 0:00:00 (0.0427554 sec)


 N O R M A L   T E R M I N A T I O N

