===========================================================================
         ________    _________   _______       __     _________            
        |        |\ |        |\ |       \\    |  |\  /         \\          
        |    ____|| |    ____|| |    __  ||   |__|| |    ___    ||         
        |   |\___\| |   |\___\| |   |\_| ||    \_\| |   //  \   ||         
        |   ||__    |   ||__    |   ||_| ||   |  |\ |  ||    |  ||         
        |       |\  |       |\  |         \\  |  || |  ||    |  ||         
        |    ___||  |    ___||  |    ___   || |  || |  ||    |  ||         
        |   |\__\|  |   |\__\|  |   |\__|  || |  || |  ||    |  ||         
        |   ||      |   ||___   |   ||__|  || |  || |   \\__/   ||         
        |   ||      |        |\ |          || |  || |           ||         
        |___||      |________|| |_________//  |__||  \_________//          
                                                                           
      F I N I T E   E L E M E N T S   F O R   B I O M E C H A N I C S      
                                                                           
  version 4.13.0.067bd8c2f
  FEBio is a registered trademark.                                         
  copyright (c) 2006-2026 - All rights reserved                            
                                                                           
===========================================================================





 FILES USED
===========================================================================
	Input file : /home/z/my-project/discovery-evidence-fabric/CEREVASC_R2_C3_PHENOTYPE_DISCOVERY/ROUND_56/ROUND119_ARTIFACTS/febio_nonuniform_4x_strain_0.50/nonuniform.feb
	Plot file  : /home/z/my-project/discovery-evidence-fabric/CEREVASC_R2_C3_PHENOTYPE_DISCOVERY/ROUND_56/ROUND119_ARTIFACTS/febio_nonuniform_4x_strain_0.50/nonuniform.xplt
	Log file   : /home/z/my-project/discovery-evidence-fabric/CEREVASC_R2_C3_PHENOTYPE_DISCOVERY/ROUND_56/ROUND119_ARTIFACTS/febio_nonuniform_4x_strain_0.50/nonuniform.log


 MESH INFO
===========================================================================
	Number of materials ............................ : 1
	Number of domains .............................. : 1
	Number of nodes ................................ : 125
	Number of solid elements ....................... : 64


 MODULE
===========================================================================
	Module type ....................................... : solid


 CONTROL DATA
===========================================================================
	analysis .......................................... : STATIC (0)
	time_steps ........................................ : 1
	step_size ......................................... : 1
	plot_zero_state ................................... : no (0)
	plot_range ........................................ : 0,-1
	plot_level ........................................ : PLOT_MAJOR_ITRS (1)
	output_level ...................................... : OUTPUT_MAJOR_ITRS (1)
	plot_stride ....................................... : 1
	output_stride ..................................... : 1
	adaptor_re_solve .................................. : yes (1)
	Auto time stepper activated ....................... : no
 SOLVER PARAMETERS
===========================================================================
	symmetric_stiffness ............................... : symmetric (1)
	equation_scheme ................................... : staggered (0)
	equation_order .................................... : default (0)
	optimize_bw ....................................... : no (0)
	lstol ............................................. : 0.9
	lsmin ............................................. : 0.01
	lsiter ............................................ : 5
	ls_check_jacobians ................................ : no (0)
	max_refs .......................................... : 15
	check_zero_diagonal ............................... : no (0)
	zero_diagonal_tol ................................. : 0
	force_partition ................................... : 0
	reform_each_time_step ............................. : yes (1)
	reform_augment .................................... : no (0)
	diverge_reform .................................... : yes (1)
	min_residual ...................................... : 1e-20
	max_residual ...................................... : 0
	dtol .............................................. : 0.001
	etol .............................................. : 0.01
	rtol .............................................. : 0.001
	rhoi .............................................. : -1
	alpha ............................................. : 1
	beta .............................................. : 0.25
	gamma ............................................. : 0.5
	logSolve .......................................... : no (0)
	arc_length ........................................ : 0
	arc_length_scale .................................. : 0






 MATERIAL DATA
===========================================================================
  1 - DamageNH (type: damage neo-Hookean)
	density ........................................... : 1
	E ................................................. : 1
	v ................................................. : 0.3
	a ................................................. : 0.014
	b ................................................. : 0.05


 BOUNDARY CONDITION DATA
===========================================================================
  1 -  Type: zero displacement
	x_dof ............................................. : no (0)
	y_dof ............................................. : no (0)
	z_dof ............................................. : yes (1)
---------------------------------------------------------------------------
  2 -  Type: zero displacement
	x_dof ............................................. : yes (1)
	y_dof ............................................. : no (0)
	z_dof ............................................. : no (0)
---------------------------------------------------------------------------
  3 -  Type: zero displacement
	x_dof ............................................. : no (0)
	y_dof ............................................. : yes (1)
	z_dof ............................................. : no (0)
---------------------------------------------------------------------------
  4 -  Type: prescribed displacement
	dof ............................................... : 2
	value ............................................. : 0.5
	relative .......................................... : no (0)


 LOAD CONTROLLER DATA
===========================================================================
load controller   1 - (noname) (type: loadcurve)
	interpolate ....................................... : LINEAR (0)
	extend ............................................ : CONSTANT (0)
	points ............................................ : (can't display value)


 OUTPUT DATA
===========================================================================
 LINEAR SOLVER DATA
===========================================================================
	Default linear solver ............................. : skyline


 *************************************************************************
 * Selecting linear solver skyline                                       *
 *************************************************************************

===== beginning time step 1 : 1 =====


Reforming stiffness matrix: reformation #1

===== reforming stiffness matrix:
	Nr of equations ........................... : 300
	Nr of nonzeroes in stiffness matrix ....... : 20181
 1
 Nonlinear solution status: time= 1
	stiffness updates             = 0
	right hand side evaluations   = 2
	stiffness matrix reformations = 1
	step from line search         = 1.000000
	convergence norms :     INITIAL         CURRENT         REQUIRED
	   residual            1.601793e+00    7.529726e-04    1.601793e-03 
	   energy              1.418744e+00    1.833197e-02    1.418744e-02 
	   displacement        3.794441e+00    3.794441e+00    3.794441e-06 
 2
 Nonlinear solution status: time= 1
	stiffness updates             = 1
	right hand side evaluations   = 3
	stiffness matrix reformations = 1
	step from line search         = 1.000000
	convergence norms :     INITIAL         CURRENT         REQUIRED
	   residual            1.601793e+00    3.132192e-04    1.601793e-03 
	   energy              1.418744e+00    6.588633e-04    1.418744e-02 
	   displacement        3.794441e+00    4.552135e-03    3.645306e-06 
 3
 Nonlinear solution status: time= 1
	stiffness updates             = 2
	right hand side evaluations   = 4
	stiffness matrix reformations = 1
	step from line search         = 1.000000
	convergence norms :     INITIAL         CURRENT         REQUIRED
	   residual            1.601793e+00    6.604130e-04    1.601793e-03 
	   energy              1.418744e+00    2.575803e-04    1.418744e-02 
	   displacement        3.794441e+00    4.320389e-02    3.209957e-06 
 4
 Nonlinear solution status: time= 1
	stiffness updates             = 3
	right hand side evaluations   = 5
	stiffness matrix reformations = 1
	step from line search         = 1.000000
	convergence norms :     INITIAL         CURRENT         REQUIRED
	   residual            1.601793e+00    4.977482e-04    1.601793e-03 
	   energy              1.418744e+00    3.620219e-04    1.418744e-02 
	   displacement        3.794441e+00    5.850325e-03    3.026070e-06 
 5
 Nonlinear solution status: time= 1
	stiffness updates             = 4
	right hand side evaluations   = 6
	stiffness matrix reformations = 1
	step from line search         = 1.000000
	convergence norms :     INITIAL         CURRENT         REQUIRED
	   residual            1.601793e+00    1.804941e-04    1.601793e-03 
	   energy              1.418744e+00    9.375740e-05    1.418744e-02 
	   displacement        3.794441e+00    3.899009e-02    2.532417e-06 
 6
 Nonlinear solution status: time= 1
	stiffness updates             = 5
	right hand side evaluations   = 7
	stiffness matrix reformations = 1
	step from line search         = 1.000000
	convergence norms :     INITIAL         CURRENT         REQUIRED
	   residual            1.601793e+00    1.158372e-04    1.601793e-03 
	   energy              1.418744e+00    1.488156e-04    1.418744e-02 
	   displacement        3.794441e+00    2.675216e-03    2.417111e-06 
 7
 Nonlinear solution status: time= 1
	stiffness updates             = 6
	right hand side evaluations   = 8
	stiffness matrix reformations = 1
	step from line search         = 1.000000
	convergence norms :     INITIAL         CURRENT         REQUIRED
	   residual            1.601793e+00    6.757140e-05    1.601793e-03 
	   energy              1.418744e+00    5.538303e-05    1.418744e-02 
	   displacement        3.794441e+00    1.811233e-02    2.146051e-06 
 8
 Nonlinear solution status: time= 1
	stiffness updates             = 7
	right hand side evaluations   = 9
	stiffness matrix reformations = 1
	step from line search         = 1.000000
	convergence norms :     INITIAL         CURRENT         REQUIRED
	   residual            1.601793e+00    5.004024e-05    1.601793e-03 
	   energy              1.418744e+00    4.661247e-05    1.418744e-02 
	   displacement        3.794441e+00    1.045481e-03    2.074418e-06 
 9
 Nonlinear solution status: time= 1
	stiffness updates             = 8
	right hand side evaluations   = 10
	stiffness matrix reformations = 1
	step from line search         = 1.000000
	convergence norms :     INITIAL         CURRENT         REQUIRED
	   residual            1.601793e+00    1.538833e-05    1.601793e-03 
	   energy              1.418744e+00    3.040628e-05    1.418744e-02 
	   displacement        3.794441e+00    4.897783e-03    1.916339e-06 
 10
 Nonlinear solution status: time= 1
	stiffness updates             = 9
	right hand side evaluations   = 11
	stiffness matrix reformations = 1
	step from line search         = 1.000000
	convergence norms :     INITIAL         CURRENT         REQUIRED
	   residual            1.601793e+00    9.020552e-06    1.601793e-03 
	   energy              1.418744e+00    1.271327e-05    1.418744e-02 
	   displacement        3.794441e+00    2.480687e-04    1.887966e-06 

 *************************************************************************
 *                               WARNING                                 *
 * Max nr of iterations reached.                                         *
 * Stiffness matrix will now be reformed.                                *
 *************************************************************************
Reforming stiffness matrix: reformation #2

 11
 Nonlinear solution status: time= 1
	stiffness updates             = 0
	right hand side evaluations   = 12
	stiffness matrix reformations = 2
	step from line search         = 1.000000
	convergence norms :     INITIAL         CURRENT         REQUIRED
	   residual            1.601793e+00    1.061389e-06    1.601793e-03 
	   energy              1.418744e+00    9.454780e-06    1.418744e-02 
	   displacement        3.794441e+00    6.146505e-04    1.881697e-06 
 12
 Nonlinear solution status: time= 1
	stiffness updates             = 1
	right hand side evaluations   = 13
	stiffness matrix reformations = 2
	step from line search         = 1.000000
	convergence norms :     INITIAL         CURRENT         REQUIRED
	   residual            1.601793e+00    2.614522e-07    1.601793e-03 
	   energy              1.418744e+00    1.886716e-06    1.418744e-02 
	   displacement        3.794441e+00    1.063497e-04    1.873835e-06 
 13
 Nonlinear solution status: time= 1
	stiffness updates             = 2
	right hand side evaluations   = 14
	stiffness matrix reformations = 2
	step from line search         = 1.000000
	convergence norms :     INITIAL         CURRENT         REQUIRED
	   residual            1.601793e+00    2.787810e-08    1.601793e-03 
	   energy              1.418744e+00    2.049060e-07    1.418744e-02 
	   displacement        3.794441e+00    1.646488e-05    1.869959e-06 
 14
 Nonlinear solution status: time= 1
	stiffness updates             = 3
	right hand side evaluations   = 15
	stiffness matrix reformations = 2
	step from line search         = 1.000000
	convergence norms :     INITIAL         CURRENT         REQUIRED
	   residual            1.601793e+00    2.415879e-09    1.601793e-03 
	   energy              1.418744e+00    1.586219e-08    1.418744e-02 
	   displacement        3.794441e+00    8.764812e-07    1.869738e-06 

convergence summary
    number of iterations   : 14
    number of reformations : 2

------- converged at time : 1



 N O N L I N E A R   I T E R A T I O N   I N F O R M A T I O N

	Number of time steps completed .................... : 1

	Total number of equilibrium iterations ............ : 14

	Average number of equilibrium iterations .......... : 14

	Total number of right hand evaluations ............ : 15

	Total number of stiffness reformations ............ : 2


 L I N E A R   S O L V E R   S T A T S

	Total calls to linear solver ........ : 0

	Avg iterations per solve ............ : 0

	Time in linear solver: 0:00:00


 Elapsed time : 0:00:00

 T I M I N G   I N F O R M A T I O N

	Input time ...................... : 0:00:00 (0.00109589 sec)

	Initialization time ............. : 0:00:00 (0.000935513 sec)

	Solve time ...................... : 0:00:00 (0.0212418 sec)

	   IO-time (plot, dmp, data) .... : 0:00:00 (0.00319574 sec)

	   serialization ................ : 0:00:00 (0 sec)

	   reforming stiffness .......... : 0:00:00 (0.000534211 sec)

	   evaluating stiffness ......... : 0:00:00 (0.00150958 sec)

	   evaluating residual .......... : 0:00:00 (0.00149309 sec)

	   model update ................. : 0:00:00 (0.0126235 sec)

	   QN updates ................... : 0:00:00 (5.0556e-05 sec)

	   time in linear solver ........ : 0:00:00 (0.000865434 sec)

	Total elapsed time .............. : 0:00:00 (0.023118 sec)


 N O R M A L   T E R M I N A T I O N

