===========================================================================
         ________    _________   _______       __     _________            
        |        |\ |        |\ |       \\    |  |\  /         \\          
        |    ____|| |    ____|| |    __  ||   |__|| |    ___    ||         
        |   |\___\| |   |\___\| |   |\_| ||    \_\| |   //  \   ||         
        |   ||__    |   ||__    |   ||_| ||   |  |\ |  ||    |  ||         
        |       |\  |       |\  |         \\  |  || |  ||    |  ||         
        |    ___||  |    ___||  |    ___   || |  || |  ||    |  ||         
        |   |\__\|  |   |\__\|  |   |\__|  || |  || |  ||    |  ||         
        |   ||      |   ||___   |   ||__|  || |  || |   \\__/   ||         
        |   ||      |        |\ |          || |  || |           ||         
        |___||      |________|| |_________//  |__||  \_________//          
                                                                           
      F I N I T E   E L E M E N T S   F O R   B I O M E C H A N I C S      
                                                                           
  version 4.13.0.067bd8c2f
  FEBio is a registered trademark.                                         
  copyright (c) 2006-2026 - All rights reserved                            
                                                                           
===========================================================================





 FILES USED
===========================================================================
	Input file : /home/z/my-project/discovery-evidence-fabric/CEREVASC_R2_C3_PHENOTYPE_DISCOVERY/ROUND_56/ROUND130_ARTIFACTS/SOLVER_OUTPUT/C3-R130-003/input.feb
	Plot file  : /home/z/my-project/discovery-evidence-fabric/CEREVASC_R2_C3_PHENOTYPE_DISCOVERY/ROUND_56/ROUND130_ARTIFACTS/SOLVER_OUTPUT/C3-R130-003/input.xplt
	Log file   : /home/z/my-project/discovery-evidence-fabric/CEREVASC_R2_C3_PHENOTYPE_DISCOVERY/ROUND_56/ROUND130_ARTIFACTS/SOLVER_OUTPUT/C3-R130-003/input.log


 MESH INFO
===========================================================================
	Number of materials ............................ : 1
	Number of domains .............................. : 1
	Number of nodes ................................ : 8
	Number of solid elements ....................... : 1


 MODULE
===========================================================================
	Module type ....................................... : solid


 CONTROL DATA
===========================================================================
	analysis .......................................... : STATIC (0)
	time_steps ........................................ : 50
	step_size ......................................... : 0.01
	plot_zero_state ................................... : no (0)
	plot_range ........................................ : 0,-1
	plot_level ........................................ : PLOT_MAJOR_ITRS (1)
	output_level ...................................... : OUTPUT_MAJOR_ITRS (1)
	plot_stride ....................................... : 1
	output_stride ..................................... : 1
	adaptor_re_solve .................................. : yes (1)
	Auto time stepper activated ....................... : no
 SOLVER PARAMETERS
===========================================================================
	symmetric_stiffness ............................... : symmetric (1)
	equation_scheme ................................... : staggered (0)
	equation_order .................................... : default (0)
	optimize_bw ....................................... : no (0)
	lstol ............................................. : 0.9
	lsmin ............................................. : 0.01
	lsiter ............................................ : 5
	ls_check_jacobians ................................ : no (0)
	max_refs .......................................... : 15
	check_zero_diagonal ............................... : no (0)
	zero_diagonal_tol ................................. : 0
	force_partition ................................... : 0
	reform_each_time_step ............................. : yes (1)
	reform_augment .................................... : no (0)
	diverge_reform .................................... : yes (1)
	min_residual ...................................... : 1e-20
	max_residual ...................................... : 0
	dtol .............................................. : 0.001
	etol .............................................. : 0.01
	rtol .............................................. : 0.001
	rhoi .............................................. : -1
	alpha ............................................. : 1
	beta .............................................. : 0.25
	gamma ............................................. : 0.5
	logSolve .......................................... : no (0)
	arc_length ........................................ : 0
	arc_length_scale .................................. : 0






 MATERIAL DATA
===========================================================================
  1 - FractureNH (type: damage neo-Hookean)
	density ........................................... : 1
	E ................................................. : 1
	v ................................................. : 0.3
	a ................................................. : 0.005
	b ................................................. : 0.5


 BOUNDARY CONDITION DATA
===========================================================================
  1 -  Type: zero displacement
	x_dof ............................................. : no (0)
	y_dof ............................................. : no (0)
	z_dof ............................................. : yes (1)
---------------------------------------------------------------------------
  2 -  Type: zero displacement
	x_dof ............................................. : yes (1)
	y_dof ............................................. : no (0)
	z_dof ............................................. : no (0)
---------------------------------------------------------------------------
  3 -  Type: zero displacement
	x_dof ............................................. : no (0)
	y_dof ............................................. : yes (1)
	z_dof ............................................. : no (0)
---------------------------------------------------------------------------
  4 -  Type: prescribed displacement
	dof ............................................... : 2
	value ............................................. : 0.5
	relative .......................................... : no (0)


 LOAD CONTROLLER DATA
===========================================================================
load controller   1 - (noname) (type: loadcurve)
	interpolate ....................................... : LINEAR (0)
	extend ............................................ : CONSTANT (0)
	points ............................................ : (can't display value)


 OUTPUT DATA
===========================================================================
 LINEAR SOLVER DATA
===========================================================================
	Default linear solver ............................. : skyline


 *************************************************************************
 * Selecting linear solver skyline                                       *
 *************************************************************************

===== beginning time step 1 : 0.01 =====


Reforming stiffness matrix: reformation #1

===== reforming stiffness matrix:
	Nr of equations ........................... : 12
	Nr of nonzeroes in stiffness matrix ....... : 78
 1
 Nonlinear solution status: time= 0.01
	stiffness updates             = 0
	right hand side evaluations   = 2
	stiffness matrix reformations = 1
	step from line search         = 1.000000
	convergence norms :     INITIAL         CURRENT         REQUIRED
	   residual            4.160503e-06    1.940836e-11    4.160503e-09 
	   energy              8.653846e-06    1.869092e-08    8.653846e-08 
	   displacement        1.800000e-05    1.800000e-05    1.800000e-11 
 2
 Nonlinear solution status: time= 0.01
	stiffness updates             = 1
	right hand side evaluations   = 3
	stiffness matrix reformations = 1
	step from line search         = 1.000000
	convergence norms :     INITIAL         CURRENT         REQUIRED
	   residual            4.160503e-06    6.575169e-13    4.160503e-09 
	   energy              8.653846e-06    7.414369e-12    8.653846e-08 
	   displacement        1.800000e-05    8.360677e-11    1.792250e-11 
 3
 Nonlinear solution status: time= 0.01
	stiffness updates             = 2
	right hand side evaluations   = 4
	stiffness matrix reformations = 1
	step from line search         = 1.000000
	convergence norms :     INITIAL         CURRENT         REQUIRED
	   residual            4.160503e-06    1.124383e-23    4.160503e-09 
	   energy              8.653846e-06    6.916376e-18    8.653846e-08 
	   displacement        1.800000e-05    4.254446e-12    1.790504e-11 

convergence summary
    number of iterations   : 3
    number of reformations : 1

------- converged at time : 0.01


===== beginning time step 2 : 0.02 =====


Reforming stiffness matrix: reformation #1

 1
 Nonlinear solution status: time= 0.02
	stiffness updates             = 0
	right hand side evaluations   = 2
	stiffness matrix reformations = 1
	step from line search         = 1.000000
	convergence norms :     INITIAL         CURRENT         REQUIRED
	   residual            2.752574e-06    1.472009e-11    2.752574e-09 
	   energy              7.001792e-06    1.619179e-08    7.001792e-08 
	   displacement        1.781063e-05    1.781063e-05    1.781063e-11 
 2
 Nonlinear solution status: time= 0.02
	stiffness updates             = 1
	right hand side evaluations   = 3
	stiffness matrix reformations = 1
	step from line search         = 1.000000
	convergence norms :     INITIAL         CURRENT         REQUIRED
	   residual            2.752574e-06    2.211685e-13    2.752574e-09 
	   energy              7.001792e-06    4.579140e-12    7.001792e-08 
	   displacement        1.781063e-05    9.480793e-11    1.772854e-11 
 3
 Nonlinear solution status: time= 0.02
	stiffness updates             = 2
	right hand side evaluations   = 4
	stiffness matrix reformations = 1
	step from line search         = 1.000000
	convergence norms :     INITIAL         CURRENT         REQUIRED
	   residual            2.752574e-06    4.022558e-24    2.752574e-09 
	   energy              7.001792e-06    2.728164e-18    7.001792e-08 
	   displacement        1.781063e-05    1.850284e-12    1.771709e-11 

convergence summary
    number of iterations   : 3
    number of reformations : 1

------- converged at time : 0.02


===== beginning time step 3 : 0.03 =====


Reforming stiffness matrix: reformation #1

 1
 Nonlinear solution status: time= 0.03
	stiffness updates             = 0
	right hand side evaluations   = 2
	stiffness matrix reformations = 1
	step from line search         = 1.000000
	convergence norms :     INITIAL         CURRENT         REQUIRED
	   residual            2.106626e-06    1.224983e-11    2.106626e-09 
	   energy              6.093224e-06    1.469327e-08    6.093224e-08 
	   displacement        1.762410e-05    1.762410e-05    1.762410e-11 
 2
 Nonlinear solution status: time= 0.03
	stiffness updates             = 1
	right hand side evaluations   = 3
	stiffness matrix reformations = 1
	step from line search         = 1.000000
	convergence norms :     INITIAL         CURRENT         REQUIRED
	   residual            2.106626e-06    8.045793e-14    2.106626e-09 
	   energy              6.093224e-06    2.864594e-12    6.093224e-08 
	   displacement        1.762410e-05    1.019899e-10    1.753940e-11 
 3
 Nonlinear solution status: time= 0.03
	stiffness updates             = 2
	right hand side evaluations   = 4
	stiffness matrix reformations = 1
	step from line search         = 1.000000
	convergence norms :     INITIAL         CURRENT         REQUIRED
	   residual            2.106626e-06    1.468753e-24    2.106626e-09 
	   energy              6.093224e-06    1.079388e-18    6.093224e-08 
	   displacement        1.762410e-05    7.932436e-13    1.753195e-11 

convergence summary
    number of iterations   : 3
    number of reformations : 1

------- converged at time : 0.03


===== beginning time step 4 : 0.04 =====


Reforming stiffness matrix: reformation #1

 1
 Nonlinear solution status: time= 0.04
	stiffness updates             = 0
	right hand side evaluations   = 2
	stiffness matrix reformations = 1
	step from line search         = 1.000000
	convergence norms :     INITIAL         CURRENT         REQUIRED
	   residual            1.768940e-06    1.079016e-11    1.768940e-09 
	   energy              5.554358e-06    1.371802e-08    5.554358e-08 
	   displacement        1.744033e-05    1.744033e-05    1.744033e-11 
 2
 Nonlinear solution status: time= 0.04
	stiffness updates             = 1
	right hand side evaluations   = 3
	stiffness matrix reformations = 1
	step from line search         = 1.000000
	convergence norms :     INITIAL         CURRENT         REQUIRED
	   residual            1.768940e-06    3.223643e-14    1.768940e-09 
	   energy              5.554358e-06    1.847298e-12    5.554358e-08 
	   displacement        1.744033e-05    1.058588e-10    1.735450e-11 
 3
 Nonlinear solution status: time= 0.04
	stiffness updates             = 2
	right hand side evaluations   = 4
	stiffness matrix reformations = 1
	step from line search         = 1.000000
	convergence norms :     INITIAL         CURRENT         REQUIRED
	   residual            1.768940e-06    5.836438e-25    1.768940e-09 
	   energy              5.554358e-06    4.544733e-19    5.554358e-08 
	   displacement        1.744033e-05    3.538905e-13    1.734955e-11 

convergence summary
    number of iterations   : 3
    number of reformations : 1

------- converged at time : 0.04


===== beginning time step 5 : 0.05 =====


Reforming stiffness matrix: reformation #1

 1
 Nonlinear solution status: time= 0.05
	stiffness updates             = 0
	right hand side evaluations   = 2
	stiffness matrix reformations = 1
	step from line search         = 1.000000
	convergence norms :     INITIAL         CURRENT         REQUIRED
	   residual            1.572161e-06    9.840707e-12    1.572161e-09 
	   energy              5.209068e-06    1.303241e-08    5.209068e-08 
	   displacement        1.725929e-05    1.725929e-05    1.725929e-11 
 2
 Nonlinear solution status: time= 0.05
	stiffness updates             = 1
	right hand side evaluations   = 3
	stiffness matrix reformations = 1
	step from line search         = 1.000000
	convergence norms :     INITIAL         CURRENT         REQUIRED
	   residual            1.572161e-06    1.432649e-14    1.572161e-09 
	   energy              5.209068e-06    1.240968e-12    5.209068e-08 
	   displacement        1.725929e-05    1.074934e-10    1.717325e-11 
 3
 Nonlinear solution status: time= 0.05
	stiffness updates             = 2
	right hand side evaluations   = 4
	stiffness matrix reformations = 1
	step from line search         = 1.000000
	convergence norms :     INITIAL         CURRENT         REQUIRED
	   residual            1.572161e-06    2.563419e-25    1.572161e-09 
	   energy              5.209068e-06    2.082344e-19    5.209068e-08 
	   displacement        1.725929e-05    1.691552e-13    1.716984e-11 

convergence summary
    number of iterations   : 3
    number of reformations : 1

------- converged at time : 0.05


===== beginning time step 6 : 0.06 =====


Reforming stiffness matrix: reformation #1

 1
 Nonlinear solution status: time= 0.06
	stiffness updates             = 0
	right hand side evaluations   = 2
	stiffness matrix reformations = 1
	step from line search         = 1.000000
	convergence norms :     INITIAL         CURRENT         REQUIRED
	   residual            1.446644e-06    9.172197e-12    1.446644e-09 
	   energy              4.970915e-06    1.251677e-08    4.970915e-08 
	   displacement        1.708091e-05    1.708091e-05    1.708091e-11 
 2
 Nonlinear solution status: time= 0.06
	stiffness updates             = 1
	right hand side evaluations   = 3
	stiffness matrix reformations = 1
	step from line search         = 1.000000
	convergence norms :     INITIAL         CURRENT         REQUIRED
	   residual            1.446644e-06    7.035375e-15    1.446644e-09 
	   energy              4.970915e-06    8.706886e-13    4.970915e-08 
	   displacement        1.708091e-05    1.077553e-10    1.699522e-11 
 3
 Nonlinear solution status: time= 0.06
	stiffness updates             = 2
	right hand side evaluations   = 4
	stiffness matrix reformations = 1
	step from line search         = 1.000000
	convergence norms :     INITIAL         CURRENT         REQUIRED
	   residual            1.446644e-06    1.241415e-25    1.446644e-09 
	   energy              4.970915e-06    1.041795e-19    4.970915e-08 
	   displacement        1.708091e-05    8.742742e-14    1.699278e-11 

convergence summary
    number of iterations   : 3
    number of reformations : 1

------- converged at time : 0.06


===== beginning time step 7 : 0.07 =====


Reforming stiffness matrix: reformation #1

 1
 Nonlinear solution status: time= 0.07
	stiffness updates             = 0
	right hand side evaluations   = 2
	stiffness matrix reformations = 1
	step from line search         = 1.000000
	convergence norms :     INITIAL         CURRENT         REQUIRED
	   residual            1.360363e-06    8.670369e-12    1.360363e-09 
	   energy              4.795535e-06    1.210677e-08    4.795535e-08 
	   displacement        1.690515e-05    1.690515e-05    1.690515e-11 
 2
 Nonlinear solution status: time= 0.07
	stiffness updates             = 1
	right hand side evaluations   = 3
	stiffness matrix reformations = 1
	step from line search         = 1.000000
	convergence norms :     INITIAL         CURRENT         REQUIRED
	   residual            1.360363e-06    3.778006e-15    1.360363e-09 
	   energy              4.795535e-06    6.364103e-13    4.795535e-08 
	   displacement        1.690515e-05    1.072042e-10    1.682012e-11 
 3
 Nonlinear solution status: time= 0.07
	stiffness updates             = 2
	right hand side evaluations   = 4
	stiffness matrix reformations = 1
	step from line search         = 1.000000
	convergence norms :     INITIAL         CURRENT         REQUIRED
	   residual            1.360363e-06    6.572815e-26    1.360363e-09 
	   energy              4.795535e-06    5.659208e-20    4.795535e-08 
	   displacement        1.690515e-05    4.872590e-14    1.681831e-11 

convergence summary
    number of iterations   : 3
    number of reformations : 1

------- converged at time : 0.07


===== beginning time step 8 : 0.08 =====


Reforming stiffness matrix: reformation #1

 1
 Nonlinear solution status: time= 0.08
	stiffness updates             = 0
	right hand side evaluations   = 2
	stiffness matrix reformations = 1
	step from line search         = 1.000000
	convergence norms :     INITIAL         CURRENT         REQUIRED
	   residual            1.297316e-06    8.274010e-12    1.297316e-09 
	   energy              4.659039e-06    1.176607e-08    4.659039e-08 
	   displacement        1.673196e-05    1.673196e-05    1.673196e-11 
 2
 Nonlinear solution status: time= 0.08
	stiffness updates             = 1
	right hand side evaluations   = 3
	stiffness matrix reformations = 1
	step from line search         = 1.000000
	convergence norms :     INITIAL         CURRENT         REQUIRED
	   residual            1.297316e-06    2.190348e-15    1.297316e-09 
	   energy              4.659039e-06    4.822471e-13    4.659039e-08 
	   displacement        1.673196e-05    1.061760e-10    1.664777e-11 
 3
 Nonlinear solution status: time= 0.08
	stiffness updates             = 2
	right hand side evaluations   = 4
	stiffness matrix reformations = 1
	step from line search         = 1.000000
	convergence norms :     INITIAL         CURRENT         REQUIRED
	   residual            1.297316e-06    3.755109e-26    1.297316e-09 
	   energy              4.659039e-06    3.302533e-20    4.659039e-08 
	   displacement        1.673196e-05    2.904502e-14    1.664638e-11 

convergence summary
    number of iterations   : 3
    number of reformations : 1

------- converged at time : 0.08


===== beginning time step 9 : 0.09 =====


Reforming stiffness matrix: reformation #1

 1
 Nonlinear solution status: time= 0.09
	stiffness updates             = 0
	right hand side evaluations   = 2
	stiffness matrix reformations = 1
	step from line search         = 1.000000
	convergence norms :     INITIAL         CURRENT         REQUIRED
	   residual            1.248912e-06    7.948176e-12    1.248912e-09 
	   energy              4.547920e-06    1.147310e-08    4.547920e-08 
	   displacement        1.656128e-05    1.656128e-05    1.656128e-11 
 2
 Nonlinear solution status: time= 0.09
	stiffness updates             = 1
	right hand side evaluations   = 3
	stiffness matrix reformations = 1
	step from line search         = 1.000000
	convergence norms :     INITIAL         CURRENT         REQUIRED
	   residual            1.248912e-06    1.354063e-15    1.248912e-09 
	   energy              4.547920e-06    3.768253e-13    4.547920e-08 
	   displacement        1.656128e-05    1.048676e-10    1.647804e-11 
 3
 Nonlinear solution status: time= 0.09
	stiffness updates             = 2
	right hand side evaluations   = 4
	stiffness matrix reformations = 1
	step from line search         = 1.000000
	convergence norms :     INITIAL         CURRENT         REQUIRED
	   residual            1.248912e-06    2.288830e-26    1.248912e-09 
	   energy              4.547920e-06    2.048892e-20    4.547920e-08 
	   displacement        1.656128e-05    1.834105e-14    1.647694e-11 

convergence summary
    number of iterations   : 3
    number of reformations : 1

------- converged at time : 0.09


===== beginning time step 10 : 0.1 =====


Reforming stiffness matrix: reformation #1

 1
 Nonlinear solution status: time= 0.1
	stiffness updates             = 0
	right hand side evaluations   = 2
	stiffness matrix reformations = 1
	step from line search         = 1.000000
	convergence norms :     INITIAL         CURRENT         REQUIRED
	   residual            1.210239e-06    7.671776e-12    1.210239e-09 
	   energy              4.454161e-06    1.121446e-08    4.454161e-08 
	   displacement        1.639308e-05    1.639308e-05    1.639308e-11 
 2
 Nonlinear solution status: time= 0.1
	stiffness updates             = 1
	right hand side evaluations   = 3
	stiffness matrix reformations = 1
	step from line search         = 1.000000
	convergence norms :     INITIAL         CURRENT         REQUIRED
	   residual            1.210239e-06    8.829452e-16    1.210239e-09 
	   energy              4.454161e-06    3.021464e-13    4.454161e-08 
	   displacement        1.639308e-05    1.033953e-10    1.631084e-11 
 3
 Nonlinear solution status: time= 0.1
	stiffness updates             = 2
	right hand side evaluations   = 4
	stiffness matrix reformations = 1
	step from line search         = 1.000000
	convergence norms :     INITIAL         CURRENT         REQUIRED
	   residual            1.210239e-06    1.470637e-26    1.210239e-09 
	   energy              4.454161e-06    1.337231e-20    4.454161e-08 
	   displacement        1.639308e-05    1.215927e-14    1.630995e-11 

convergence summary
    number of iterations   : 3
    number of reformations : 1

------- converged at time : 0.1


===== beginning time step 11 : 0.11 =====


Reforming stiffness matrix: reformation #1

 1
 Nonlinear solution status: time= 0.11
	stiffness updates             = 0
	right hand side evaluations   = 2
	stiffness matrix reformations = 1
	step from line search         = 1.000000
	convergence norms :     INITIAL         CURRENT         REQUIRED
	   residual            1.178335e-06    7.431438e-12    1.178335e-09 
	   energy              4.372779e-06    1.098144e-08    4.372779e-08 
	   displacement        1.622729e-05    1.622729e-05    1.622729e-11 
 2
 Nonlinear solution status: time= 0.11
	stiffness updates             = 1
	right hand side evaluations   = 3
	stiffness matrix reformations = 1
	step from line search         = 1.000000
	convergence norms :     INITIAL         CURRENT         REQUIRED
	   residual            1.178335e-06    6.018924e-16    1.178335e-09 
	   energy              4.372779e-06    2.475684e-13    4.372779e-08 
	   displacement        1.622729e-05    1.018290e-10    1.614610e-11 
 3
 Nonlinear solution status: time= 0.11
	stiffness updates             = 2
	right hand side evaluations   = 4
	stiffness matrix reformations = 1
	step from line search         = 1.000000
	convergence norms :     INITIAL         CURRENT         REQUIRED
	   residual            1.178335e-06    9.880113e-27    1.178335e-09 
	   energy              4.372779e-06    9.108899e-21    4.372779e-08 
	   displacement        1.622729e-05    8.397884e-15    1.614536e-11 

convergence summary
    number of iterations   : 3
    number of reformations : 1

------- converged at time : 0.11


===== beginning time step 12 : 0.12 =====


Reforming stiffness matrix: reformation #1

 1
 Nonlinear solution status: time= 0.12
	stiffness updates             = 0
	right hand side evaluations   = 2
	stiffness matrix reformations = 1
	step from line search         = 1.000000
	convergence norms :     INITIAL         CURRENT         REQUIRED
	   residual            1.151320e-06    7.218312e-12    1.151320e-09 
	   energy              4.300544e-06    1.076820e-08    4.300544e-08 
	   displacement        1.606389e-05    1.606389e-05    1.606389e-11 
 2
 Nonlinear solution status: time= 0.12
	stiffness updates             = 1
	right hand side evaluations   = 3
	stiffness matrix reformations = 1
	step from line search         = 1.000000
	convergence norms :     INITIAL         CURRENT         REQUIRED
	   residual            1.151320e-06    4.258703e-16    1.151320e-09 
	   energy              4.300544e-06    2.065845e-13    4.300544e-08 
	   displacement        1.606389e-05    1.002116e-10    1.598374e-11 
 3
 Nonlinear solution status: time= 0.12
	stiffness updates             = 2
	right hand side evaluations   = 4
	stiffness matrix reformations = 1
	step from line search         = 1.000000
	convergence norms :     INITIAL         CURRENT         REQUIRED
	   residual            1.151320e-06    6.887324e-27    1.151320e-09 
	   energy              4.300544e-06    6.430634e-21    4.300544e-08 
	   displacement        1.606389e-05    6.004227e-15    1.598312e-11 

convergence summary
    number of iterations   : 3
    number of reformations : 1

------- converged at time : 0.12


===== beginning time step 13 : 0.13 =====


Reforming stiffness matrix: reformation #1

 1
 Nonlinear solution status: time= 0.13
	stiffness updates             = 0
	right hand side evaluations   = 2
	stiffness matrix reformations = 1
	step from line search         = 1.000000
	convergence norms :     INITIAL         CURRENT         REQUIRED
	   residual            1.127952e-06    7.026325e-12    1.127952e-09 
	   energy              4.235281e-06    1.057063e-08    4.235281e-08 
	   displacement        1.590281e-05    1.590281e-05    1.590281e-11 
 2
 Nonlinear solution status: time= 0.13
	stiffness updates             = 1
	right hand side evaluations   = 3
	stiffness matrix reformations = 1
	step from line search         = 1.000000
	convergence norms :     INITIAL         CURRENT         REQUIRED
	   residual            1.127952e-06    3.109744e-16    1.127952e-09 
	   energy              4.235281e-06    1.750796e-13    4.235281e-08 
	   displacement        1.590281e-05    9.857037e-11    1.582373e-11 
 3
 Nonlinear solution status: time= 0.13
	stiffness updates             = 2
	right hand side evaluations   = 4
	stiffness matrix reformations = 1
	step from line search         = 1.000000
	convergence norms :     INITIAL         CURRENT         REQUIRED
	   residual            1.127952e-06    4.962141e-27    1.127952e-09 
	   energy              4.235281e-06    4.683868e-21    4.235281e-08 
	   displacement        1.590281e-05    4.421204e-15    1.582320e-11 

convergence summary
    number of iterations   : 3
    number of reformations : 1

------- converged at time : 0.13


===== beginning time step 14 : 0.14 =====


Reforming stiffness matrix: reformation #1

 1
 Nonlinear solution status: time= 0.14
	stiffness updates             = 0
	right hand side evaluations   = 2
	stiffness matrix reformations = 1
	step from line search         = 1.000000
	convergence norms :     INITIAL         CURRENT         REQUIRED
	   residual            1.107379e-06    6.851169e-12    1.107379e-09 
	   energy              4.175477e-06    1.038581e-08    4.175477e-08 
	   displacement        1.574403e-05    1.574403e-05    1.574403e-11 
 2
 Nonlinear solution status: time= 0.14
	stiffness updates             = 1
	right hand side evaluations   = 3
	stiffness matrix reformations = 1
	step from line search         = 1.000000
	convergence norms :     INITIAL         CURRENT         REQUIRED
	   residual            1.107379e-06    2.332788e-16    1.107379e-09 
	   energy              4.175477e-06    1.503664e-13    4.175477e-08 
	   displacement        1.574403e-05    9.692288e-11    1.566600e-11 
 3
 Nonlinear solution status: time= 0.14
	stiffness updates             = 2
	right hand side evaluations   = 4
	stiffness matrix reformations = 1
	step from line search         = 1.000000
	convergence norms :     INITIAL         CURRENT         REQUIRED
	   residual            1.107379e-06    3.661503e-27    1.107379e-09 
	   energy              4.175477e-06    3.496550e-21    4.175477e-08 
	   displacement        1.574403e-05    3.339029e-15    1.566554e-11 

convergence summary
    number of iterations   : 3
    number of reformations : 1

------- converged at time : 0.14


===== beginning time step 15 : 0.15 =====


Reforming stiffness matrix: reformation #1

 1
 Nonlinear solution status: time= 0.15
	stiffness updates             = 0
	right hand side evaluations   = 2
	stiffness matrix reformations = 1
	step from line search         = 1.000000
	convergence norms :     INITIAL         CURRENT         REQUIRED
	   residual            1.089000e-06    6.689706e-12    1.089000e-09 
	   energy              4.120045e-06    1.021155e-08    4.120045e-08 
	   displacement        1.558749e-05    1.558749e-05    1.558749e-11 
 2
 Nonlinear solution status: time= 0.15
	stiffness updates             = 1
	right hand side evaluations   = 3
	stiffness matrix reformations = 1
	step from line search         = 1.000000
	convergence norms :     INITIAL         CURRENT         REQUIRED
	   residual            1.089000e-06    1.791141e-16    1.089000e-09 
	   energy              4.120045e-06    1.306374e-13    4.120045e-08 
	   displacement        1.558749e-05    9.528076e-11    1.551051e-11 
 3
 Nonlinear solution status: time= 0.15
	stiffness updates             = 2
	right hand side evaluations   = 4
	stiffness matrix reformations = 1
	step from line search         = 1.000000
	convergence norms :     INITIAL         CURRENT         REQUIRED
	   residual            1.089000e-06    2.779797e-27    1.089000e-09 
	   energy              4.120045e-06    2.676846e-21    4.120045e-08 
	   displacement        1.558749e-05    2.577710e-15    1.551011e-11 

convergence summary
    number of iterations   : 3
    number of reformations : 1

------- converged at time : 0.15


===== beginning time step 16 : 0.16 =====


Reforming stiffness matrix: reformation #1

 1
 Nonlinear solution status: time= 0.16
	stiffness updates             = 0
	right hand side evaluations   = 2
	stiffness matrix reformations = 1
	step from line search         = 1.000000
	convergence norms :     INITIAL         CURRENT         REQUIRED
	   residual            1.072376e-06    6.539590e-12    1.072376e-09 
	   energy              4.068186e-06    1.004622e-08    4.068186e-08 
	   displacement        1.543315e-05    1.543315e-05    1.543315e-11 
 2
 Nonlinear solution status: time= 0.16
	stiffness updates             = 1
	right hand side evaluations   = 3
	stiffness matrix reformations = 1
	step from line search         = 1.000000
	convergence norms :     INITIAL         CURRENT         REQUIRED
	   residual            1.072376e-06    1.403410e-16    1.072376e-09 
	   energy              4.068186e-06    1.146437e-13    4.068186e-08 
	   displacement        1.543315e-05    9.365177e-11    1.535721e-11 
 3
 Nonlinear solution status: time= 0.16
	stiffness updates             = 2
	right hand side evaluations   = 4
	stiffness matrix reformations = 1
	step from line search         = 1.000000
	convergence norms :     INITIAL         CURRENT         REQUIRED
	   residual            1.072376e-06    2.144373e-27    1.072376e-09 
	   energy              4.068186e-06    2.085651e-21    4.068186e-08 
	   displacement        1.543315e-05    2.028538e-15    1.535686e-11 

convergence summary
    number of iterations   : 3
    number of reformations : 1

------- converged at time : 0.16


===== beginning time step 17 : 0.17 =====


Reforming stiffness matrix: reformation #1

 1
 Nonlinear solution status: time= 0.17
	stiffness updates             = 0
	right hand side evaluations   = 2
	stiffness matrix reformations = 1
	step from line search         = 1.000000
	convergence norms :     INITIAL         CURRENT         REQUIRED
	   residual            1.057181e-06    6.399035e-12    1.057181e-09 
	   energy              4.019299e-06    9.888557e-09    4.019299e-08 
	   displacement        1.528098e-05    1.528098e-05    1.528098e-11 
 2
 Nonlinear solution status: time= 0.17
	stiffness updates             = 1
	right hand side evaluations   = 3
	stiffness matrix reformations = 1
	step from line search         = 1.000000
	convergence norms :     INITIAL         CURRENT         REQUIRED
	   residual            1.057181e-06    1.119351e-16    1.057181e-09 
	   energy              4.019299e-06    1.015019e-13    4.019299e-08 
	   displacement        1.528098e-05    9.204117e-11    1.520607e-11 
 3
 Nonlinear solution status: time= 0.17
	stiffness updates             = 2
	right hand side evaluations   = 4
	stiffness matrix reformations = 1
	step from line search         = 1.000000
	convergence norms :     INITIAL         CURRENT         REQUIRED
	   residual            1.057181e-06    1.691740e-27    1.057181e-09 
	   energy              4.019299e-06    1.657310e-21    4.019299e-08 
	   displacement        1.528098e-05    1.623582e-15    1.520576e-11 

convergence summary
    number of iterations   : 3
    number of reformations : 1

------- converged at time : 0.17


===== beginning time step 18 : 0.18 =====


Reforming stiffness matrix: reformation #1

 1
 Nonlinear solution status: time= 0.18
	stiffness updates             = 0
	right hand side evaluations   = 2
	stiffness matrix reformations = 1
	step from line search         = 1.000000
	convergence norms :     INITIAL         CURRENT         REQUIRED
	   residual            1.043169e-06    6.266652e-12    1.043169e-09 
	   energy              3.972924e-06    9.737573e-09    3.972924e-08 
	   displacement        1.513094e-05    1.513094e-05    1.513094e-11 
 2
 Nonlinear solution status: time= 0.18
	stiffness updates             = 1
	right hand side evaluations   = 3
	stiffness matrix reformations = 1
	step from line search         = 1.000000
	convergence norms :     INITIAL         CURRENT         REQUIRED
	   residual            1.043169e-06    9.069424e-17    1.043169e-09 
	   energy              3.972924e-06    9.057330e-14    3.972924e-08 
	   displacement        1.513094e-05    9.045252e-11    1.505704e-11 
 3
 Nonlinear solution status: time= 0.18
	stiffness updates             = 2
	right hand side evaluations   = 4
	stiffness matrix reformations = 1
	step from line search         = 1.000000
	convergence norms :     INITIAL         CURRENT         REQUIRED
	   residual            1.043169e-06    1.345732e-27    1.043169e-09 
	   energy              3.972924e-06    1.332346e-21    3.972924e-08 
	   displacement        1.513094e-05    1.319093e-15    1.505676e-11 

convergence summary
    number of iterations   : 3
    number of reformations : 1

------- converged at time : 0.18


===== beginning time step 19 : 0.19 =====


Reforming stiffness matrix: reformation #1

 1
 Nonlinear solution status: time= 0.19
	stiffness updates             = 0
	right hand side evaluations   = 2
	stiffness matrix reformations = 1
	step from line search         = 1.000000
	convergence norms :     INITIAL         CURRENT         REQUIRED
	   residual            1.030147e-06    6.141342e-12    1.030147e-09 
	   energy              3.928699e-06    9.592477e-09    3.928699e-08 
	   displacement        1.498298e-05    1.498298e-05    1.498298e-11 
 2
 Nonlinear solution status: time= 0.19
	stiffness updates             = 1
	right hand side evaluations   = 3
	stiffness matrix reformations = 1
	step from line search         = 1.000000
	convergence norms :     INITIAL         CURRENT         REQUIRED
	   residual            1.030147e-06    7.451968e-17    1.030147e-09 
	   energy              3.928699e-06    8.138748e-14    3.928699e-08 
	   displacement        1.498298e-05    8.888822e-11    1.491008e-11 
 3
 Nonlinear solution status: time= 0.19
	stiffness updates             = 2
	right hand side evaluations   = 4
	stiffness matrix reformations = 1
	step from line search         = 1.000000
	convergence norms :     INITIAL         CURRENT         REQUIRED
	   residual            1.030147e-06    1.089731e-27    1.030147e-09 
	   energy              3.928699e-06    1.087928e-21    3.928699e-08 
	   displacement        1.498298e-05    1.086132e-15    1.490983e-11 

convergence summary
    number of iterations   : 3
    number of reformations : 1

------- converged at time : 0.19


===== beginning time step 20 : 0.2 =====


Reforming stiffness matrix: reformation #1

 1
 Nonlinear solution status: time= 0.2
	stiffness updates             = 0
	right hand side evaluations   = 2
	stiffness matrix reformations = 1
	step from line search         = 1.000000
	convergence norms :     INITIAL         CURRENT         REQUIRED
	   residual            1.017965e-06    6.022226e-12    1.017965e-09 
	   energy              3.886339e-06    9.452630e-09    3.886339e-08 
	   displacement        1.483707e-05    1.483707e-05    1.483707e-11 
 2
 Nonlinear solution status: time= 0.2
	stiffness updates             = 1
	right hand side evaluations   = 3
	stiffness matrix reformations = 1
	step from line search         = 1.000000
	convergence norms :     INITIAL         CURRENT         REQUIRED
	   residual            1.017965e-06    6.200099e-17    1.017965e-09 
	   energy              3.886339e-06    7.359196e-14    3.886339e-08 
	   displacement        1.483707e-05    8.734985e-11    1.476516e-11 
 3
 Nonlinear solution status: time= 0.2
	stiffness updates             = 2
	right hand side evaluations   = 4
	stiffness matrix reformations = 1
	step from line search         = 1.000000
	convergence norms :     INITIAL         CURRENT         REQUIRED
	   residual            1.017965e-06    8.997730e-28    1.017965e-09 
	   energy              3.886339e-06    9.024300e-22    3.886339e-08 
	   displacement        1.483707e-05    9.050971e-16    1.476493e-11 

convergence summary
    number of iterations   : 3
    number of reformations : 1

------- converged at time : 0.2


===== beginning time step 21 : 0.21 =====


Reforming stiffness matrix: reformation #1

 1
 Nonlinear solution status: time= 0.21
	stiffness updates             = 0
	right hand side evaluations   = 2
	stiffness matrix reformations = 1
	step from line search         = 1.000000
	convergence norms :     INITIAL         CURRENT         REQUIRED
	   residual            1.006505e-06    5.908590e-12    1.006505e-09 
	   energy              3.845614e-06    9.317507e-09    3.845614e-08 
	   displacement        1.469318e-05    1.469318e-05    1.469318e-11 
 2
 Nonlinear solution status: time= 0.21
	stiffness updates             = 1
	right hand side evaluations   = 3
	stiffness matrix reformations = 1
	step from line search         = 1.000000
	convergence norms :     INITIAL         CURRENT         REQUIRED
	   residual            1.006505e-06    5.216898e-17    1.006505e-09 
	   energy              3.845614e-06    6.691863e-14    3.845614e-08 
	   displacement        1.469318e-05    8.583843e-11    1.462223e-11 
 3
 Nonlinear solution status: time= 0.21
	stiffness updates             = 2
	right hand side evaluations   = 4
	stiffness matrix reformations = 1
	step from line search         = 1.000000
	convergence norms :     INITIAL         CURRENT         REQUIRED
	   residual            1.006505e-06    7.433635e-28    1.006505e-09 
	   energy              3.845614e-06    7.528315e-22    3.845614e-08 
	   displacement        1.469318e-05    7.624213e-16    1.462202e-11 

convergence summary
    number of iterations   : 3
    number of reformations : 1

------- converged at time : 0.21


===== beginning time step 22 : 0.22 =====


Reforming stiffness matrix: reformation #1

 1
 Nonlinear solution status: time= 0.22
	stiffness updates             = 0
	right hand side evaluations   = 2
	stiffness matrix reformations = 1
	step from line search         = 1.000000
	convergence norms :     INITIAL         CURRENT         REQUIRED
	   residual            9.956676e-07    5.799844e-12    9.956676e-10 
	   energy              3.806338e-06    9.186675e-09    3.806338e-08 
	   displacement        1.455125e-05    1.455125e-05    1.455125e-11 
 2
 Nonlinear solution status: time= 0.22
	stiffness updates             = 1
	right hand side evaluations   = 3
	stiffness matrix reformations = 1
	step from line search         = 1.000000
	convergence norms :     INITIAL         CURRENT         REQUIRED
	   residual            9.956676e-07    4.434412e-17    9.956676e-10 
	   energy              3.806338e-06    6.116068e-14    3.806338e-08 
	   displacement        1.455125e-05    8.435454e-11    1.448127e-11 
 3
 Nonlinear solution status: time= 0.22
	stiffness updates             = 2
	right hand side evaluations   = 4
	stiffness matrix reformations = 1
	step from line search         = 1.000000
	convergence norms :     INITIAL         CURRENT         REQUIRED
	   residual            9.956676e-07    6.211808e-28    9.956676e-10 
	   energy              3.806338e-06    6.347101e-22    3.806338e-08 
	   displacement        1.455125e-05    6.485348e-16    1.448107e-11 

convergence summary
    number of iterations   : 3
    number of reformations : 1

------- converged at time : 0.22


===== beginning time step 23 : 0.23 =====


Reforming stiffness matrix: reformation #1

 1
 Nonlinear solution status: time= 0.23
	stiffness updates             = 0
	right hand side evaluations   = 2
	stiffness matrix reformations = 1
	step from line search         = 1.000000
	convergence norms :     INITIAL         CURRENT         REQUIRED
	   residual            9.853755e-07    5.695500e-12    9.853755e-10 
	   energy              3.768357e-06    9.059767e-09    3.768357e-08 
	   displacement        1.441127e-05    1.441127e-05    1.441127e-11 
 2
 Nonlinear solution status: time= 0.23
	stiffness updates             = 1
	right hand side evaluations   = 3
	stiffness matrix reformations = 1
	step from line search         = 1.000000
	convergence norms :     INITIAL         CURRENT         REQUIRED
	   residual            9.853755e-07    3.804130e-17    9.853755e-10 
	   energy              3.768357e-06    5.615662e-14    3.768357e-08 
	   displacement        1.441127e-05    8.289848e-11    1.434222e-11 
 3
 Nonlinear solution status: time= 0.23
	stiffness updates             = 2
	right hand side evaluations   = 4
	stiffness matrix reformations = 1
	step from line search         = 1.000000
	convergence norms :     INITIAL         CURRENT         REQUIRED
	   residual            9.853755e-07    5.268505e-28    9.853755e-10 
	   energy              3.768357e-06    5.415049e-22    3.768357e-08 
	   displacement        1.441127e-05    5.565674e-16    1.434205e-11 

convergence summary
    number of iterations   : 3
    number of reformations : 1

------- converged at time : 0.23


===== beginning time step 24 : 0.24 =====


Reforming stiffness matrix: reformation #1

 1
 Nonlinear solution status: time= 0.24
	stiffness updates             = 0
	right hand side evaluations   = 2
	stiffness matrix reformations = 1
	step from line search         = 1.000000
	convergence norms :     INITIAL         CURRENT         REQUIRED
	   residual            9.755632e-07    5.595145e-12    9.755632e-10 
	   energy              3.731541e-06    8.936475e-09    3.731541e-08 
	   displacement        1.427319e-05    1.427319e-05    1.427319e-11 
 2
 Nonlinear solution status: time= 0.24
	stiffness updates             = 1
	right hand side evaluations   = 3
	stiffness matrix reformations = 1
	step from line search         = 1.000000
	convergence norms :     INITIAL         CURRENT         REQUIRED
	   residual            9.755632e-07    3.290840e-17    9.755632e-10 
	   energy              3.731541e-06    5.177894e-14    3.731541e-08 
	   displacement        1.427319e-05    8.147032e-11    1.420507e-11 
 3
 Nonlinear solution status: time= 0.24
	stiffness updates             = 2
	right hand side evaluations   = 4
	stiffness matrix reformations = 1
	step from line search         = 1.000000
	convergence norms :     INITIAL         CURRENT         REQUIRED
	   residual            9.755632e-07    4.508567e-28    9.755632e-10 
	   energy              3.731541e-06    4.659303e-22    3.731541e-08 
	   displacement        1.427319e-05    4.815085e-16    1.420491e-11 

convergence summary
    number of iterations   : 3
    number of reformations : 1

------- converged at time : 0.24


===== beginning time step 25 : 0.25 =====


Reforming stiffness matrix: reformation #1

 1
 Nonlinear solution status: time= 0.25
	stiffness updates             = 0
	right hand side evaluations   = 2
	stiffness matrix reformations = 1
	step from line search         = 1.000000
	convergence norms :     INITIAL         CURRENT         REQUIRED
	   residual            9.661765e-07    5.498433e-12    9.661765e-10 
	   energy              3.695785e-06    8.816534e-09    3.695785e-08 
	   displacement        1.413699e-05    1.413699e-05    1.413699e-11 
 2
 Nonlinear solution status: time= 0.25
	stiffness updates             = 1
	right hand side evaluations   = 3
	stiffness matrix reformations = 1
	step from line search         = 1.000000
	convergence norms :     INITIAL         CURRENT         REQUIRED
	   residual            9.661765e-07    2.868603e-17    9.661765e-10 
	   energy              3.695785e-06    4.792587e-14    3.695785e-08 
	   displacement        1.413699e-05    8.006997e-11    1.406978e-11 
 3
 Nonlinear solution status: time= 0.25
	stiffness updates             = 2
	right hand side evaluations   = 4
	stiffness matrix reformations = 1
	step from line search         = 1.000000
	convergence norms :     INITIAL         CURRENT         REQUIRED
	   residual            9.661765e-07    3.890641e-28    9.661765e-10 
	   energy              3.695785e-06    4.040668e-22    3.695785e-08 
	   displacement        1.413699e-05    4.196501e-16    1.406962e-11 

convergence summary
    number of iterations   : 3
    number of reformations : 1

------- converged at time : 0.25


===== beginning time step 26 : 0.26 =====


Reforming stiffness matrix: reformation #1

 1
 Nonlinear solution status: time= 0.26
	stiffness updates             = 0
	right hand side evaluations   = 2
	stiffness matrix reformations = 1
	step from line search         = 1.000000
	convergence norms :     INITIAL         CURRENT         REQUIRED
	   residual            9.571700e-07    5.405063e-12    9.571700e-10 
	   energy              3.660995e-06    8.699715e-09    3.660995e-08 
	   displacement        1.400262e-05    1.400262e-05    1.400262e-11 
 2
 Nonlinear solution status: time= 0.26
	stiffness updates             = 1
	right hand side evaluations   = 3
	stiffness matrix reformations = 1
	step from line search         = 1.000000
	convergence norms :     INITIAL         CURRENT         REQUIRED
	   residual            9.571700e-07    2.518040e-17    9.571700e-10 
	   energy              3.660995e-06    4.451547e-14    3.660995e-08 
	   displacement        1.400262e-05    7.869721e-11    1.393630e-11 
 3
 Nonlinear solution status: time= 0.26
	stiffness updates             = 2
	right hand side evaluations   = 4
	stiffness matrix reformations = 1
	step from line search         = 1.000000
	convergence norms :     INITIAL         CURRENT         REQUIRED
	   residual            9.571700e-07    3.346190e-28    9.571700e-10 
	   energy              3.660995e-06    3.510138e-22    3.660995e-08 
	   displacement        1.400262e-05    3.682120e-16    1.393616e-11 

convergence summary
    number of iterations   : 3
    number of reformations : 1

------- converged at time : 0.26


===== beginning time step 27 : 0.27 =====


Reforming stiffness matrix: reformation #1

 1
 Nonlinear solution status: time= 0.27
	stiffness updates             = 0
	right hand side evaluations   = 2
	stiffness matrix reformations = 1
	step from line search         = 1.000000
	convergence norms :     INITIAL         CURRENT         REQUIRED
	   residual            9.485052e-07    5.314779e-12    9.485052e-10 
	   energy              3.627095e-06    8.585819e-09    3.627095e-08 
	   displacement        1.387006e-05    1.387006e-05    1.387006e-11 
 2
 Nonlinear solution status: time= 0.27
	stiffness updates             = 1
	right hand side evaluations   = 3
	stiffness matrix reformations = 1
	step from line search         = 1.000000
	convergence norms :     INITIAL         CURRENT         REQUIRED
	   residual            9.485052e-07    2.224494e-17    9.485052e-10 
	   energy              3.627095e-06    4.148114e-14    3.627095e-08 
	   displacement        1.387006e-05    7.735174e-11    1.380462e-11 
 3
 Nonlinear solution status: time= 0.27
	stiffness updates             = 2
	right hand side evaluations   = 4
	stiffness matrix reformations = 1
	step from line search         = 1.000000
	convergence norms :     INITIAL         CURRENT         REQUIRED
	   residual            9.485052e-07    2.904058e-28    9.485052e-10 
	   energy              3.627095e-06    3.072549e-22    3.627095e-08 
	   displacement        1.387006e-05    3.250835e-16    1.380449e-11 

convergence summary
    number of iterations   : 3
    number of reformations : 1

------- converged at time : 0.27


===== beginning time step 28 : 0.28 =====


Reforming stiffness matrix: reformation #1

 1
 Nonlinear solution status: time= 0.28
	stiffness updates             = 0
	right hand side evaluations   = 2
	stiffness matrix reformations = 1
	step from line search         = 1.000000
	convergence norms :     INITIAL         CURRENT         REQUIRED
	   residual            9.401492e-07    5.227357e-12    9.401492e-10 
	   energy              3.594018e-06    8.474672e-09    3.594018e-08 
	   displacement        1.373927e-05    1.373927e-05    1.373927e-11 
 2
 Nonlinear solution status: time= 0.28
	stiffness updates             = 1
	right hand side evaluations   = 3
	stiffness matrix reformations = 1
	step from line search         = 1.000000
	convergence norms :     INITIAL         CURRENT         REQUIRED
	   residual            9.401492e-07    1.976747e-17    9.401492e-10 
	   energy              3.594018e-06    3.876834e-14    3.594018e-08 
	   displacement        1.373927e-05    7.603321e-11    1.367470e-11 
 3
 Nonlinear solution status: time= 0.28
	stiffness updates             = 2
	right hand side evaluations   = 4
	stiffness matrix reformations = 1
	step from line search         = 1.000000
	convergence norms :     INITIAL         CURRENT         REQUIRED
	   residual            9.401492e-07    2.538238e-28    9.401492e-10 
	   energy              3.594018e-06    2.706744e-22    3.594018e-08 
	   displacement        1.373927e-05    2.886442e-16    1.367458e-11 

convergence summary
    number of iterations   : 3
    number of reformations : 1

------- converged at time : 0.28


===== beginning time step 29 : 0.29 =====


Reforming stiffness matrix: reformation #1

 1
 Nonlinear solution status: time= 0.29
	stiffness updates             = 0
	right hand side evaluations   = 2
	stiffness matrix reformations = 1
	step from line search         = 1.000000
	convergence norms :     INITIAL         CURRENT         REQUIRED
	   residual            9.320738e-07    5.142601e-12    9.320738e-10 
	   energy              3.561704e-06    8.366120e-09    3.561704e-08 
	   displacement        1.361022e-05    1.361022e-05    1.361022e-11 
 2
 Nonlinear solution status: time= 0.29
	stiffness updates             = 1
	right hand side evaluations   = 3
	stiffness matrix reformations = 1
	step from line search         = 1.000000
	convergence norms :     INITIAL         CURRENT         REQUIRED
	   residual            9.320738e-07    1.766119e-17    9.320738e-10 
	   energy              3.561704e-06    3.633206e-14    3.561704e-08 
	   displacement        1.361022e-05    7.474119e-11    1.354651e-11 
 3
 Nonlinear solution status: time= 0.29
	stiffness updates             = 2
	right hand side evaluations   = 4
	stiffness matrix reformations = 1
	step from line search         = 1.000000
	convergence norms :     INITIAL         CURRENT         REQUIRED
	   residual            9.320738e-07    2.252523e-28    9.320738e-10 
	   energy              3.561704e-06    2.409009e-22    3.561704e-08 
	   displacement        1.361022e-05    2.576371e-16    1.354639e-11 

convergence summary
    number of iterations   : 3
    number of reformations : 1

------- converged at time : 0.29


===== beginning time step 30 : 0.3 =====


Reforming stiffness matrix: reformation #1

 1
 Nonlinear solution status: time= 0.3
	stiffness updates             = 0
	right hand side evaluations   = 2
	stiffness matrix reformations = 1
	step from line search         = 1.000000
	convergence norms :     INITIAL         CURRENT         REQUIRED
	   residual            9.242548e-07    5.060339e-12    9.242548e-10 
	   energy              3.530103e-06    8.260025e-09    3.530103e-08 
	   displacement        1.348289e-05    1.348289e-05    1.348289e-11 
 2
 Nonlinear solution status: time= 0.3
	stiffness updates             = 1
	right hand side evaluations   = 3
	stiffness matrix reformations = 1
	step from line search         = 1.000000
	convergence norms :     INITIAL         CURRENT         REQUIRED
	   residual            9.242548e-07    1.585831e-17    9.242548e-10 
	   energy              3.530103e-06    3.413492e-14    3.530103e-08 
	   displacement        1.348289e-05    7.347523e-11    1.342002e-11 
 3
 Nonlinear solution status: time= 0.3
	stiffness updates             = 2
	right hand side evaluations   = 4
	stiffness matrix reformations = 1
	step from line search         = 1.000000
	convergence norms :     INITIAL         CURRENT         REQUIRED
	   residual            9.242548e-07    1.999849e-28    9.242548e-10 
	   energy              3.530103e-06    2.149693e-22    3.530103e-08 
	   displacement        1.348289e-05    2.310772e-16    1.341991e-11 

convergence summary
    number of iterations   : 3
    number of reformations : 1

------- converged at time : 0.3


===== beginning time step 31 : 0.31 =====


Reforming stiffness matrix: reformation #1

 1
 Nonlinear solution status: time= 0.31
	stiffness updates             = 0
	right hand side evaluations   = 2
	stiffness matrix reformations = 1
	step from line search         = 1.000000
	convergence norms :     INITIAL         CURRENT         REQUIRED
	   residual            9.166710e-07    4.980417e-12    9.166710e-10 
	   energy              3.499171e-06    8.156265e-09    3.499171e-08 
	   displacement        1.335725e-05    1.335725e-05    1.335725e-11 
 2
 Nonlinear solution status: time= 0.31
	stiffness updates             = 1
	right hand side evaluations   = 3
	stiffness matrix reformations = 1
	step from line search         = 1.000000
	convergence norms :     INITIAL         CURRENT         REQUIRED
	   residual            9.166710e-07    1.430531e-17    9.166710e-10 
	   energy              3.499171e-06    3.214565e-14    3.499171e-08 
	   displacement        1.335725e-05    7.223487e-11    1.329519e-11 
 3
 Nonlinear solution status: time= 0.31
	stiffness updates             = 2
	right hand side evaluations   = 4
	stiffness matrix reformations = 1
	step from line search         = 1.000000
	convergence norms :     INITIAL         CURRENT         REQUIRED
	   residual            9.166710e-07    1.777942e-28    9.166710e-10 
	   energy              3.499171e-06    1.923904e-22    3.499171e-08 
	   displacement        1.335725e-05    2.081862e-16    1.329509e-11 

convergence summary
    number of iterations   : 3
    number of reformations : 1

------- converged at time : 0.31


===== beginning time step 32 : 0.32 =====


Reforming stiffness matrix: reformation #1

 1
 Nonlinear solution status: time= 0.32
	stiffness updates             = 0
	right hand side evaluations   = 2
	stiffness matrix reformations = 1
	step from line search         = 1.000000
	convergence norms :     INITIAL         CURRENT         REQUIRED
	   residual            9.093038e-07    4.902700e-12    9.093038e-10 
	   energy              3.468868e-06    8.054729e-09    3.468868e-08 
	   displacement        1.323325e-05    1.323325e-05    1.323325e-11 
 2
 Nonlinear solution status: time= 0.32
	stiffness updates             = 1
	right hand side evaluations   = 3
	stiffness matrix reformations = 1
	step from line search         = 1.000000
	convergence norms :     INITIAL         CURRENT         REQUIRED
	   residual            9.093038e-07    1.295966e-17    9.093038e-10 
	   energy              3.468868e-06    3.033793e-14    3.468868e-08 
	   displacement        1.323325e-05    7.101962e-11    1.317201e-11 
 3
 Nonlinear solution status: time= 0.32
	stiffness updates             = 2
	right hand side evaluations   = 4
	stiffness matrix reformations = 1
	step from line search         = 1.000000
	convergence norms :     INITIAL         CURRENT         REQUIRED
	   residual            9.093038e-07    1.601593e-28    9.093038e-10 
	   energy              3.468868e-06    1.736800e-22    3.468868e-08 
	   displacement        1.323325e-05    1.883433e-16    1.317191e-11 

convergence summary
    number of iterations   : 3
    number of reformations : 1

------- converged at time : 0.32


===== beginning time step 33 : 0.33 =====


Reforming stiffness matrix: reformation #1

 1
 Nonlinear solution status: time= 0.33
	stiffness updates             = 0
	right hand side evaluations   = 2
	stiffness matrix reformations = 1
	step from line search         = 1.000000
	convergence norms :     INITIAL         CURRENT         REQUIRED
	   residual            9.021372e-07    4.827064e-12    9.021372e-10 
	   energy              3.439159e-06    7.955318e-09    3.439159e-08 
	   displacement        1.311089e-05    1.311089e-05    1.311089e-11 
 2
 Nonlinear solution status: time= 0.33
	stiffness updates             = 1
	right hand side evaluations   = 3
	stiffness matrix reformations = 1
	step from line search         = 1.000000
	convergence norms :     INITIAL         CURRENT         REQUIRED
	   residual            9.021372e-07    1.178722e-17    9.021372e-10 
	   energy              3.439159e-06    2.868953e-14    3.439159e-08 
	   displacement        1.311089e-05    6.982897e-11    1.305044e-11 
 3
 Nonlinear solution status: time= 0.33
	stiffness updates             = 2
	right hand side evaluations   = 4
	stiffness matrix reformations = 1
	step from line search         = 1.000000
	convergence norms :     INITIAL         CURRENT         REQUIRED
	   residual            9.021372e-07    1.434623e-28    9.021372e-10 
	   energy              3.439159e-06    1.566487e-22    3.439159e-08 
	   displacement        1.311089e-05    1.710496e-16    1.305035e-11 

convergence summary
    number of iterations   : 3
    number of reformations : 1

------- converged at time : 0.33


===== beginning time step 34 : 0.34 =====


Reforming stiffness matrix: reformation #1

 1
 Nonlinear solution status: time= 0.34
	stiffness updates             = 0
	right hand side evaluations   = 2
	stiffness matrix reformations = 1
	step from line search         = 1.000000
	convergence norms :     INITIAL         CURRENT         REQUIRED
	   residual            8.951567e-07    4.753401e-12    8.951567e-10 
	   energy              3.410013e-06    7.857941e-09    3.410013e-08 
	   displacement        1.299012e-05    1.299012e-05    1.299012e-11 
 2
 Nonlinear solution status: time= 0.34
	stiffness updates             = 1
	right hand side evaluations   = 3
	stiffness matrix reformations = 1
	step from line search         = 1.000000
	convergence norms :     INITIAL         CURRENT         REQUIRED
	   residual            8.951567e-07    1.076039e-17    8.951567e-10 
	   energy              3.410013e-06    2.718151e-14    3.410013e-08 
	   displacement        1.299012e-05    6.866243e-11    1.293045e-11 
 3
 Nonlinear solution status: time= 0.34
	stiffness updates             = 2
	right hand side evaluations   = 4
	stiffness matrix reformations = 1
	step from line search         = 1.000000
	convergence norms :     INITIAL         CURRENT         REQUIRED
	   residual            8.951567e-07    1.278948e-28    8.951567e-10 
	   energy              3.410013e-06    1.412051e-22    3.410013e-08 
	   displacement        1.299012e-05    1.559016e-16    1.293037e-11 

convergence summary
    number of iterations   : 3
    number of reformations : 1

------- converged at time : 0.34


===== beginning time step 35 : 0.35 =====


Reforming stiffness matrix: reformation #1

 1
 Nonlinear solution status: time= 0.35
	stiffness updates             = 0
	right hand side evaluations   = 2
	stiffness matrix reformations = 1
	step from line search         = 1.000000
	convergence norms :     INITIAL         CURRENT         REQUIRED
	   residual            8.883497e-07    4.681610e-12    8.883497e-10 
	   energy              3.381402e-06    7.762514e-09    3.381402e-08 
	   displacement        1.287092e-05    1.287092e-05    1.287092e-11 
 2
 Nonlinear solution status: time= 0.35
	stiffness updates             = 1
	right hand side evaluations   = 3
	stiffness matrix reformations = 1
	step from line search         = 1.000000
	convergence norms :     INITIAL         CURRENT         REQUIRED
	   residual            8.883497e-07    9.856720e-18    8.883497e-10 
	   energy              3.381402e-06    2.579769e-14    3.381402e-08 
	   displacement        1.287092e-05    6.751949e-11    1.281203e-11 
 3
 Nonlinear solution status: time= 0.35
	stiffness updates             = 2
	right hand side evaluations   = 4
	stiffness matrix reformations = 1
	step from line search         = 1.000000
	convergence norms :     INITIAL         CURRENT         REQUIRED
	   residual            8.883497e-07    1.149654e-28    8.883497e-10 
	   energy              3.381402e-06    1.280253e-22    3.381402e-08 
	   displacement        1.287092e-05    1.425698e-16    1.281194e-11 

convergence summary
    number of iterations   : 3
    number of reformations : 1

------- converged at time : 0.35


===== beginning time step 36 : 0.36 =====


Reforming stiffness matrix: reformation #1

 1
 Nonlinear solution status: time= 0.36
	stiffness updates             = 0
	right hand side evaluations   = 2
	stiffness matrix reformations = 1
	step from line search         = 1.000000
	convergence norms :     INITIAL         CURRENT         REQUIRED
	   residual            8.817050e-07    4.611602e-12    8.817050e-10 
	   energy              3.353299e-06    7.668962e-09    3.353299e-08 
	   displacement        1.275327e-05    1.275327e-05    1.275327e-11 
 2
 Nonlinear solution status: time= 0.36
	stiffness updates             = 1
	right hand side evaluations   = 3
	stiffness matrix reformations = 1
	step from line search         = 1.000000
	convergence norms :     INITIAL         CURRENT         REQUIRED
	   residual            8.817050e-07    9.057809e-18    8.817050e-10 
	   energy              3.353299e-06    2.452418e-14    3.353299e-08 
	   displacement        1.275327e-05    6.639964e-11    1.269513e-11 
 3
 Nonlinear solution status: time= 0.36
	stiffness updates             = 2
	right hand side evaluations   = 4
	stiffness matrix reformations = 1
	step from line search         = 1.000000
	convergence norms :     INITIAL         CURRENT         REQUIRED
	   residual            8.817050e-07    1.049339e-28    8.817050e-10 
	   energy              3.353299e-06    1.171475e-22    3.353299e-08 
	   displacement        1.275327e-05    1.307842e-16    1.269505e-11 

convergence summary
    number of iterations   : 3
    number of reformations : 1

------- converged at time : 0.36


===== beginning time step 37 : 0.37 =====


Reforming stiffness matrix: reformation #1

 1
 Nonlinear solution status: time= 0.37
	stiffness updates             = 0
	right hand side evaluations   = 2
	stiffness matrix reformations = 1
	step from line search         = 1.000000
	convergence norms :     INITIAL         CURRENT         REQUIRED
	   residual            8.752123e-07    4.543292e-12    8.752123e-10 
	   energy              3.325684e-06    7.577214e-09    3.325684e-08 
	   displacement        1.263713e-05    1.263713e-05    1.263713e-11 
 2
 Nonlinear solution status: time= 0.37
	stiffness updates             = 1
	right hand side evaluations   = 3
	stiffness matrix reformations = 1
	step from line search         = 1.000000
	convergence norms :     INITIAL         CURRENT         REQUIRED
	   residual            8.752123e-07    8.348476e-18    8.752123e-10 
	   energy              3.325684e-06    2.334899e-14    3.325684e-08 
	   displacement        1.263713e-05    6.530237e-11    1.257974e-11 
 3
 Nonlinear solution status: time= 0.37
	stiffness updates             = 2
	right hand side evaluations   = 4
	stiffness matrix reformations = 1
	step from line search         = 1.000000
	convergence norms :     INITIAL         CURRENT         REQUIRED
	   residual            8.752123e-07    9.616440e-29    8.752123e-10 
	   energy              3.325684e-06    1.075661e-22    3.325684e-08 
	   displacement        1.263713e-05    1.203216e-16    1.257966e-11 

convergence summary
    number of iterations   : 3
    number of reformations : 1

------- converged at time : 0.37


===== beginning time step 38 : 0.38 =====


Reforming stiffness matrix: reformation #1

 1
 Nonlinear solution status: time= 0.38
	stiffness updates             = 0
	right hand side evaluations   = 2
	stiffness matrix reformations = 1
	step from line search         = 1.000000
	convergence norms :     INITIAL         CURRENT         REQUIRED
	   residual            8.688627e-07    4.476606e-12    8.688627e-10 
	   energy              3.298533e-06    7.487206e-09    3.298533e-08 
	   displacement        1.252249e-05    1.252249e-05    1.252249e-11 
 2
 Nonlinear solution status: time= 0.38
	stiffness updates             = 1
	right hand side evaluations   = 3
	stiffness matrix reformations = 1
	step from line search         = 1.000000
	convergence norms :     INITIAL         CURRENT         REQUIRED
	   residual            8.688627e-07    7.716130e-18    8.688627e-10 
	   energy              3.298533e-06    2.226175e-14    3.298533e-08 
	   displacement        1.252249e-05    6.422721e-11    1.246583e-11 
 3
 Nonlinear solution status: time= 0.38
	stiffness updates             = 2
	right hand side evaluations   = 4
	stiffness matrix reformations = 1
	step from line search         = 1.000000
	convergence norms :     INITIAL         CURRENT         REQUIRED
	   residual            8.688627e-07    8.794093e-29    8.688627e-10 
	   energy              3.298533e-06    9.879799e-23    3.298533e-08 
	   displacement        1.252249e-05    1.109969e-16    1.246576e-11 

convergence summary
    number of iterations   : 3
    number of reformations : 1

------- converged at time : 0.38


===== beginning time step 39 : 0.39 =====


Reforming stiffness matrix: reformation #1

 1
 Nonlinear solution status: time= 0.39
	stiffness updates             = 0
	right hand side evaluations   = 2
	stiffness matrix reformations = 1
	step from line search         = 1.000000
	convergence norms :     INITIAL         CURRENT         REQUIRED
	   residual            8.626479e-07    4.411474e-12    8.626479e-10 
	   energy              3.271829e-06    7.398876e-09    3.271829e-08 
	   displacement        1.240931e-05    1.240931e-05    1.240931e-11 
 2
 Nonlinear solution status: time= 0.39
	stiffness updates             = 1
	right hand side evaluations   = 3
	stiffness matrix reformations = 1
	step from line search         = 1.000000
	convergence norms :     INITIAL         CURRENT         REQUIRED
	   residual            8.626479e-07    7.150261e-18    8.626479e-10 
	   energy              3.271829e-06    2.125342e-14    3.271829e-08 
	   displacement        1.240931e-05    6.317364e-11    1.235338e-11 
 3
 Nonlinear solution status: time= 0.39
	stiffness updates             = 2
	right hand side evaluations   = 4
	stiffness matrix reformations = 1
	step from line search         = 1.000000
	convergence norms :     INITIAL         CURRENT         REQUIRED
	   residual            8.626479e-07    8.147284e-29    8.626479e-10 
	   energy              3.271829e-06    9.145198e-23    3.271829e-08 
	   displacement        1.240931e-05    1.026551e-16    1.235331e-11 

convergence summary
    number of iterations   : 3
    number of reformations : 1

------- converged at time : 0.39


===== beginning time step 40 : 0.4 =====


Reforming stiffness matrix: reformation #1

 1
 Nonlinear solution status: time= 0.4
	stiffness updates             = 0
	right hand side evaluations   = 2
	stiffness matrix reformations = 1
	step from line search         = 1.000000
	convergence norms :     INITIAL         CURRENT         REQUIRED
	   residual            8.565607e-07    4.347832e-12    8.565607e-10 
	   energy              3.245555e-06    7.312169e-09    3.245555e-08 
	   displacement        1.229758e-05    1.229758e-05    1.229758e-11 
 2
 Nonlinear solution status: time= 0.4
	stiffness updates             = 1
	right hand side evaluations   = 3
	stiffness matrix reformations = 1
	step from line search         = 1.000000
	convergence norms :     INITIAL         CURRENT         REQUIRED
	   residual            8.565607e-07    6.642057e-18    8.565607e-10 
	   energy              3.245555e-06    2.031614e-14    3.245555e-08 
	   displacement        1.229758e-05    6.214120e-11    1.224236e-11 
 3
 Nonlinear solution status: time= 0.4
	stiffness updates             = 2
	right hand side evaluations   = 4
	stiffness matrix reformations = 1
	step from line search         = 1.000000
	convergence norms :     INITIAL         CURRENT         REQUIRED
	   residual            8.565607e-07    7.300921e-29    8.565607e-10 
	   energy              3.245555e-06    8.335453e-23    3.245555e-08 
	   displacement        1.229758e-05    9.516642e-17    1.224229e-11 

convergence summary
    number of iterations   : 3
    number of reformations : 1

------- converged at time : 0.4


===== beginning time step 41 : 0.41 =====


Reforming stiffness matrix: reformation #1

 1
 Nonlinear solution status: time= 0.41
	stiffness updates             = 0
	right hand side evaluations   = 2
	stiffness matrix reformations = 1
	step from line search         = 1.000000
	convergence norms :     INITIAL         CURRENT         REQUIRED
	   residual            8.505942e-07    4.285619e-12    8.505942e-10 
	   energy              3.219693e-06    7.227032e-09    3.219693e-08 
	   displacement        1.218727e-05    1.218727e-05    1.218727e-11 
 2
 Nonlinear solution status: time= 0.41
	stiffness updates             = 1
	right hand side evaluations   = 3
	stiffness matrix reformations = 1
	step from line search         = 1.000000
	convergence norms :     INITIAL         CURRENT         REQUIRED
	   residual            8.505942e-07    6.184086e-18    8.505942e-10 
	   energy              3.219693e-06    1.944298e-14    3.219693e-08 
	   displacement        1.218727e-05    6.112940e-11    1.213274e-11 
 3
 Nonlinear solution status: time= 0.41
	stiffness updates             = 2
	right hand side evaluations   = 4
	stiffness matrix reformations = 1
	step from line search         = 1.000000
	convergence norms :     INITIAL         CURRENT         REQUIRED
	   residual            8.505942e-07    6.757931e-29    8.505942e-10 
	   energy              3.219693e-06    7.730040e-23    3.219693e-08 
	   displacement        1.218727e-05    8.842113e-17    1.213268e-11 

convergence summary
    number of iterations   : 3
    number of reformations : 1

------- converged at time : 0.41


===== beginning time step 42 : 0.42 =====


Reforming stiffness matrix: reformation #1

 1
 Nonlinear solution status: time= 0.42
	stiffness updates             = 0
	right hand side evaluations   = 2
	stiffness matrix reformations = 1
	step from line search         = 1.000000
	convergence norms :     INITIAL         CURRENT         REQUIRED
	   residual            8.447425e-07    4.224781e-12    8.447425e-10 
	   energy              3.194229e-06    7.143417e-09    3.194229e-08 
	   displacement        1.207835e-05    1.207835e-05    1.207835e-11 
 2
 Nonlinear solution status: time= 0.42
	stiffness updates             = 1
	right hand side evaluations   = 3
	stiffness matrix reformations = 1
	step from line search         = 1.000000
	convergence norms :     INITIAL         CURRENT         REQUIRED
	   residual            8.447425e-07    5.770052e-18    8.447425e-10 
	   energy              3.194229e-06    1.862788e-14    3.194229e-08 
	   displacement        1.207835e-05    6.013777e-11    1.202451e-11 
 3
 Nonlinear solution status: time= 0.42
	stiffness updates             = 2
	right hand side evaluations   = 4
	stiffness matrix reformations = 1
	step from line search         = 1.000000
	convergence norms :     INITIAL         CURRENT         REQUIRED
	   residual            8.447425e-07    6.192884e-29    8.447425e-10 
	   energy              3.194229e-06    7.140276e-23    3.194229e-08 
	   displacement        1.207835e-05    8.232628e-17    1.202445e-11 

convergence summary
    number of iterations   : 3
    number of reformations : 1

------- converged at time : 0.42


===== beginning time step 43 : 0.43 =====


Reforming stiffness matrix: reformation #1

 1
 Nonlinear solution status: time= 0.43
	stiffness updates             = 0
	right hand side evaluations   = 2
	stiffness matrix reformations = 1
	step from line search         = 1.000000
	convergence norms :     INITIAL         CURRENT         REQUIRED
	   residual            8.389999e-07    4.165267e-12    8.389999e-10 
	   energy              3.169150e-06    7.061276e-09    3.169150e-08 
	   displacement        1.197081e-05    1.197081e-05    1.197081e-11 
 2
 Nonlinear solution status: time= 0.43
	stiffness updates             = 1
	right hand side evaluations   = 3
	stiffness matrix reformations = 1
	step from line search         = 1.000000
	convergence norms :     INITIAL         CURRENT         REQUIRED
	   residual            8.389999e-07    5.394596e-18    8.389999e-10 
	   energy              3.169150e-06    1.786550e-14    3.169150e-08 
	   displacement        1.197081e-05    5.916587e-11    1.191764e-11 
 3
 Nonlinear solution status: time= 0.43
	stiffness updates             = 2
	right hand side evaluations   = 4
	stiffness matrix reformations = 1
	step from line search         = 1.000000
	convergence norms :     INITIAL         CURRENT         REQUIRED
	   residual            8.389999e-07    5.798880e-29    8.389999e-10 
	   energy              3.169150e-06    6.673532e-23    3.169150e-08 
	   displacement        1.197081e-05    7.680270e-17    1.191758e-11 

convergence summary
    number of iterations   : 3
    number of reformations : 1

------- converged at time : 0.43


===== beginning time step 44 : 0.44 =====


Reforming stiffness matrix: reformation #1

 1
 Nonlinear solution status: time= 0.44
	stiffness updates             = 0
	right hand side evaluations   = 2
	stiffness matrix reformations = 1
	step from line search         = 1.000000
	convergence norms :     INITIAL         CURRENT         REQUIRED
	   residual            8.333614e-07    4.107027e-12    8.333614e-10 
	   energy              3.144442e-06    6.980566e-09    3.144442e-08 
	   displacement        1.186462e-05    1.186462e-05    1.186462e-11 
 2
 Nonlinear solution status: time= 0.44
	stiffness updates             = 1
	right hand side evaluations   = 3
	stiffness matrix reformations = 1
	step from line search         = 1.000000
	convergence norms :     INITIAL         CURRENT         REQUIRED
	   residual            8.333614e-07    5.053139e-18    8.333614e-10 
	   energy              3.144442e-06    1.715108e-14    3.144442e-08 
	   displacement        1.186462e-05    5.821324e-11    1.181211e-11 
 3
 Nonlinear solution status: time= 0.44
	stiffness updates             = 2
	right hand side evaluations   = 4
	stiffness matrix reformations = 1
	step from line search         = 1.000000
	convergence norms :     INITIAL         CURRENT         REQUIRED
	   residual            8.333614e-07    5.329159e-29    8.333614e-10 
	   energy              3.144442e-06    6.184932e-23    3.144442e-08 
	   displacement        1.186462e-05    7.178265e-17    1.181206e-11 

convergence summary
    number of iterations   : 3
    number of reformations : 1

------- converged at time : 0.44


===== beginning time step 45 : 0.45 =====


Reforming stiffness matrix: reformation #1

 1
 Nonlinear solution status: time= 0.45
	stiffness updates             = 0
	right hand side evaluations   = 2
	stiffness matrix reformations = 1
	step from line search         = 1.000000
	convergence norms :     INITIAL         CURRENT         REQUIRED
	   residual            8.278223e-07    4.050017e-12    8.278223e-10 
	   energy              3.120094e-06    6.901246e-09    3.120094e-08 
	   displacement        1.175975e-05    1.175975e-05    1.175975e-11 
 2
 Nonlinear solution status: time= 0.45
	stiffness updates             = 1
	right hand side evaluations   = 3
	stiffness matrix reformations = 1
	step from line search         = 1.000000
	convergence norms :     INITIAL         CURRENT         REQUIRED
	   residual            8.278223e-07    4.741749e-18    8.278223e-10 
	   energy              3.120094e-06    1.648044e-14    3.120094e-08 
	   displacement        1.175975e-05    5.727944e-11    1.170790e-11 
 3
 Nonlinear solution status: time= 0.45
	stiffness updates             = 2
	right hand side evaluations   = 4
	stiffness matrix reformations = 1
	step from line search         = 1.000000
	convergence norms :     INITIAL         CURRENT         REQUIRED
	   residual            8.278223e-07    4.959304e-29    8.278223e-10 
	   energy              3.120094e-06    5.773241e-23    3.120094e-08 
	   displacement        1.175975e-05    6.720799e-17    1.170785e-11 

convergence summary
    number of iterations   : 3
    number of reformations : 1

------- converged at time : 0.45


===== beginning time step 46 : 0.46 =====


Reforming stiffness matrix: reformation #1

 1
 Nonlinear solution status: time= 0.46
	stiffness updates             = 0
	right hand side evaluations   = 2
	stiffness matrix reformations = 1
	step from line search         = 1.000000
	convergence norms :     INITIAL         CURRENT         REQUIRED
	   residual            8.223783e-07    3.994194e-12    8.223783e-10 
	   energy              3.096095e-06    6.823277e-09    3.096095e-08 
	   displacement        1.165619e-05    1.165619e-05    1.165619e-11 
 2
 Nonlinear solution status: time= 0.46
	stiffness updates             = 1
	right hand side evaluations   = 3
	stiffness matrix reformations = 1
	step from line search         = 1.000000
	convergence norms :     INITIAL         CURRENT         REQUIRED
	   residual            8.223783e-07    4.457037e-18    8.223783e-10 
	   energy              3.096095e-06    1.584982e-14    3.096095e-08 
	   displacement        1.165619e-05    5.636405e-11    1.160499e-11 
 3
 Nonlinear solution status: time= 0.46
	stiffness updates             = 2
	right hand side evaluations   = 4
	stiffness matrix reformations = 1
	step from line search         = 1.000000
	convergence norms :     INITIAL         CURRENT         REQUIRED
	   residual            8.223783e-07    4.519314e-29    8.223783e-10 
	   energy              3.096095e-06    5.337088e-23    3.096095e-08 
	   displacement        1.165619e-05    6.302854e-17    1.160493e-11 

convergence summary
    number of iterations   : 3
    number of reformations : 1

------- converged at time : 0.46


===== beginning time step 47 : 0.47 =====


Reforming stiffness matrix: reformation #1

 1
 Nonlinear solution status: time= 0.47
	stiffness updates             = 0
	right hand side evaluations   = 2
	stiffness matrix reformations = 1
	step from line search         = 1.000000
	convergence norms :     INITIAL         CURRENT         REQUIRED
	   residual            8.170255e-07    3.939520e-12    8.170255e-10 
	   energy              3.072434e-06    6.746622e-09    3.072434e-08 
	   displacement        1.155392e-05    1.155392e-05    1.155392e-11 
 2
 Nonlinear solution status: time= 0.47
	stiffness updates             = 1
	right hand side evaluations   = 3
	stiffness matrix reformations = 1
	step from line search         = 1.000000
	convergence norms :     INITIAL         CURRENT         REQUIRED
	   residual            8.170255e-07    4.196072e-18    8.170255e-10 
	   energy              3.072434e-06    1.525589e-14    3.072434e-08 
	   displacement        1.155392e-05    5.546664e-11    1.150335e-11 
 3
 Nonlinear solution status: time= 0.47
	stiffness updates             = 2
	right hand side evaluations   = 4
	stiffness matrix reformations = 1
	step from line search         = 1.000000
	convergence norms :     INITIAL         CURRENT         REQUIRED
	   residual            8.170255e-07    4.243256e-29    8.170255e-10 
	   energy              3.072434e-06    5.011978e-23    3.072434e-08 
	   displacement        1.155392e-05    5.920092e-17    1.150330e-11 

convergence summary
    number of iterations   : 3
    number of reformations : 1

------- converged at time : 0.47


===== beginning time step 48 : 0.48 =====


Reforming stiffness matrix: reformation #1

 1
 Nonlinear solution status: time= 0.48
	stiffness updates             = 0
	right hand side evaluations   = 2
	stiffness matrix reformations = 1
	step from line search         = 1.000000
	convergence norms :     INITIAL         CURRENT         REQUIRED
	   residual            8.117602e-07    3.885955e-12    8.117602e-10 
	   energy              3.049101e-06    6.671245e-09    3.049101e-08 
	   displacement        1.145291e-05    1.145291e-05    1.145291e-11 
 2
 Nonlinear solution status: time= 0.48
	stiffness updates             = 1
	right hand side evaluations   = 3
	stiffness matrix reformations = 1
	step from line search         = 1.000000
	convergence norms :     INITIAL         CURRENT         REQUIRED
	   residual            8.117602e-07    3.956311e-18    8.117602e-10 
	   energy              3.049101e-06    1.469566e-14    3.049101e-08 
	   displacement        1.145291e-05    5.458681e-11    1.140296e-11 
 3
 Nonlinear solution status: time= 0.48
	stiffness updates             = 2
	right hand side evaluations   = 4
	stiffness matrix reformations = 1
	step from line search         = 1.000000
	convergence norms :     INITIAL         CURRENT         REQUIRED
	   residual            8.117602e-07    3.970512e-29    8.117602e-10 
	   energy              3.049101e-06    4.702132e-23    3.049101e-08 
	   displacement        1.145291e-05    5.568743e-17    1.140291e-11 

convergence summary
    number of iterations   : 3
    number of reformations : 1

------- converged at time : 0.48


===== beginning time step 49 : 0.49 =====


Reforming stiffness matrix: reformation #1

 1
 Nonlinear solution status: time= 0.49
	stiffness updates             = 0
	right hand side evaluations   = 2
	stiffness matrix reformations = 1
	step from line search         = 1.000000
	convergence norms :     INITIAL         CURRENT         REQUIRED
	   residual            8.065789e-07    3.833465e-12    8.065789e-10 
	   energy              3.026088e-06    6.597114e-09    3.026088e-08 
	   displacement        1.135315e-05    1.135315e-05    1.135315e-11 
 2
 Nonlinear solution status: time= 0.49
	stiffness updates             = 1
	right hand side evaluations   = 3
	stiffness matrix reformations = 1
	step from line search         = 1.000000
	convergence norms :     INITIAL         CURRENT         REQUIRED
	   residual            8.065789e-07    3.735535e-18    8.065789e-10 
	   energy              3.026088e-06    1.416645e-14    3.026088e-08 
	   displacement        1.135315e-05    5.372415e-11    1.130381e-11 
 3
 Nonlinear solution status: time= 0.49
	stiffness updates             = 2
	right hand side evaluations   = 4
	stiffness matrix reformations = 1
	step from line search         = 1.000000
	convergence norms :     INITIAL         CURRENT         REQUIRED
	   residual            8.065789e-07    3.767642e-29    8.065789e-10 
	   energy              3.026088e-06    4.445577e-23    3.026088e-08 
	   displacement        1.135315e-05    5.245521e-17    1.130376e-11 

convergence summary
    number of iterations   : 3
    number of reformations : 1

------- converged at time : 0.49


===== beginning time step 50 : 0.5 =====


Reforming stiffness matrix: reformation #1

 1
 Nonlinear solution status: time= 0.5
	stiffness updates             = 0
	right hand side evaluations   = 2
	stiffness matrix reformations = 1
	step from line search         = 1.000000
	convergence norms :     INITIAL         CURRENT         REQUIRED
	   residual            8.014786e-07    3.782017e-12    8.014786e-10 
	   energy              3.003386e-06    6.524195e-09    3.003386e-08 
	   displacement        1.125461e-05    1.125461e-05    1.125461e-11 
 2
 Nonlinear solution status: time= 0.5
	stiffness updates             = 1
	right hand side evaluations   = 3
	stiffness matrix reformations = 1
	step from line search         = 1.000000
	convergence norms :     INITIAL         CURRENT         REQUIRED
	   residual            8.014786e-07    3.531807e-18    8.014786e-10 
	   energy              3.003386e-06    1.366586e-14    3.003386e-08 
	   displacement        1.125461e-05    5.287827e-11    1.120587e-11 
 3
 Nonlinear solution status: time= 0.5
	stiffness updates             = 2
	right hand side evaluations   = 4
	stiffness matrix reformations = 1
	step from line search         = 1.000000
	convergence norms :     INITIAL         CURRENT         REQUIRED
	   residual            8.014786e-07    3.409588e-29    8.014786e-10 
	   energy              3.003386e-06    4.107171e-23    3.003386e-08 
	   displacement        1.125461e-05    4.947555e-17    1.120583e-11 

convergence summary
    number of iterations   : 3
    number of reformations : 1

------- converged at time : 0.5



 N O N L I N E A R   I T E R A T I O N   I N F O R M A T I O N

	Number of time steps completed .................... : 50

	Total number of equilibrium iterations ............ : 150

	Average number of equilibrium iterations .......... : 3

	Total number of right hand evaluations ............ : 200

	Total number of stiffness reformations ............ : 50


 L I N E A R   S O L V E R   S T A T S

	Total calls to linear solver ........ : 0

	Avg iterations per solve ............ : 0

	Time in linear solver: 0:00:00


 Elapsed time : 0:00:00

 T I M I N G   I N F O R M A T I O N

	Input time ...................... : 0:00:00 (0.000720532 sec)

	Initialization time ............. : 0:00:00 (0.000693087 sec)

	Solve time ...................... : 0:00:00 (0.0332036 sec)

	   IO-time (plot, dmp, data) .... : 0:00:00 (0.0240548 sec)

	   serialization ................ : 0:00:00 (0 sec)

	   reforming stiffness .......... : 0:00:00 (3.2263e-05 sec)

	   evaluating stiffness ......... : 0:00:00 (0.00072745 sec)

	   evaluating residual .......... : 0:00:00 (0.00101844 sec)

	   model update ................. : 0:00:00 (0.00430845 sec)

	   QN updates ................... : 0:00:00 (2.0923e-05 sec)

	   time in linear solver ........ : 0:00:00 (7.982e-05 sec)

	Total elapsed time .............. : 0:00:00 (0.0344483 sec)


 N O R M A L   T E R M I N A T I O N

