===========================================================================
         ________    _________   _______       __     _________            
        |        |\ |        |\ |       \\    |  |\  /         \\          
        |    ____|| |    ____|| |    __  ||   |__|| |    ___    ||         
        |   |\___\| |   |\___\| |   |\_| ||    \_\| |   //  \   ||         
        |   ||__    |   ||__    |   ||_| ||   |  |\ |  ||    |  ||         
        |       |\  |       |\  |         \\  |  || |  ||    |  ||         
        |    ___||  |    ___||  |    ___   || |  || |  ||    |  ||         
        |   |\__\|  |   |\__\|  |   |\__|  || |  || |  ||    |  ||         
        |   ||      |   ||___   |   ||__|  || |  || |   \\__/   ||         
        |   ||      |        |\ |          || |  || |           ||         
        |___||      |________|| |_________//  |__||  \_________//          
                                                                           
      F I N I T E   E L E M E N T S   F O R   B I O M E C H A N I C S      
                                                                           
  version 4.13.0.067bd8c2f
  FEBio is a registered trademark.                                         
  copyright (c) 2006-2026 - All rights reserved                            
                                                                           
===========================================================================





 FILES USED
===========================================================================
	Input file : /home/z/my-project/discovery-evidence-fabric/CEREVASC_R2_C3_PHENOTYPE_DISCOVERY/ROUND_56/ROUND130_ARTIFACTS/SOLVER_OUTPUT/C5-R130-002/input.feb
	Plot file  : /home/z/my-project/discovery-evidence-fabric/CEREVASC_R2_C3_PHENOTYPE_DISCOVERY/ROUND_56/ROUND130_ARTIFACTS/SOLVER_OUTPUT/C5-R130-002/input.xplt
	Log file   : /home/z/my-project/discovery-evidence-fabric/CEREVASC_R2_C3_PHENOTYPE_DISCOVERY/ROUND_56/ROUND130_ARTIFACTS/SOLVER_OUTPUT/C5-R130-002/input.log


 MESH INFO
===========================================================================
	Number of materials ............................ : 1
	Number of domains .............................. : 1
	Number of nodes ................................ : 8
	Number of solid elements ....................... : 1


 MODULE
===========================================================================
	Module type ....................................... : solid


 CONTROL DATA
===========================================================================
	analysis .......................................... : STATIC (0)
	time_steps ........................................ : 50
	step_size ......................................... : 0.01
	plot_zero_state ................................... : no (0)
	plot_range ........................................ : 0,-1
	plot_level ........................................ : PLOT_MAJOR_ITRS (1)
	output_level ...................................... : OUTPUT_MAJOR_ITRS (1)
	plot_stride ....................................... : 1
	output_stride ..................................... : 1
	adaptor_re_solve .................................. : yes (1)
	Auto time stepper activated ....................... : no
 SOLVER PARAMETERS
===========================================================================
	symmetric_stiffness ............................... : symmetric (1)
	equation_scheme ................................... : staggered (0)
	equation_order .................................... : default (0)
	optimize_bw ....................................... : no (0)
	lstol ............................................. : 0.9
	lsmin ............................................. : 0.01
	lsiter ............................................ : 5
	ls_check_jacobians ................................ : no (0)
	max_refs .......................................... : 15
	check_zero_diagonal ............................... : no (0)
	zero_diagonal_tol ................................. : 0
	force_partition ................................... : 0
	reform_each_time_step ............................. : yes (1)
	reform_augment .................................... : no (0)
	diverge_reform .................................... : yes (1)
	min_residual ...................................... : 1e-20
	max_residual ...................................... : 0
	dtol .............................................. : 0.001
	etol .............................................. : 0.01
	rtol .............................................. : 0.001
	rhoi .............................................. : -1
	alpha ............................................. : 1
	beta .............................................. : 0.25
	gamma ............................................. : 0.5
	logSolve .......................................... : no (0)
	arc_length ........................................ : 0
	arc_length_scale .................................. : 0






 MATERIAL DATA
===========================================================================
  1 - FractureNH (type: damage neo-Hookean)
	density ........................................... : 1
	E ................................................. : 1
	v ................................................. : 0.3
	a ................................................. : 0.005
	b ................................................. : 0.34


 BOUNDARY CONDITION DATA
===========================================================================
  1 -  Type: zero displacement
	x_dof ............................................. : no (0)
	y_dof ............................................. : no (0)
	z_dof ............................................. : yes (1)
---------------------------------------------------------------------------
  2 -  Type: zero displacement
	x_dof ............................................. : yes (1)
	y_dof ............................................. : no (0)
	z_dof ............................................. : no (0)
---------------------------------------------------------------------------
  3 -  Type: zero displacement
	x_dof ............................................. : no (0)
	y_dof ............................................. : yes (1)
	z_dof ............................................. : no (0)
---------------------------------------------------------------------------
  4 -  Type: prescribed displacement
	dof ............................................... : 2
	value ............................................. : 0.5
	relative .......................................... : no (0)


 LOAD CONTROLLER DATA
===========================================================================
load controller   1 - (noname) (type: loadcurve)
	interpolate ....................................... : LINEAR (0)
	extend ............................................ : CONSTANT (0)
	points ............................................ : (can't display value)


 OUTPUT DATA
===========================================================================
 LINEAR SOLVER DATA
===========================================================================
	Default linear solver ............................. : skyline


 *************************************************************************
 * Selecting linear solver skyline                                       *
 *************************************************************************

===== beginning time step 1 : 0.01 =====


Reforming stiffness matrix: reformation #1

===== reforming stiffness matrix:
	Nr of equations ........................... : 12
	Nr of nonzeroes in stiffness matrix ....... : 78
 1
 Nonlinear solution status: time= 0.01
	stiffness updates             = 0
	right hand side evaluations   = 2
	stiffness matrix reformations = 1
	step from line search         = 1.000000
	convergence norms :     INITIAL         CURRENT         REQUIRED
	   residual            4.160503e-06    1.671249e-11    4.160503e-09 
	   energy              8.653846e-06    1.734430e-08    8.653846e-08 
	   displacement        1.800000e-05    1.800000e-05    1.800000e-11 
 2
 Nonlinear solution status: time= 0.01
	stiffness updates             = 1
	right hand side evaluations   = 3
	stiffness matrix reformations = 1
	step from line search         = 1.000000
	convergence norms :     INITIAL         CURRENT         REQUIRED
	   residual            4.160503e-06    9.846460e-13    4.160503e-09 
	   energy              8.653846e-06    8.420821e-12    8.653846e-08 
	   displacement        1.800000e-05    7.201596e-11    1.792806e-11 
 3
 Nonlinear solution status: time= 0.01
	stiffness updates             = 2
	right hand side evaluations   = 4
	stiffness matrix reformations = 1
	step from line search         = 1.000000
	convergence norms :     INITIAL         CURRENT         REQUIRED
	   residual            4.160503e-06    1.591914e-23    4.160503e-09 
	   energy              8.653846e-06    1.085279e-17    8.653846e-08 
	   displacement        1.800000e-05    7.398839e-12    1.790504e-11 

convergence summary
    number of iterations   : 3
    number of reformations : 1

------- converged at time : 0.01


===== beginning time step 2 : 0.02 =====


Reforming stiffness matrix: reformation #1

 1
 Nonlinear solution status: time= 0.02
	stiffness updates             = 0
	right hand side evaluations   = 2
	stiffness matrix reformations = 1
	step from line search         = 1.000000
	convergence norms :     INITIAL         CURRENT         REQUIRED
	   residual            2.370235e-06    1.122924e-11    2.370235e-09 
	   energy              6.497337e-06    1.414213e-08    6.497337e-08 
	   displacement        1.781063e-05    1.781063e-05    1.781063e-11 
 2
 Nonlinear solution status: time= 0.02
	stiffness updates             = 1
	right hand side evaluations   = 3
	stiffness matrix reformations = 1
	step from line search         = 1.000000
	convergence norms :     INITIAL         CURRENT         REQUIRED
	   residual            2.370235e-06    3.401109e-13    2.370235e-09 
	   energy              6.497337e-06    5.345460e-12    6.497337e-08 
	   displacement        1.781063e-05    8.401359e-11    1.773335e-11 
 3
 Nonlinear solution status: time= 0.02
	stiffness updates             = 2
	right hand side evaluations   = 4
	stiffness matrix reformations = 1
	step from line search         = 1.000000
	convergence norms :     INITIAL         CURRENT         REQUIRED
	   residual            2.370235e-06    6.069804e-24    2.370235e-09 
	   energy              6.497337e-06    4.758120e-18    6.497337e-08 
	   displacement        1.781063e-05    3.729891e-12    1.771709e-11 

convergence summary
    number of iterations   : 3
    number of reformations : 1

------- converged at time : 0.02


===== beginning time step 3 : 0.03 =====


Reforming stiffness matrix: reformation #1

 1
 Nonlinear solution status: time= 0.03
	stiffness updates             = 0
	right hand side evaluations   = 2
	stiffness matrix reformations = 1
	step from line search         = 1.000000
	convergence norms :     INITIAL         CURRENT         REQUIRED
	   residual            1.607041e-06    8.527130e-12    1.607041e-09 
	   energy              5.321903e-06    1.225900e-08    5.321903e-08 
	   displacement        1.762410e-05    1.762410e-05    1.762410e-11 
 2
 Nonlinear solution status: time= 0.03
	stiffness updates             = 1
	right hand side evaluations   = 3
	stiffness matrix reformations = 1
	step from line search         = 1.000000
	convergence norms :     INITIAL         CURRENT         REQUIRED
	   residual            1.607041e-06    1.270700e-13    1.607041e-09 
	   energy              5.321903e-06    3.439249e-12    5.321903e-08 
	   displacement        1.762410e-05    9.308597e-11    1.754318e-11 
 3
 Nonlinear solution status: time= 0.03
	stiffness updates             = 2
	right hand side evaluations   = 4
	stiffness matrix reformations = 1
	step from line search         = 1.000000
	convergence norms :     INITIAL         CURRENT         REQUIRED
	   residual            1.607041e-06    2.299873e-24    1.607041e-09 
	   energy              5.321903e-06    2.034491e-18    5.321903e-08 
	   displacement        1.762410e-05    1.799731e-12    1.753195e-11 

convergence summary
    number of iterations   : 3
    number of reformations : 1

------- converged at time : 0.03


===== beginning time step 4 : 0.04 =====


Reforming stiffness matrix: reformation #1

 1
 Nonlinear solution status: time= 0.04
	stiffness updates             = 0
	right hand side evaluations   = 2
	stiffness matrix reformations = 1
	step from line search         = 1.000000
	convergence norms :     INITIAL         CURRENT         REQUIRED
	   residual            1.231363e-06    7.020024e-12    1.231363e-09 
	   energy              4.634153e-06    1.106488e-08    4.634153e-08 
	   displacement        1.744033e-05    1.744033e-05    1.744033e-11 
 2
 Nonlinear solution status: time= 0.04
	stiffness updates             = 1
	right hand side evaluations   = 3
	stiffness matrix reformations = 1
	step from line search         = 1.000000
	convergence norms :     INITIAL         CURRENT         REQUIRED
	   residual            1.231363e-06    5.192797e-14    1.231363e-09 
	   energy              4.634153e-06    2.266828e-12    4.634153e-08 
	   displacement        1.744033e-05    9.895459e-11    1.735735e-11 
 3
 Nonlinear solution status: time= 0.04
	stiffness updates             = 2
	right hand side evaluations   = 4
	stiffness matrix reformations = 1
	step from line search         = 1.000000
	convergence norms :     INITIAL         CURRENT         REQUIRED
	   residual            1.231363e-06    9.359724e-25    1.231363e-09 
	   energy              4.634153e-06    9.056029e-19    4.634153e-08 
	   displacement        1.744033e-05    8.762187e-13    1.734955e-11 

convergence summary
    number of iterations   : 3
    number of reformations : 1

------- converged at time : 0.04


===== beginning time step 5 : 0.05 =====


Reforming stiffness matrix: reformation #1

 1
 Nonlinear solution status: time= 0.05
	stiffness updates             = 0
	right hand side evaluations   = 2
	stiffness matrix reformations = 1
	step from line search         = 1.000000
	convergence norms :     INITIAL         CURRENT         REQUIRED
	   residual            1.022840e-06    6.088988e-12    1.022840e-09 
	   energy              4.201606e-06    1.025142e-08    4.201606e-08 
	   displacement        1.725929e-05    1.725929e-05    1.725929e-11 
 2
 Nonlinear solution status: time= 0.05
	stiffness updates             = 1
	right hand side evaluations   = 3
	stiffness matrix reformations = 1
	step from line search         = 1.000000
	convergence norms :     INITIAL         CURRENT         REQUIRED
	   residual            1.022840e-06    2.335226e-14    1.022840e-09 
	   energy              4.201606e-06    1.545206e-12    4.201606e-08 
	   displacement        1.725929e-05    1.022454e-10    1.717538e-11 
 3
 Nonlinear solution status: time= 0.05
	stiffness updates             = 2
	right hand side evaluations   = 4
	stiffness matrix reformations = 1
	step from line search         = 1.000000
	convergence norms :     INITIAL         CURRENT         REQUIRED
	   residual            1.022840e-06    4.166324e-25    1.022840e-09 
	   energy              4.201606e-06    4.308781e-19    4.201606e-08 
	   displacement        1.725929e-05    4.456108e-13    1.716984e-11 

convergence summary
    number of iterations   : 3
    number of reformations : 1

------- converged at time : 0.05


===== beginning time step 6 : 0.06 =====


Reforming stiffness matrix: reformation #1

 1
 Nonlinear solution status: time= 0.06
	stiffness updates             = 0
	right hand side evaluations   = 2
	stiffness matrix reformations = 1
	step from line search         = 1.000000
	convergence norms :     INITIAL         CURRENT         REQUIRED
	   residual            8.951183e-07    5.463936e-12    8.951183e-10 
	   energy              3.910171e-06    9.660695e-09    3.910171e-08 
	   displacement        1.708091e-05    1.708091e-05    1.708091e-11 
 2
 Nonlinear solution status: time= 0.06
	stiffness updates             = 1
	right hand side evaluations   = 3
	stiffness matrix reformations = 1
	step from line search         = 1.000000
	convergence norms :     INITIAL         CURRENT         REQUIRED
	   residual            8.951183e-07    1.152721e-14    8.951183e-10 
	   energy              3.910171e-06    1.093600e-12    3.910171e-08 
	   displacement        1.708091e-05    1.037512e-10    1.699682e-11 
 3
 Nonlinear solution status: time= 0.06
	stiffness updates             = 2
	right hand side evaluations   = 4
	stiffness matrix reformations = 1
	step from line search         = 1.000000
	convergence norms :     INITIAL         CURRENT         REQUIRED
	   residual            8.951183e-07    2.031268e-25    8.951183e-10 
	   energy              3.910171e-06    2.210089e-19    3.910171e-08 
	   displacement        1.708091e-05    2.404653e-13    1.699278e-11 

convergence summary
    number of iterations   : 3
    number of reformations : 1

------- converged at time : 0.06


===== beginning time step 7 : 0.07 =====


Reforming stiffness matrix: reformation #1

 1
 Nonlinear solution status: time= 0.07
	stiffness updates             = 0
	right hand side evaluations   = 2
	stiffness matrix reformations = 1
	step from line search         = 1.000000
	convergence norms :     INITIAL         CURRENT         REQUIRED
	   residual            8.103772e-07    5.015274e-12    8.103772e-10 
	   energy              3.701291e-06    9.207822e-09    3.701291e-08 
	   displacement        1.690515e-05    1.690515e-05    1.690515e-11 
 2
 Nonlinear solution status: time= 0.07
	stiffness updates             = 1
	right hand side evaluations   = 3
	stiffness matrix reformations = 1
	step from line search         = 1.000000
	convergence norms :     INITIAL         CURRENT         REQUIRED
	   residual            8.103772e-07    6.190973e-15    8.103772e-10 
	   energy              3.701291e-06    8.028117e-13    3.701291e-08 
	   displacement        1.690515e-05    1.041042e-10    1.682136e-11 
 3
 Nonlinear solution status: time= 0.07
	stiffness updates             = 2
	right hand side evaluations   = 4
	stiffness matrix reformations = 1
	step from line search         = 1.000000
	convergence norms :     INITIAL         CURRENT         REQUIRED
	   residual            8.103772e-07    1.075905e-25    8.103772e-10 
	   energy              3.701291e-06    1.218671e-19    3.701291e-08 
	   displacement        1.690515e-05    1.380381e-13    1.681831e-11 

convergence summary
    number of iterations   : 3
    number of reformations : 1

------- converged at time : 0.07


===== beginning time step 8 : 0.08 =====


Reforming stiffness matrix: reformation #1

 1
 Nonlinear solution status: time= 0.08
	stiffness updates             = 0
	right hand side evaluations   = 2
	stiffness matrix reformations = 1
	step from line search         = 1.000000
	convergence norms :     INITIAL         CURRENT         REQUIRED
	   residual            7.504176e-07    4.675576e-12    7.504176e-10 
	   energy              3.543439e-06    8.844861e-09    3.543439e-08 
	   displacement        1.673196e-05    1.673196e-05    1.673196e-11 
 2
 Nonlinear solution status: time= 0.08
	stiffness updates             = 1
	right hand side evaluations   = 3
	stiffness matrix reformations = 1
	step from line search         = 1.000000
	convergence norms :     INITIAL         CURRENT         REQUIRED
	   residual            7.504176e-07    3.576409e-15    7.504176e-10 
	   energy              3.543439e-06    6.090884e-13    3.543439e-08 
	   displacement        1.673196e-05    1.037322e-10    1.664874e-11 
 3
 Nonlinear solution status: time= 0.08
	stiffness updates             = 2
	right hand side evaluations   = 4
	stiffness matrix reformations = 1
	step from line search         = 1.000000
	convergence norms :     INITIAL         CURRENT         REQUIRED
	   residual            7.504176e-07    6.130153e-26    7.504176e-10 
	   energy              3.543439e-06    7.172639e-20    3.543439e-08 
	   displacement        1.673196e-05    8.392409e-14    1.664638e-11 

convergence summary
    number of iterations   : 3
    number of reformations : 1

------- converged at time : 0.08


===== beginning time step 9 : 0.09 =====


Reforming stiffness matrix: reformation #1

 1
 Nonlinear solution status: time= 0.09
	stiffness updates             = 0
	right hand side evaluations   = 2
	stiffness matrix reformations = 1
	step from line search         = 1.000000
	convergence norms :     INITIAL         CURRENT         REQUIRED
	   residual            7.057499e-07    4.407229e-12    7.057499e-10 
	   energy              3.418790e-06    8.543382e-09    3.418790e-08 
	   displacement        1.656128e-05    1.656128e-05    1.656128e-11 
 2
 Nonlinear solution status: time= 0.09
	stiffness updates             = 1
	right hand side evaluations   = 3
	stiffness matrix reformations = 1
	step from line search         = 1.000000
	convergence norms :     INITIAL         CURRENT         REQUIRED
	   residual            7.057499e-07    2.196831e-15    7.057499e-10 
	   energy              3.418790e-06    4.754653e-13    3.418790e-08 
	   displacement        1.656128e-05    1.029061e-10    1.647882e-11 
 3
 Nonlinear solution status: time= 0.09
	stiffness updates             = 2
	right hand side evaluations   = 4
	stiffness matrix reformations = 1
	step from line search         = 1.000000
	convergence norms :     INITIAL         CURRENT         REQUIRED
	   residual            7.057499e-07    3.712193e-26    7.057499e-10 
	   energy              3.418790e-06    4.463313e-20    3.418790e-08 
	   displacement        1.656128e-05    5.366414e-14    1.647694e-11 

convergence summary
    number of iterations   : 3
    number of reformations : 1

------- converged at time : 0.09


===== beginning time step 10 : 0.1 =====


Reforming stiffness matrix: reformation #1

 1
 Nonlinear solution status: time= 0.1
	stiffness updates             = 0
	right hand side evaluations   = 2
	stiffness matrix reformations = 1
	step from line search         = 1.000000
	convergence norms :     INITIAL         CURRENT         REQUIRED
	   residual            6.710724e-07    4.187942e-12    6.710724e-10 
	   energy              3.316767e-06    8.285726e-09    3.316767e-08 
	   displacement        1.639308e-05    1.639308e-05    1.639308e-11 
 2
 Nonlinear solution status: time= 0.1
	stiffness updates             = 1
	right hand side evaluations   = 3
	stiffness matrix reformations = 1
	step from line search         = 1.000000
	convergence norms :     INITIAL         CURRENT         REQUIRED
	   residual            6.710724e-07    1.420317e-15    6.710724e-10 
	   energy              3.316767e-06    3.802375e-13    3.316767e-08 
	   displacement        1.639308e-05    1.017946e-10    1.631148e-11 
 3
 Nonlinear solution status: time= 0.1
	stiffness updates             = 2
	right hand side evaluations   = 4
	stiffness matrix reformations = 1
	step from line search         = 1.000000
	convergence norms :     INITIAL         CURRENT         REQUIRED
	   residual            6.710724e-07    2.366431e-26    6.710724e-10 
	   energy              3.316767e-06    2.911884e-20    3.316767e-08 
	   displacement        1.639308e-05    3.583062e-14    1.630995e-11 

convergence summary
    number of iterations   : 3
    number of reformations : 1

------- converged at time : 0.1


===== beginning time step 11 : 0.11 =====


Reforming stiffness matrix: reformation #1

 1
 Nonlinear solution status: time= 0.11
	stiffness updates             = 0
	right hand side evaluations   = 2
	stiffness matrix reformations = 1
	step from line search         = 1.000000
	convergence norms :     INITIAL         CURRENT         REQUIRED
	   residual            6.432408e-07    4.003799e-12    6.432408e-10 
	   energy              3.230798e-06    8.060448e-09    3.230798e-08 
	   displacement        1.622729e-05    1.622729e-05    1.622729e-11 
 2
 Nonlinear solution status: time= 0.11
	stiffness updates             = 1
	right hand side evaluations   = 3
	stiffness matrix reformations = 1
	step from line search         = 1.000000
	convergence norms :     INITIAL         CURRENT         REQUIRED
	   residual            6.432408e-07    9.583687e-16    6.432408e-10 
	   energy              3.230798e-06    3.103534e-13    3.230798e-08 
	   displacement        1.622729e-05    1.005033e-10    1.614662e-11 
 3
 Nonlinear solution status: time= 0.11
	stiffness updates             = 2
	right hand side evaluations   = 4
	stiffness matrix reformations = 1
	step from line search         = 1.000000
	convergence norms :     INITIAL         CURRENT         REQUIRED
	   residual            6.432408e-07    1.574276e-26    6.432408e-10 
	   energy              3.230798e-06    1.976662e-20    3.230798e-08 
	   displacement        1.622729e-05    2.481899e-14    1.614536e-11 

convergence summary
    number of iterations   : 3
    number of reformations : 1

------- converged at time : 0.11


===== beginning time step 12 : 0.12 =====


Reforming stiffness matrix: reformation #1

 1
 Nonlinear solution status: time= 0.12
	stiffness updates             = 0
	right hand side evaluations   = 2
	stiffness matrix reformations = 1
	step from line search         = 1.000000
	convergence norms :     INITIAL         CURRENT         REQUIRED
	   residual            6.202911e-07    3.845712e-12    6.202911e-10 
	   energy              3.156626e-06    7.859840e-09    3.156626e-08 
	   displacement        1.606389e-05    1.606389e-05    1.606389e-11 
 2
 Nonlinear solution status: time= 0.12
	stiffness updates             = 1
	right hand side evaluations   = 3
	stiffness matrix reformations = 1
	step from line search         = 1.000000
	convergence norms :     INITIAL         CURRENT         REQUIRED
	   residual            6.202911e-07    6.702940e-16    6.202911e-10 
	   energy              3.156626e-06    2.577321e-13    3.156626e-08 
	   displacement        1.606389e-05    9.909959e-11    1.598419e-11 
 3
 Nonlinear solution status: time= 0.12
	stiffness updates             = 2
	right hand side evaluations   = 4
	stiffness matrix reformations = 1
	step from line search         = 1.000000
	convergence norms :     INITIAL         CURRENT         REQUIRED
	   residual            6.202911e-07    1.085181e-26    6.202911e-10 
	   energy              3.156626e-06    1.387404e-20    3.156626e-08 
	   displacement        1.606389e-05    1.773797e-14    1.598312e-11 

convergence summary
    number of iterations   : 3
    number of reformations : 1

------- converged at time : 0.12


===== beginning time step 13 : 0.13 =====


Reforming stiffness matrix: reformation #1

 1
 Nonlinear solution status: time= 0.13
	stiffness updates             = 0
	right hand side evaluations   = 2
	stiffness matrix reformations = 1
	step from line search         = 1.000000
	convergence norms :     INITIAL         CURRENT         REQUIRED
	   residual            6.009409e-07    3.707514e-12    6.009409e-10 
	   energy              3.091383e-06    7.678535e-09    3.091383e-08 
	   displacement        1.590281e-05    1.590281e-05    1.590281e-11 
 2
 Nonlinear solution status: time= 0.13
	stiffness updates             = 1
	right hand side evaluations   = 3
	stiffness matrix reformations = 1
	step from line search         = 1.000000
	convergence norms :     INITIAL         CURRENT         REQUIRED
	   residual            6.009409e-07    4.832892e-16    6.009409e-10 
	   energy              3.091383e-06    2.172144e-13    3.091383e-08 
	   displacement        1.590281e-05    9.762705e-11    1.582410e-11 
 3
 Nonlinear solution status: time= 0.13
	stiffness updates             = 2
	right hand side evaluations   = 4
	stiffness matrix reformations = 1
	step from line search         = 1.000000
	convergence norms :     INITIAL         CURRENT         REQUIRED
	   residual            6.009409e-07    7.715803e-27    6.009409e-10 
	   energy              3.091383e-06    1.002362e-20    3.091383e-08 
	   displacement        1.590281e-05    1.302172e-14    1.582320e-11 

convergence summary
    number of iterations   : 3
    number of reformations : 1

------- converged at time : 0.13


===== beginning time step 14 : 0.14 =====


Reforming stiffness matrix: reformation #1

 1
 Nonlinear solution status: time= 0.14
	stiffness updates             = 0
	right hand side evaluations   = 2
	stiffness matrix reformations = 1
	step from line search         = 1.000000
	convergence norms :     INITIAL         CURRENT         REQUIRED
	   residual            5.843202e-07    3.584876e-12    5.843202e-10 
	   energy              3.033076e-06    7.512681e-09    3.033076e-08 
	   displacement        1.574403e-05    1.574403e-05    1.574403e-11 
 2
 Nonlinear solution status: time= 0.14
	stiffness updates             = 1
	right hand side evaluations   = 3
	stiffness matrix reformations = 1
	step from line search         = 1.000000
	convergence norms :     INITIAL         CURRENT         REQUIRED
	   residual            5.843202e-07    3.576490e-16    5.843202e-10 
	   energy              3.033076e-06    1.854059e-13    3.033076e-08 
	   displacement        1.574403e-05    9.611479e-11    1.566632e-11 
 3
 Nonlinear solution status: time= 0.14
	stiffness updates             = 2
	right hand side evaluations   = 4
	stiffness matrix reformations = 1
	step from line search         = 1.000000
	convergence norms :     INITIAL         CURRENT         REQUIRED
	   residual            5.843202e-07    5.621566e-27    5.843202e-10 
	   energy              3.033076e-06    7.416088e-21    3.033076e-08 
	   displacement        1.574403e-05    9.783460e-15    1.566554e-11 

convergence summary
    number of iterations   : 3
    number of reformations : 1

------- converged at time : 0.14


===== beginning time step 15 : 0.15 =====


Reforming stiffness matrix: reformation #1

 1
 Nonlinear solution status: time= 0.15
	stiffness updates             = 0
	right hand side evaluations   = 2
	stiffness matrix reformations = 1
	step from line search         = 1.000000
	convergence norms :     INITIAL         CURRENT         REQUIRED
	   residual            5.698193e-07    3.474674e-12    5.698193e-10 
	   energy              2.980277e-06    7.359445e-09    2.980277e-08 
	   displacement        1.558749e-05    1.558749e-05    1.558749e-11 
 2
 Nonlinear solution status: time= 0.15
	stiffness updates             = 1
	right hand side evaluations   = 3
	stiffness matrix reformations = 1
	step from line search         = 1.000000
	convergence norms :     INITIAL         CURRENT         REQUIRED
	   residual            5.698193e-07    2.706975e-16    5.698193e-10 
	   energy              2.980277e-06    1.600101e-13    2.980277e-08 
	   displacement        1.558749e-05    9.458249e-11    1.551079e-11 
 3
 Nonlinear solution status: time= 0.15
	stiffness updates             = 2
	right hand side evaluations   = 4
	stiffness matrix reformations = 1
	step from line search         = 1.000000
	convergence norms :     INITIAL         CURRENT         REQUIRED
	   residual            5.698193e-07    4.192377e-27    5.698193e-10 
	   energy              2.980277e-06    5.607520e-21    2.980277e-08 
	   displacement        1.558749e-05    7.500350e-15    1.551011e-11 

convergence summary
    number of iterations   : 3
    number of reformations : 1

------- converged at time : 0.15


===== beginning time step 16 : 0.16 =====


Reforming stiffness matrix: reformation #1

 1
 Nonlinear solution status: time= 0.16
	stiffness updates             = 0
	right hand side evaluations   = 2
	stiffness matrix reformations = 1
	step from line search         = 1.000000
	convergence norms :     INITIAL         CURRENT         REQUIRED
	   residual            5.569984e-07    3.374596e-12    5.569984e-10 
	   energy              2.931935e-06    7.216693e-09    2.931935e-08 
	   displacement        1.543315e-05    1.543315e-05    1.543315e-11 
 2
 Nonlinear solution status: time= 0.16
	stiffness updates             = 1
	right hand side evaluations   = 3
	stiffness matrix reformations = 1
	step from line search         = 1.000000
	convergence norms :     INITIAL         CURRENT         REQUIRED
	   residual            5.569984e-07    2.089506e-16    5.569984e-10 
	   energy              2.931935e-06    1.394330e-13    2.931935e-08 
	   displacement        1.543315e-05    9.304376e-11    1.535746e-11 
 3
 Nonlinear solution status: time= 0.16
	stiffness updates             = 2
	right hand side evaluations   = 4
	stiffness matrix reformations = 1
	step from line search         = 1.000000
	convergence norms :     INITIAL         CURRENT         REQUIRED
	   residual            5.569984e-07    3.191667e-27    5.569984e-10 
	   energy              2.931935e-06    4.322094e-21    2.931935e-08 
	   displacement        1.543315e-05    5.852896e-15    1.535686e-11 

convergence summary
    number of iterations   : 3
    number of reformations : 1

------- converged at time : 0.16


===== beginning time step 17 : 0.17 =====


Reforming stiffness matrix: reformation #1

 1
 Nonlinear solution status: time= 0.17
	stiffness updates             = 0
	right hand side evaluations   = 2
	stiffness matrix reformations = 1
	step from line search         = 1.000000
	convergence norms :     INITIAL         CURRENT         REQUIRED
	   residual            5.455326e-07    3.282896e-12    5.455326e-10 
	   energy              2.887261e-06    7.082788e-09    2.887261e-08 
	   displacement        1.528098e-05    1.528098e-05    1.528098e-11 
 2
 Nonlinear solution status: time= 0.17
	stiffness updates             = 1
	right hand side evaluations   = 3
	stiffness matrix reformations = 1
	step from line search         = 1.000000
	convergence norms :     INITIAL         CURRENT         REQUIRED
	   residual            5.455326e-07    1.641008e-16    5.455326e-10 
	   energy              2.887261e-06    1.225421e-13    2.887261e-08 
	   displacement        1.528098e-05    9.150813e-11    1.520629e-11 
 3
 Nonlinear solution status: time= 0.17
	stiffness updates             = 2
	right hand side evaluations   = 4
	stiffness matrix reformations = 1
	step from line search         = 1.000000
	convergence norms :     INITIAL         CURRENT         REQUIRED
	   residual            5.455326e-07    2.471732e-27    5.455326e-10 
	   energy              2.887261e-06    3.386403e-21    2.887261e-08 
	   displacement        1.528098e-05    4.639553e-15    1.520576e-11 

convergence summary
    number of iterations   : 3
    number of reformations : 1

------- converged at time : 0.17


===== beginning time step 18 : 0.18 =====


Reforming stiffness matrix: reformation #1

 1
 Nonlinear solution status: time= 0.18
	stiffness updates             = 0
	right hand side evaluations   = 2
	stiffness matrix reformations = 1
	step from line search         = 1.000000
	convergence norms :     INITIAL         CURRENT         REQUIRED
	   residual            5.351767e-07    3.198227e-12    5.351767e-10 
	   energy              2.845650e-06    6.956449e-09    2.845650e-08 
	   displacement        1.513094e-05    1.513094e-05    1.513094e-11 
 2
 Nonlinear solution status: time= 0.18
	stiffness updates             = 1
	right hand side evaluations   = 3
	stiffness matrix reformations = 1
	step from line search         = 1.000000
	convergence norms :     INITIAL         CURRENT         REQUIRED
	   residual            5.351767e-07    1.308682e-16    5.351767e-10 
	   energy              2.845650e-06    1.085165e-13    2.845650e-08 
	   displacement        1.513094e-05    8.998234e-11    1.505723e-11 
 3
 Nonlinear solution status: time= 0.18
	stiffness updates             = 2
	right hand side evaluations   = 4
	stiffness matrix reformations = 1
	step from line search         = 1.000000
	convergence norms :     INITIAL         CURRENT         REQUIRED
	   residual            5.351767e-07    1.944324e-27    5.351767e-10 
	   energy              2.845650e-06    2.692851e-21    2.845650e-08 
	   displacement        1.513094e-05    3.729549e-15    1.505676e-11 

convergence summary
    number of iterations   : 3
    number of reformations : 1

------- converged at time : 0.18


===== beginning time step 19 : 0.19 =====


Reforming stiffness matrix: reformation #1

 1
 Nonlinear solution status: time= 0.19
	stiffness updates             = 0
	right hand side evaluations   = 2
	stiffness matrix reformations = 1
	step from line search         = 1.000000
	convergence norms :     INITIAL         CURRENT         REQUIRED
	   residual            5.257423e-07    3.119534e-12    5.257423e-10 
	   energy              2.806633e-06    6.836660e-09    2.806633e-08 
	   displacement        1.498298e-05    1.498298e-05    1.498298e-11 
 2
 Nonlinear solution status: time= 0.19
	stiffness updates             = 1
	right hand side evaluations   = 3
	stiffness matrix reformations = 1
	step from line search         = 1.000000
	convergence norms :     INITIAL         CURRENT         REQUIRED
	   residual            5.257423e-07    1.058030e-16    5.257423e-10 
	   energy              2.806633e-06    9.674977e-14    2.806633e-08 
	   displacement        1.498298e-05    8.847119e-11    1.491025e-11 
 3
 Nonlinear solution status: time= 0.19
	stiffness updates             = 2
	right hand side evaluations   = 4
	stiffness matrix reformations = 1
	step from line search         = 1.000000
	convergence norms :     INITIAL         CURRENT         REQUIRED
	   residual            5.257423e-07    1.546941e-27    5.257423e-10 
	   energy              2.806633e-06    2.167098e-21    2.806633e-08 
	   displacement        1.498298e-05    3.035872e-15    1.490983e-11 

convergence summary
    number of iterations   : 3
    number of reformations : 1

------- converged at time : 0.19


===== beginning time step 20 : 0.2 =====


Reforming stiffness matrix: reformation #1

 1
 Nonlinear solution status: time= 0.2
	stiffness updates             = 0
	right hand side evaluations   = 2
	stiffness matrix reformations = 1
	step from line search         = 1.000000
	convergence norms :     INITIAL         CURRENT         REQUIRED
	   residual            5.170821e-07    3.045978e-12    5.170821e-10 
	   energy              2.769835e-06    6.722604e-09    2.769835e-08 
	   displacement        1.483707e-05    1.483707e-05    1.483707e-11 
 2
 Nonlinear solution status: time= 0.2
	stiffness updates             = 1
	right hand side evaluations   = 3
	stiffness matrix reformations = 1
	step from line search         = 1.000000
	convergence norms :     INITIAL         CURRENT         REQUIRED
	   residual            5.170821e-07    8.659538e-17    5.170821e-10 
	   energy              2.769835e-06    8.678654e-14    2.769835e-08 
	   displacement        1.483707e-05    8.697812e-11    1.476531e-11 
 3
 Nonlinear solution status: time= 0.2
	stiffness updates             = 2
	right hand side evaluations   = 4
	stiffness matrix reformations = 1
	step from line search         = 1.000000
	convergence norms :     INITIAL         CURRENT         REQUIRED
	   residual            5.170821e-07    1.250966e-27    5.170821e-10 
	   energy              2.769835e-06    1.768208e-21    2.769835e-08 
	   displacement        1.483707e-05    2.499318e-15    1.476493e-11 

convergence summary
    number of iterations   : 3
    number of reformations : 1

------- converged at time : 0.2


===== beginning time step 21 : 0.21 =====


Reforming stiffness matrix: reformation #1

 1
 Nonlinear solution status: time= 0.21
	stiffness updates             = 0
	right hand side evaluations   = 2
	stiffness matrix reformations = 1
	step from line search         = 1.000000
	convergence norms :     INITIAL         CURRENT         REQUIRED
	   residual            5.090794e-07    2.976885e-12    5.090794e-10 
	   energy              2.734957e-06    6.613614e-09    2.734957e-08 
	   displacement        1.469318e-05    1.469318e-05    1.469318e-11 
 2
 Nonlinear solution status: time= 0.21
	stiffness updates             = 1
	right hand side evaluations   = 3
	stiffness matrix reformations = 1
	step from line search         = 1.000000
	convergence norms :     INITIAL         CURRENT         REQUIRED
	   residual            5.090794e-07    7.166452e-17    5.090794e-10 
	   energy              2.734957e-06    7.827972e-14    2.734957e-08 
	   displacement        1.469318e-05    8.550556e-11    1.462237e-11 
 3
 Nonlinear solution status: time= 0.21
	stiffness updates             = 2
	right hand side evaluations   = 4
	stiffness matrix reformations = 1
	step from line search         = 1.000000
	convergence norms :     INITIAL         CURRENT         REQUIRED
	   residual            5.090794e-07    1.020243e-27    5.090794e-10 
	   energy              2.734957e-06    1.456317e-21    2.734957e-08 
	   displacement        1.469318e-05    2.078781e-15    1.462202e-11 

convergence summary
    number of iterations   : 3
    number of reformations : 1

------- converged at time : 0.21


===== beginning time step 22 : 0.22 =====


Reforming stiffness matrix: reformation #1

 1
 Nonlinear solution status: time= 0.22
	stiffness updates             = 0
	right hand side evaluations   = 2
	stiffness matrix reformations = 1
	step from line search         = 1.000000
	convergence norms :     INITIAL         CURRENT         REQUIRED
	   residual            5.016405e-07    2.911703e-12    5.016405e-10 
	   energy              2.701758e-06    6.509141e-09    2.701758e-08 
	   displacement        1.455125e-05    1.455125e-05    1.455125e-11 
 2
 Nonlinear solution status: time= 0.22
	stiffness updates             = 1
	right hand side evaluations   = 3
	stiffness matrix reformations = 1
	step from line search         = 1.000000
	convergence norms :     INITIAL         CURRENT         REQUIRED
	   residual            5.016405e-07    5.990696e-17    5.016405e-10 
	   energy              2.701758e-06    7.096121e-14    2.701758e-08 
	   displacement        1.455125e-05    8.405523e-11    1.448139e-11 
 3
 Nonlinear solution status: time= 0.22
	stiffness updates             = 2
	right hand side evaluations   = 4
	stiffness matrix reformations = 1
	step from line search         = 1.000000
	convergence norms :     INITIAL         CURRENT         REQUIRED
	   residual            5.016405e-07    8.415452e-28    5.016405e-10 
	   energy              2.701758e-06    1.211882e-21    2.701758e-08 
	   displacement        1.455125e-05    1.745194e-15    1.448107e-11 

convergence summary
    number of iterations   : 3
    number of reformations : 1

------- converged at time : 0.22


===== beginning time step 23 : 0.23 =====


Reforming stiffness matrix: reformation #1

 1
 Nonlinear solution status: time= 0.23
	stiffness updates             = 0
	right hand side evaluations   = 2
	stiffness matrix reformations = 1
	step from line search         = 1.000000
	convergence norms :     INITIAL         CURRENT         REQUIRED
	   residual            4.946893e-07    2.849978e-12    4.946893e-10 
	   energy              2.670037e-06    6.408728e-09    2.670037e-08 
	   displacement        1.441127e-05    1.441127e-05    1.441127e-11 
 2
 Nonlinear solution status: time= 0.23
	stiffness updates             = 1
	right hand side evaluations   = 3
	stiffness matrix reformations = 1
	step from line search         = 1.000000
	convergence norms :     INITIAL         CURRENT         REQUIRED
	   residual            4.946893e-07    5.053864e-17    4.946893e-10 
	   energy              2.670037e-06    6.462138e-14    2.670037e-08 
	   displacement        1.441127e-05    8.262831e-11    1.434234e-11 
 3
 Nonlinear solution status: time= 0.23
	stiffness updates             = 2
	right hand side evaluations   = 4
	stiffness matrix reformations = 1
	step from line search         = 1.000000
	convergence norms :     INITIAL         CURRENT         REQUIRED
	   residual            4.946893e-07    7.011335e-28    4.946893e-10 
	   energy              2.670037e-06    1.017861e-21    2.670037e-08 
	   displacement        1.441127e-05    1.477666e-15    1.434205e-11 

convergence summary
    number of iterations   : 3
    number of reformations : 1

------- converged at time : 0.23


===== beginning time step 24 : 0.24 =====


Reforming stiffness matrix: reformation #1

 1
 Nonlinear solution status: time= 0.24
	stiffness updates             = 0
	right hand side evaluations   = 2
	stiffness matrix reformations = 1
	step from line search         = 1.000000
	convergence norms :     INITIAL         CURRENT         REQUIRED
	   residual            4.881632e-07    2.791331e-12    4.881632e-10 
	   energy              2.639630e-06    6.311989e-09    2.639630e-08 
	   displacement        1.427319e-05    1.427319e-05    1.427319e-11 
 2
 Nonlinear solution status: time= 0.24
	stiffness updates             = 1
	right hand side evaluations   = 3
	stiffness matrix reformations = 1
	step from line search         = 1.000000
	convergence norms :     INITIAL         CURRENT         REQUIRED
	   residual            4.881632e-07    4.299332e-17    4.881632e-10 
	   energy              2.639630e-06    5.909449e-14    2.639630e-08 
	   displacement        1.427319e-05    8.122560e-11    1.420517e-11 
 3
 Nonlinear solution status: time= 0.24
	stiffness updates             = 2
	right hand side evaluations   = 4
	stiffness matrix reformations = 1
	step from line search         = 1.000000
	convergence norms :     INITIAL         CURRENT         REQUIRED
	   residual            4.881632e-07    5.875841e-28    4.881632e-10 
	   energy              2.639630e-06    8.607636e-22    2.639630e-08 
	   displacement        1.427319e-05    1.260951e-15    1.420491e-11 

convergence summary
    number of iterations   : 3
    number of reformations : 1

------- converged at time : 0.24


===== beginning time step 25 : 0.25 =====


Reforming stiffness matrix: reformation #1

 1
 Nonlinear solution status: time= 0.25
	stiffness updates             = 0
	right hand side evaluations   = 2
	stiffness matrix reformations = 1
	step from line search         = 1.000000
	convergence norms :     INITIAL         CURRENT         REQUIRED
	   residual            4.820105e-07    2.735446e-12    4.820105e-10 
	   energy              2.610398e-06    6.218598e-09    2.610398e-08 
	   displacement        1.413699e-05    1.413699e-05    1.413699e-11 
 2
 Nonlinear solution status: time= 0.25
	stiffness updates             = 1
	right hand side evaluations   = 3
	stiffness matrix reformations = 1
	step from line search         = 1.000000
	convergence norms :     INITIAL         CURRENT         REQUIRED
	   residual            4.820105e-07    3.685604e-17    4.820105e-10 
	   energy              2.610398e-06    5.424818e-14    2.610398e-08 
	   displacement        1.413699e-05    7.984758e-11    1.406987e-11 
 3
 Nonlinear solution status: time= 0.25
	stiffness updates             = 2
	right hand side evaluations   = 4
	stiffness matrix reformations = 1
	step from line search         = 1.000000
	convergence norms :     INITIAL         CURRENT         REQUIRED
	   residual            4.820105e-07    4.949631e-28    4.820105e-10 
	   energy              2.610398e-06    7.324104e-22    2.610398e-08 
	   displacement        1.413699e-05    1.083768e-15    1.406962e-11 

convergence summary
    number of iterations   : 3
    number of reformations : 1

------- converged at time : 0.25


===== beginning time step 26 : 0.26 =====


Reforming stiffness matrix: reformation #1

 1
 Nonlinear solution status: time= 0.26
	stiffness updates             = 0
	right hand side evaluations   = 2
	stiffness matrix reformations = 1
	step from line search         = 1.000000
	convergence norms :     INITIAL         CURRENT         REQUIRED
	   residual            4.761878e-07    2.682052e-12    4.761878e-10 
	   energy              2.582223e-06    6.128275e-09    2.582223e-08 
	   displacement        1.400262e-05    1.400262e-05    1.400262e-11 
 2
 Nonlinear solution status: time= 0.26
	stiffness updates             = 1
	right hand side evaluations   = 3
	stiffness matrix reformations = 1
	step from line search         = 1.000000
	convergence norms :     INITIAL         CURRENT         REQUIRED
	   residual            4.761878e-07    3.181850e-17    4.761878e-10 
	   energy              2.582223e-06    4.997577e-14    2.582223e-08 
	   displacement        1.400262e-05    7.849450e-11    1.393639e-11 
 3
 Nonlinear solution status: time= 0.26
	stiffness updates             = 2
	right hand side evaluations   = 4
	stiffness matrix reformations = 1
	step from line search         = 1.000000
	convergence norms :     INITIAL         CURRENT         REQUIRED
	   residual            4.761878e-07    4.219107e-28    4.761878e-10 
	   energy              2.582223e-06    6.289761e-22    2.582223e-08 
	   displacement        1.400262e-05    9.376669e-16    1.393616e-11 

convergence summary
    number of iterations   : 3
    number of reformations : 1

------- converged at time : 0.26


===== beginning time step 27 : 0.27 =====


Reforming stiffness matrix: reformation #1

 1
 Nonlinear solution status: time= 0.27
	stiffness updates             = 0
	right hand side evaluations   = 2
	stiffness matrix reformations = 1
	step from line search         = 1.000000
	convergence norms :     INITIAL         CURRENT         REQUIRED
	   residual            4.706588e-07    2.630920e-12    4.706588e-10 
	   energy              2.555008e-06    6.040779e-09    2.555008e-08 
	   displacement        1.387006e-05    1.387006e-05    1.387006e-11 
 2
 Nonlinear solution status: time= 0.27
	stiffness updates             = 1
	right hand side evaluations   = 3
	stiffness matrix reformations = 1
	step from line search         = 1.000000
	convergence norms :     INITIAL         CURRENT         REQUIRED
	   residual            4.706588e-07    2.764883e-17    4.706588e-10 
	   energy              2.555008e-06    4.619050e-14    2.555008e-08 
	   displacement        1.387006e-05    7.716646e-11    1.380470e-11 
 3
 Nonlinear solution status: time= 0.27
	stiffness updates             = 2
	right hand side evaluations   = 4
	stiffness matrix reformations = 1
	step from line search         = 1.000000
	convergence norms :     INITIAL         CURRENT         REQUIRED
	   residual            4.706588e-07    3.630077e-28    4.706588e-10 
	   energy              2.555008e-06    5.443357e-22    2.555008e-08 
	   displacement        1.387006e-05    8.162404e-16    1.380449e-11 

convergence summary
    number of iterations   : 3
    number of reformations : 1

------- converged at time : 0.27


===== beginning time step 28 : 0.28 =====


Reforming stiffness matrix: reformation #1

 1
 Nonlinear solution status: time= 0.28
	stiffness updates             = 0
	right hand side evaluations   = 2
	stiffness matrix reformations = 1
	step from line search         = 1.000000
	convergence norms :     INITIAL         CURRENT         REQUIRED
	   residual            4.653923e-07    2.581852e-12    4.653923e-10 
	   energy              2.528666e-06    5.955901e-09    2.528666e-08 
	   displacement        1.373927e-05    1.373927e-05    1.373927e-11 
 2
 Nonlinear solution status: time= 0.28
	stiffness updates             = 1
	right hand side evaluations   = 3
	stiffness matrix reformations = 1
	step from line search         = 1.000000
	convergence norms :     INITIAL         CURRENT         REQUIRED
	   residual            4.653923e-07    2.417062e-17    4.653923e-10 
	   energy              2.528666e-06    4.282132e-14    2.528666e-08 
	   displacement        1.373927e-05    7.586341e-11    1.367477e-11 
 3
 Nonlinear solution status: time= 0.28
	stiffness updates             = 2
	right hand side evaluations   = 4
	stiffness matrix reformations = 1
	step from line search         = 1.000000
	convergence norms :     INITIAL         CURRENT         REQUIRED
	   residual            4.653923e-07    3.110712e-28    4.653923e-10 
	   energy              2.528666e-06    4.714706e-22    2.528666e-08 
	   displacement        1.373927e-05    7.145793e-16    1.367458e-11 

convergence summary
    number of iterations   : 3
    number of reformations : 1

------- converged at time : 0.28


===== beginning time step 29 : 0.29 =====


Reforming stiffness matrix: reformation #1

 1
 Nonlinear solution status: time= 0.29
	stiffness updates             = 0
	right hand side evaluations   = 2
	stiffness matrix reformations = 1
	step from line search         = 1.000000
	convergence norms :     INITIAL         CURRENT         REQUIRED
	   residual            4.603620e-07    2.534676e-12    4.603620e-10 
	   energy              2.503124e-06    5.873459e-09    2.503124e-08 
	   displacement        1.361022e-05    1.361022e-05    1.361022e-11 
 2
 Nonlinear solution status: time= 0.29
	stiffness updates             = 1
	right hand side evaluations   = 3
	stiffness matrix reformations = 1
	step from line search         = 1.000000
	convergence norms :     INITIAL         CURRENT         REQUIRED
	   residual            4.603620e-07    2.124818e-17    4.603620e-10 
	   energy              2.503124e-06    3.980955e-14    2.503124e-08 
	   displacement        1.361022e-05    7.458519e-11    1.354658e-11 
 3
 Nonlinear solution status: time= 0.29
	stiffness updates             = 2
	right hand side evaluations   = 4
	stiffness matrix reformations = 1
	step from line search         = 1.000000
	convergence norms :     INITIAL         CURRENT         REQUIRED
	   residual            4.603620e-07    2.720514e-28    4.603620e-10 
	   energy              2.503124e-06    4.136285e-22    2.503124e-08 
	   displacement        1.361022e-05    6.288838e-16    1.354639e-11 

convergence summary
    number of iterations   : 3
    number of reformations : 1

------- converged at time : 0.29


===== beginning time step 30 : 0.3 =====


Reforming stiffness matrix: reformation #1

 1
 Nonlinear solution status: time= 0.3
	stiffness updates             = 0
	right hand side evaluations   = 2
	stiffness matrix reformations = 1
	step from line search         = 1.000000
	convergence norms :     INITIAL         CURRENT         REQUIRED
	   residual            4.555451e-07    2.489244e-12    4.555451e-10 
	   energy              2.478319e-06    5.793290e-09    2.478319e-08 
	   displacement        1.348289e-05    1.348289e-05    1.348289e-11 
 2
 Nonlinear solution status: time= 0.3
	stiffness updates             = 1
	right hand side evaluations   = 3
	stiffness matrix reformations = 1
	step from line search         = 1.000000
	convergence norms :     INITIAL         CURRENT         REQUIRED
	   residual            4.555451e-07    1.877618e-17    4.555451e-10 
	   energy              2.478319e-06    3.710643e-14    2.478319e-08 
	   displacement        1.348289e-05    7.333160e-11    1.342008e-11 
 3
 Nonlinear solution status: time= 0.3
	stiffness updates             = 2
	right hand side evaluations   = 4
	stiffness matrix reformations = 1
	step from line search         = 1.000000
	convergence norms :     INITIAL         CURRENT         REQUIRED
	   residual            4.555451e-07    2.369713e-28    4.555451e-10 
	   energy              2.478319e-06    3.630423e-22    2.478319e-08 
	   displacement        1.348289e-05    5.561856e-16    1.341991e-11 

convergence summary
    number of iterations   : 3
    number of reformations : 1

------- converged at time : 0.3


===== beginning time step 31 : 0.31 =====


Reforming stiffness matrix: reformation #1

 1
 Nonlinear solution status: time= 0.31
	stiffness updates             = 0
	right hand side evaluations   = 2
	stiffness matrix reformations = 1
	step from line search         = 1.000000
	convergence norms :     INITIAL         CURRENT         REQUIRED
	   residual            4.509219e-07    2.445424e-12    4.509219e-10 
	   energy              2.454195e-06    5.715254e-09    2.454195e-08 
	   displacement        1.335725e-05    1.335725e-05    1.335725e-11 
 2
 Nonlinear solution status: time= 0.31
	stiffness updates             = 1
	right hand side evaluations   = 3
	stiffness matrix reformations = 1
	step from line search         = 1.000000
	convergence norms :     INITIAL         CURRENT         REQUIRED
	   residual            4.509219e-07    1.667204e-17    4.509219e-10 
	   energy              2.454195e-06    3.467121e-14    2.454195e-08 
	   displacement        1.335725e-05    7.210233e-11    1.329525e-11 
 3
 Nonlinear solution status: time= 0.31
	stiffness updates             = 2
	right hand side evaluations   = 4
	stiffness matrix reformations = 1
	step from line search         = 1.000000
	convergence norms :     INITIAL         CURRENT         REQUIRED
	   residual            4.509219e-07    2.063515e-28    4.509219e-10 
	   energy              2.454195e-06    3.193234e-22    2.454195e-08 
	   displacement        1.335725e-05    4.941454e-16    1.329509e-11 

convergence summary
    number of iterations   : 3
    number of reformations : 1

------- converged at time : 0.31


===== beginning time step 32 : 0.32 =====


Reforming stiffness matrix: reformation #1

 1
 Nonlinear solution status: time= 0.32
	stiffness updates             = 0
	right hand side evaluations   = 2
	stiffness matrix reformations = 1
	step from line search         = 1.000000
	convergence norms :     INITIAL         CURRENT         REQUIRED
	   residual            4.464753e-07    2.403101e-12    4.464753e-10 
	   energy              2.430704e-06    5.639223e-09    2.430704e-08 
	   displacement        1.323325e-05    1.323325e-05    1.323325e-11 
 2
 Nonlinear solution status: time= 0.32
	stiffness updates             = 1
	right hand side evaluations   = 3
	stiffness matrix reformations = 1
	step from line search         = 1.000000
	convergence norms :     INITIAL         CURRENT         REQUIRED
	   residual            4.464753e-07    1.487048e-17    4.464753e-10 
	   energy              2.430704e-06    3.246958e-14    2.430704e-08 
	   displacement        1.323325e-05    7.089707e-11    1.317206e-11 
 3
 Nonlinear solution status: time= 0.32
	stiffness updates             = 2
	right hand side evaluations   = 4
	stiffness matrix reformations = 1
	step from line search         = 1.000000
	convergence norms :     INITIAL         CURRENT         REQUIRED
	   residual            4.464753e-07    1.826559e-28    4.464753e-10 
	   energy              2.430704e-06    2.837846e-22    2.430704e-08 
	   displacement        1.323325e-05    4.409047e-16    1.317191e-11 

convergence summary
    number of iterations   : 3
    number of reformations : 1

------- converged at time : 0.32


===== beginning time step 33 : 0.33 =====


Reforming stiffness matrix: reformation #1

 1
 Nonlinear solution status: time= 0.33
	stiffness updates             = 0
	right hand side evaluations   = 2
	stiffness matrix reformations = 1
	step from line search         = 1.000000
	convergence norms :     INITIAL         CURRENT         REQUIRED
	   residual            4.421903e-07    2.362172e-12    4.421903e-10 
	   energy              2.407801e-06    5.565084e-09    2.407801e-08 
	   displacement        1.311089e-05    1.311089e-05    1.311089e-11 
 2
 Nonlinear solution status: time= 0.33
	stiffness updates             = 1
	right hand side evaluations   = 3
	stiffness matrix reformations = 1
	step from line search         = 1.000000
	convergence norms :     INITIAL         CURRENT         REQUIRED
	   residual            4.421903e-07    1.331950e-17    4.421903e-10 
	   energy              2.407801e-06    3.047253e-14    2.407801e-08 
	   displacement        1.311089e-05    6.971545e-11    1.305049e-11 
 3
 Nonlinear solution status: time= 0.33
	stiffness updates             = 2
	right hand side evaluations   = 4
	stiffness matrix reformations = 1
	step from line search         = 1.000000
	convergence norms :     INITIAL         CURRENT         REQUIRED
	   residual            4.421903e-07    1.615506e-28    4.421903e-10 
	   energy              2.407801e-06    2.526030e-22    2.407801e-08 
	   displacement        1.311089e-05    3.949757e-16    1.305035e-11 

convergence summary
    number of iterations   : 3
    number of reformations : 1

------- converged at time : 0.33


===== beginning time step 34 : 0.34 =====


Reforming stiffness matrix: reformation #1

 1
 Nonlinear solution status: time= 0.34
	stiffness updates             = 0
	right hand side evaluations   = 2
	stiffness matrix reformations = 1
	step from line search         = 1.000000
	convergence norms :     INITIAL         CURRENT         REQUIRED
	   residual            4.380538e-07    2.322547e-12    4.380538e-10 
	   energy              2.385450e-06    5.492736e-09    2.385450e-08 
	   displacement        1.299012e-05    1.299012e-05    1.299012e-11 
 2
 Nonlinear solution status: time= 0.34
	stiffness updates             = 1
	right hand side evaluations   = 3
	stiffness matrix reformations = 1
	step from line search         = 1.000000
	convergence norms :     INITIAL         CURRENT         REQUIRED
	   residual            4.380538e-07    1.197733e-17    4.380538e-10 
	   energy              2.385450e-06    2.865538e-14    2.385450e-08 
	   displacement        1.299012e-05    6.855708e-11    1.293050e-11 
 3
 Nonlinear solution status: time= 0.34
	stiffness updates             = 2
	right hand side evaluations   = 4
	stiffness matrix reformations = 1
	step from line search         = 1.000000
	convergence norms :     INITIAL         CURRENT         REQUIRED
	   residual            4.380538e-07    1.440902e-28    4.380538e-10 
	   energy              2.385450e-06    2.262184e-22    2.385450e-08 
	   displacement        1.299012e-05    3.551588e-16    1.293037e-11 

convergence summary
    number of iterations   : 3
    number of reformations : 1

------- converged at time : 0.34


===== beginning time step 35 : 0.35 =====


Reforming stiffness matrix: reformation #1

 1
 Nonlinear solution status: time= 0.35
	stiffness updates             = 0
	right hand side evaluations   = 2
	stiffness matrix reformations = 1
	step from line search         = 1.000000
	convergence norms :     INITIAL         CURRENT         REQUIRED
	   residual            4.340542e-07    2.284143e-12    4.340542e-10 
	   energy              2.363615e-06    5.422087e-09    2.363615e-08 
	   displacement        1.287092e-05    1.287092e-05    1.287092e-11 
 2
 Nonlinear solution status: time= 0.35
	stiffness updates             = 1
	right hand side evaluations   = 3
	stiffness matrix reformations = 1
	step from line search         = 1.000000
	convergence norms :     INITIAL         CURRENT         REQUIRED
	   residual            4.340542e-07    1.081021e-17    4.340542e-10 
	   energy              2.363615e-06    2.699706e-14    2.363615e-08 
	   displacement        1.287092e-05    6.742155e-11    1.281207e-11 
 3
 Nonlinear solution status: time= 0.35
	stiffness updates             = 2
	right hand side evaluations   = 4
	stiffness matrix reformations = 1
	step from line search         = 1.000000
	convergence norms :     INITIAL         CURRENT         REQUIRED
	   residual            4.340542e-07    1.276863e-28    4.340542e-10 
	   energy              2.363615e-06    2.022890e-22    2.363615e-08 
	   displacement        1.287092e-05    3.204803e-16    1.281194e-11 

convergence summary
    number of iterations   : 3
    number of reformations : 1

------- converged at time : 0.35


===== beginning time step 36 : 0.36 =====


Reforming stiffness matrix: reformation #1

 1
 Nonlinear solution status: time= 0.36
	stiffness updates             = 0
	right hand side evaluations   = 2
	stiffness matrix reformations = 1
	step from line search         = 1.000000
	convergence norms :     INITIAL         CURRENT         REQUIRED
	   residual            4.301812e-07    2.246889e-12    4.301812e-10 
	   energy              2.342267e-06    5.353053e-09    2.342267e-08 
	   displacement        1.275327e-05    1.275327e-05    1.275327e-11 
 2
 Nonlinear solution status: time= 0.36
	stiffness updates             = 1
	right hand side evaluations   = 3
	stiffness matrix reformations = 1
	step from line search         = 1.000000
	convergence norms :     INITIAL         CURRENT         REQUIRED
	   residual            4.301812e-07    9.790666e-18    4.301812e-10 
	   energy              2.342267e-06    2.547948e-14    2.342267e-08 
	   displacement        1.275327e-05    6.630844e-11    1.269517e-11 
 3
 Nonlinear solution status: time= 0.36
	stiffness updates             = 2
	right hand side evaluations   = 4
	stiffness matrix reformations = 1
	step from line search         = 1.000000
	convergence norms :     INITIAL         CURRENT         REQUIRED
	   residual            4.301812e-07    1.143906e-28    4.301812e-10 
	   energy              2.342267e-06    1.821804e-22    2.342267e-08 
	   displacement        1.275327e-05    2.901446e-16    1.269505e-11 

convergence summary
    number of iterations   : 3
    number of reformations : 1

------- converged at time : 0.36


===== beginning time step 37 : 0.37 =====


Reforming stiffness matrix: reformation #1

 1
 Nonlinear solution status: time= 0.37
	stiffness updates             = 0
	right hand side evaluations   = 2
	stiffness matrix reformations = 1
	step from line search         = 1.000000
	convergence norms :     INITIAL         CURRENT         REQUIRED
	   residual            4.264256e-07    2.210718e-12    4.264256e-10 
	   energy              2.321378e-06    5.285558e-09    2.321378e-08 
	   displacement        1.263713e-05    1.263713e-05    1.263713e-11 
 2
 Nonlinear solution status: time= 0.37
	stiffness updates             = 1
	right hand side evaluations   = 3
	stiffness matrix reformations = 1
	step from line search         = 1.000000
	convergence norms :     INITIAL         CURRENT         REQUIRED
	   residual            4.264256e-07    8.896177e-18    4.264256e-10 
	   energy              2.321378e-06    2.408703e-14    2.321378e-08 
	   displacement        1.263713e-05    6.521733e-11    1.257978e-11 
 3
 Nonlinear solution status: time= 0.37
	stiffness updates             = 2
	right hand side evaluations   = 4
	stiffness matrix reformations = 1
	step from line search         = 1.000000
	convergence norms :     INITIAL         CURRENT         REQUIRED
	   residual            4.264256e-07    1.020322e-28    4.264256e-10 
	   energy              2.321378e-06    1.639671e-22    2.321378e-08 
	   displacement        1.263713e-05    2.634980e-16    1.257966e-11 

convergence summary
    number of iterations   : 3
    number of reformations : 1

------- converged at time : 0.37


===== beginning time step 38 : 0.38 =====


Reforming stiffness matrix: reformation #1

 1
 Nonlinear solution status: time= 0.38
	stiffness updates             = 0
	right hand side evaluations   = 2
	stiffness matrix reformations = 1
	step from line search         = 1.000000
	convergence norms :     INITIAL         CURRENT         REQUIRED
	   residual            4.227794e-07    2.175569e-12    4.227794e-10 
	   energy              2.300924e-06    5.219535e-09    2.300924e-08 
	   displacement        1.252249e-05    1.252249e-05    1.252249e-11 
 2
 Nonlinear solution status: time= 0.38
	stiffness updates             = 1
	right hand side evaluations   = 3
	stiffness matrix reformations = 1
	step from line search         = 1.000000
	convergence norms :     INITIAL         CURRENT         REQUIRED
	   residual            4.227794e-07    8.108203e-18    4.227794e-10 
	   energy              2.300924e-06    2.280621e-14    2.300924e-08 
	   displacement        1.252249e-05    6.414779e-11    1.246587e-11 
 3
 Nonlinear solution status: time= 0.38
	stiffness updates             = 2
	right hand side evaluations   = 4
	stiffness matrix reformations = 1
	step from line search         = 1.000000
	convergence norms :     INITIAL         CURRENT         REQUIRED
	   residual            4.227794e-07    9.200052e-29    4.227794e-10 
	   energy              2.300924e-06    1.485934e-22    2.300924e-08 
	   displacement        1.252249e-05    2.400003e-16    1.246576e-11 

convergence summary
    number of iterations   : 3
    number of reformations : 1

------- converged at time : 0.38


===== beginning time step 39 : 0.39 =====


Reforming stiffness matrix: reformation #1

 1
 Nonlinear solution status: time= 0.39
	stiffness updates             = 0
	right hand side evaluations   = 2
	stiffness matrix reformations = 1
	step from line search         = 1.000000
	convergence norms :     INITIAL         CURRENT         REQUIRED
	   residual            4.192351e-07    2.141390e-12    4.192351e-10 
	   energy              2.280881e-06    5.154918e-09    2.280881e-08 
	   displacement        1.240931e-05    1.240931e-05    1.240931e-11 
 2
 Nonlinear solution status: time= 0.39
	stiffness updates             = 1
	right hand side evaluations   = 3
	stiffness matrix reformations = 1
	step from line search         = 1.000000
	convergence norms :     INITIAL         CURRENT         REQUIRED
	   residual            4.192351e-07    7.411374e-18    4.192351e-10 
	   energy              2.280881e-06    2.162529e-14    2.280881e-08 
	   displacement        1.240931e-05    6.309937e-11    1.235341e-11 
 3
 Nonlinear solution status: time= 0.39
	stiffness updates             = 2
	right hand side evaluations   = 4
	stiffness matrix reformations = 1
	step from line search         = 1.000000
	convergence norms :     INITIAL         CURRENT         REQUIRED
	   residual            4.192351e-07    8.293109e-29    4.192351e-10 
	   energy              2.280881e-06    1.348282e-22    2.280881e-08 
	   displacement        1.240931e-05    2.192024e-16    1.235331e-11 

convergence summary
    number of iterations   : 3
    number of reformations : 1

------- converged at time : 0.39


===== beginning time step 40 : 0.4 =====


Reforming stiffness matrix: reformation #1

 1
 Nonlinear solution status: time= 0.4
	stiffness updates             = 0
	right hand side evaluations   = 2
	stiffness matrix reformations = 1
	step from line search         = 1.000000
	convergence norms :     INITIAL         CURRENT         REQUIRED
	   residual            4.157863e-07    2.108130e-12    4.157863e-10 
	   energy              2.261231e-06    5.091650e-09    2.261231e-08 
	   displacement        1.229758e-05    1.229758e-05    1.229758e-11 
 2
 Nonlinear solution status: time= 0.4
	stiffness updates             = 1
	right hand side evaluations   = 3
	stiffness matrix reformations = 1
	step from line search         = 1.000000
	convergence norms :     INITIAL         CURRENT         REQUIRED
	   residual            4.157863e-07    6.792893e-18    4.157863e-10 
	   energy              2.261231e-06    2.053402e-14    2.261231e-08 
	   displacement        1.229758e-05    6.207165e-11    1.224239e-11 
 3
 Nonlinear solution status: time= 0.4
	stiffness updates             = 2
	right hand side evaluations   = 4
	stiffness matrix reformations = 1
	step from line search         = 1.000000
	convergence norms :     INITIAL         CURRENT         REQUIRED
	   residual            4.157863e-07    7.445747e-29    4.157863e-10 
	   energy              2.261231e-06    1.222530e-22    2.261231e-08 
	   displacement        1.229758e-05    2.007295e-16    1.224229e-11 

convergence summary
    number of iterations   : 3
    number of reformations : 1

------- converged at time : 0.4


===== beginning time step 41 : 0.41 =====


Reforming stiffness matrix: reformation #1

 1
 Nonlinear solution status: time= 0.41
	stiffness updates             = 0
	right hand side evaluations   = 2
	stiffness matrix reformations = 1
	step from line search         = 1.000000
	convergence norms :     INITIAL         CURRENT         REQUIRED
	   residual            4.124269e-07    2.075743e-12    4.124269e-10 
	   energy              2.241954e-06    5.029676e-09    2.241954e-08 
	   displacement        1.218727e-05    1.218727e-05    1.218727e-11 
 2
 Nonlinear solution status: time= 0.41
	stiffness updates             = 1
	right hand side evaluations   = 3
	stiffness matrix reformations = 1
	step from line search         = 1.000000
	convergence norms :     INITIAL         CURRENT         REQUIRED
	   residual            4.124269e-07    6.242044e-18    4.124269e-10 
	   energy              2.241954e-06    1.952346e-14    2.241954e-08 
	   displacement        1.218727e-05    6.106419e-11    1.213277e-11 
 3
 Nonlinear solution status: time= 0.41
	stiffness updates             = 2
	right hand side evaluations   = 4
	stiffness matrix reformations = 1
	step from line search         = 1.000000
	convergence norms :     INITIAL         CURRENT         REQUIRED
	   residual            4.124269e-07    6.734189e-29    4.124269e-10 
	   energy              2.241954e-06    1.113939e-22    2.241954e-08 
	   displacement        1.218727e-05    1.842669e-16    1.213268e-11 

convergence summary
    number of iterations   : 3
    number of reformations : 1

------- converged at time : 0.41


===== beginning time step 42 : 0.42 =====


Reforming stiffness matrix: reformation #1

 1
 Nonlinear solution status: time= 0.42
	stiffness updates             = 0
	right hand side evaluations   = 2
	stiffness matrix reformations = 1
	step from line search         = 1.000000
	convergence norms :     INITIAL         CURRENT         REQUIRED
	   residual            4.091517e-07    2.044189e-12    4.091517e-10 
	   energy              2.223034e-06    4.968947e-09    2.223034e-08 
	   displacement        1.207835e-05    1.207835e-05    1.207835e-11 
 2
 Nonlinear solution status: time= 0.42
	stiffness updates             = 1
	right hand side evaluations   = 3
	stiffness matrix reformations = 1
	step from line search         = 1.000000
	convergence norms :     INITIAL         CURRENT         REQUIRED
	   residual            4.091517e-07    5.749814e-18    4.091517e-10 
	   energy              2.223034e-06    1.858572e-14    2.223034e-08 
	   displacement        1.207835e-05    6.007656e-11    1.202454e-11 
 3
 Nonlinear solution status: time= 0.42
	stiffness updates             = 2
	right hand side evaluations   = 4
	stiffness matrix reformations = 1
	step from line search         = 1.000000
	convergence norms :     INITIAL         CURRENT         REQUIRED
	   residual            4.091517e-07    6.176662e-29    4.091517e-10 
	   energy              2.223034e-06    1.023350e-22    2.223034e-08 
	   displacement        1.207835e-05    1.695492e-16    1.202445e-11 

convergence summary
    number of iterations   : 3
    number of reformations : 1

------- converged at time : 0.42


===== beginning time step 43 : 0.43 =====


Reforming stiffness matrix: reformation #1

 1
 Nonlinear solution status: time= 0.43
	stiffness updates             = 0
	right hand side evaluations   = 2
	stiffness matrix reformations = 1
	step from line search         = 1.000000
	convergence norms :     INITIAL         CURRENT         REQUIRED
	   residual            4.059557e-07    2.013428e-12    4.059557e-10 
	   energy              2.204454e-06    4.909416e-09    2.204454e-08 
	   displacement        1.197081e-05    1.197081e-05    1.197081e-11 
 2
 Nonlinear solution status: time= 0.43
	stiffness updates             = 1
	right hand side evaluations   = 3
	stiffness matrix reformations = 1
	step from line search         = 1.000000
	convergence norms :     INITIAL         CURRENT         REQUIRED
	   residual            4.059557e-07    5.308586e-18    4.059557e-10 
	   energy              2.204454e-06    1.771389e-14    2.204454e-08 
	   displacement        1.197081e-05    5.910834e-11    1.191767e-11 
 3
 Nonlinear solution status: time= 0.43
	stiffness updates             = 2
	right hand side evaluations   = 4
	stiffness matrix reformations = 1
	step from line search         = 1.000000
	convergence norms :     INITIAL         CURRENT         REQUIRED
	   residual            4.059557e-07    5.594286e-29    4.059557e-10 
	   energy              2.204454e-06    9.352401e-23    2.204454e-08 
	   displacement        1.197081e-05    1.563519e-16    1.191758e-11 

convergence summary
    number of iterations   : 3
    number of reformations : 1

------- converged at time : 0.43


===== beginning time step 44 : 0.44 =====


Reforming stiffness matrix: reformation #1

 1
 Nonlinear solution status: time= 0.44
	stiffness updates             = 0
	right hand side evaluations   = 2
	stiffness matrix reformations = 1
	step from line search         = 1.000000
	convergence norms :     INITIAL         CURRENT         REQUIRED
	   residual            4.028346e-07    1.983426e-12    4.028346e-10 
	   energy              2.186202e-06    4.851040e-09    2.186202e-08 
	   displacement        1.186462e-05    1.186462e-05    1.186462e-11 
 2
 Nonlinear solution status: time= 0.44
	stiffness updates             = 1
	right hand side evaluations   = 3
	stiffness matrix reformations = 1
	step from line search         = 1.000000
	convergence norms :     INITIAL         CURRENT         REQUIRED
	   residual            4.028346e-07    4.911896e-18    4.028346e-10 
	   energy              2.186202e-06    1.690182e-14    2.186202e-08 
	   displacement        1.186462e-05    5.815912e-11    1.181214e-11 
 3
 Nonlinear solution status: time= 0.44
	stiffness updates             = 2
	right hand side evaluations   = 4
	stiffness matrix reformations = 1
	step from line search         = 1.000000
	convergence norms :     INITIAL         CURRENT         REQUIRED
	   residual            4.028346e-07    5.163812e-29    4.028346e-10 
	   energy              2.186202e-06    8.637573e-23    2.186202e-08 
	   displacement        1.186462e-05    1.444837e-16    1.181206e-11 

convergence summary
    number of iterations   : 3
    number of reformations : 1

------- converged at time : 0.44


===== beginning time step 45 : 0.45 =====


Reforming stiffness matrix: reformation #1

 1
 Nonlinear solution status: time= 0.45
	stiffness updates             = 0
	right hand side evaluations   = 2
	stiffness matrix reformations = 1
	step from line search         = 1.000000
	convergence norms :     INITIAL         CURRENT         REQUIRED
	   residual            3.997842e-07    1.954149e-12    3.997842e-10 
	   energy              2.168263e-06    4.793779e-09    2.168263e-08 
	   displacement        1.175975e-05    1.175975e-05    1.175975e-11 
 2
 Nonlinear solution status: time= 0.45
	stiffness updates             = 1
	right hand side evaluations   = 3
	stiffness matrix reformations = 1
	step from line search         = 1.000000
	convergence norms :     INITIAL         CURRENT         REQUIRED
	   residual            3.997842e-07    4.554236e-18    3.997842e-10 
	   energy              2.168263e-06    1.614410e-14    2.168263e-08 
	   displacement        1.175975e-05    5.722847e-11    1.170793e-11 
 3
 Nonlinear solution status: time= 0.45
	stiffness updates             = 2
	right hand side evaluations   = 4
	stiffness matrix reformations = 1
	step from line search         = 1.000000
	convergence norms :     INITIAL         CURRENT         REQUIRED
	   residual            3.997842e-07    4.707659e-29    3.997842e-10 
	   energy              2.168263e-06    7.935971e-23    2.168263e-08 
	   displacement        1.175975e-05    1.337818e-16    1.170785e-11 

convergence summary
    number of iterations   : 3
    number of reformations : 1

------- converged at time : 0.45


===== beginning time step 46 : 0.46 =====


Reforming stiffness matrix: reformation #1

 1
 Nonlinear solution status: time= 0.46
	stiffness updates             = 0
	right hand side evaluations   = 2
	stiffness matrix reformations = 1
	step from line search         = 1.000000
	convergence norms :     INITIAL         CURRENT         REQUIRED
	   residual            3.968009e-07    1.925568e-12    3.968009e-10 
	   energy              2.150625e-06    4.737594e-09    2.150625e-08 
	   displacement        1.165619e-05    1.165619e-05    1.165619e-11 
 2
 Nonlinear solution status: time= 0.46
	stiffness updates             = 1
	right hand side evaluations   = 3
	stiffness matrix reformations = 1
	step from line search         = 1.000000
	convergence norms :     INITIAL         CURRENT         REQUIRED
	   residual            3.968009e-07    4.230893e-18    3.968009e-10 
	   energy              2.150625e-06    1.543590e-14    2.150625e-08 
	   displacement        1.165619e-05    5.631599e-11    1.160501e-11 
 3
 Nonlinear solution status: time= 0.46
	stiffness updates             = 2
	right hand side evaluations   = 4
	stiffness matrix reformations = 1
	step from line search         = 1.000000
	convergence norms :     INITIAL         CURRENT         REQUIRED
	   residual            3.968009e-07    4.329123e-29    3.968009e-10 
	   energy              2.150625e-06    7.329857e-23    2.150625e-08 
	   displacement        1.165619e-05    1.241062e-16    1.160493e-11 

convergence summary
    number of iterations   : 3
    number of reformations : 1

------- converged at time : 0.46


===== beginning time step 47 : 0.47 =====


Reforming stiffness matrix: reformation #1

 1
 Nonlinear solution status: time= 0.47
	stiffness updates             = 0
	right hand side evaluations   = 2
	stiffness matrix reformations = 1
	step from line search         = 1.000000
	convergence norms :     INITIAL         CURRENT         REQUIRED
	   residual            3.938813e-07    1.897654e-12    3.938813e-10 
	   energy              2.133278e-06    4.682450e-09    2.133278e-08 
	   displacement        1.155392e-05    1.155392e-05    1.155392e-11 
 2
 Nonlinear solution status: time= 0.47
	stiffness updates             = 1
	right hand side evaluations   = 3
	stiffness matrix reformations = 1
	step from line search         = 1.000000
	convergence norms :     INITIAL         CURRENT         REQUIRED
	   residual            3.938813e-07    3.937819e-18    3.938813e-10 
	   energy              2.133278e-06    1.477292e-14    2.133278e-08 
	   displacement        1.155392e-05    5.542129e-11    1.150337e-11 
 3
 Nonlinear solution status: time= 0.47
	stiffness updates             = 2
	right hand side evaluations   = 4
	stiffness matrix reformations = 1
	step from line search         = 1.000000
	convergence norms :     INITIAL         CURRENT         REQUIRED
	   residual            3.938813e-07    3.950531e-29    3.938813e-10 
	   energy              2.133278e-06    6.750106e-23    2.133278e-08 
	   displacement        1.155392e-05    1.153367e-16    1.150330e-11 

convergence summary
    number of iterations   : 3
    number of reformations : 1

------- converged at time : 0.47


===== beginning time step 48 : 0.48 =====


Reforming stiffness matrix: reformation #1

 1
 Nonlinear solution status: time= 0.48
	stiffness updates             = 0
	right hand side evaluations   = 2
	stiffness matrix reformations = 1
	step from line search         = 1.000000
	convergence norms :     INITIAL         CURRENT         REQUIRED
	   residual            3.910222e-07    1.870380e-12    3.910222e-10 
	   energy              2.116210e-06    4.628315e-09    2.116210e-08 
	   displacement        1.145291e-05    1.145291e-05    1.145291e-11 
 2
 Nonlinear solution status: time= 0.48
	stiffness updates             = 1
	right hand side evaluations   = 3
	stiffness matrix reformations = 1
	step from line search         = 1.000000
	convergence norms :     INITIAL         CURRENT         REQUIRED
	   residual            3.910222e-07    3.671526e-18    3.910222e-10 
	   energy              2.116210e-06    1.415131e-14    2.116210e-08 
	   displacement        1.145291e-05    5.454397e-11    1.140298e-11 
 3
 Nonlinear solution status: time= 0.48
	stiffness updates             = 2
	right hand side evaluations   = 4
	stiffness matrix reformations = 1
	step from line search         = 1.000000
	convergence norms :     INITIAL         CURRENT         REQUIRED
	   residual            3.910222e-07    3.678284e-29    3.910222e-10 
	   energy              2.116210e-06    6.284342e-23    2.116210e-08 
	   displacement        1.145291e-05    1.073696e-16    1.140291e-11 

convergence summary
    number of iterations   : 3
    number of reformations : 1

------- converged at time : 0.48


===== beginning time step 49 : 0.49 =====


Reforming stiffness matrix: reformation #1

 1
 Nonlinear solution status: time= 0.49
	stiffness updates             = 0
	right hand side evaluations   = 2
	stiffness matrix reformations = 1
	step from line search         = 1.000000
	convergence norms :     INITIAL         CURRENT         REQUIRED
	   residual            3.882208e-07    1.843721e-12    3.882208e-10 
	   energy              2.099412e-06    4.575155e-09    2.099412e-08 
	   displacement        1.135315e-05    1.135315e-05    1.135315e-11 
 2
 Nonlinear solution status: time= 0.49
	stiffness updates             = 1
	right hand side evaluations   = 3
	stiffness matrix reformations = 1
	step from line search         = 1.000000
	convergence norms :     INITIAL         CURRENT         REQUIRED
	   residual            3.882208e-07    3.428996e-18    3.882208e-10 
	   energy              2.099412e-06    1.356765e-14    2.099412e-08 
	   displacement        1.135315e-05    5.368365e-11    1.130383e-11 
 3
 Nonlinear solution status: time= 0.49
	stiffness updates             = 2
	right hand side evaluations   = 4
	stiffness matrix reformations = 1
	step from line search         = 1.000000
	convergence norms :     INITIAL         CURRENT         REQUIRED
	   residual            3.882208e-07    3.398487e-29    3.882208e-10 
	   energy              2.099412e-06    5.832923e-23    2.099412e-08 
	   displacement        1.135315e-05    1.001150e-16    1.130376e-11 

convergence summary
    number of iterations   : 3
    number of reformations : 1

------- converged at time : 0.49


===== beginning time step 50 : 0.5 =====


Reforming stiffness matrix: reformation #1

 1
 Nonlinear solution status: time= 0.5
	stiffness updates             = 0
	right hand side evaluations   = 2
	stiffness matrix reformations = 1
	step from line search         = 1.000000
	convergence norms :     INITIAL         CURRENT         REQUIRED
	   residual            3.854745e-07    1.817656e-12    3.854745e-10 
	   energy              2.082874e-06    4.522943e-09    2.082874e-08 
	   displacement        1.125461e-05    1.125461e-05    1.125461e-11 
 2
 Nonlinear solution status: time= 0.5
	stiffness updates             = 1
	right hand side evaluations   = 3
	stiffness matrix reformations = 1
	step from line search         = 1.000000
	convergence norms :     INITIAL         CURRENT         REQUIRED
	   residual            3.854745e-07    3.207611e-18    3.854745e-10 
	   energy              2.082874e-06    1.301883e-14    2.082874e-08 
	   displacement        1.125461e-05    5.283995e-11    1.120589e-11 
 3
 Nonlinear solution status: time= 0.5
	stiffness updates             = 2
	right hand side evaluations   = 4
	stiffness matrix reformations = 1
	step from line search         = 1.000000
	convergence norms :     INITIAL         CURRENT         REQUIRED
	   residual            3.854745e-07    3.163998e-29    3.854745e-10 
	   energy              2.082874e-06    5.438849e-23    2.082874e-08 
	   displacement        1.125461e-05    9.349471e-17    1.120583e-11 

convergence summary
    number of iterations   : 3
    number of reformations : 1

------- converged at time : 0.5



 N O N L I N E A R   I T E R A T I O N   I N F O R M A T I O N

	Number of time steps completed .................... : 50

	Total number of equilibrium iterations ............ : 150

	Average number of equilibrium iterations .......... : 3

	Total number of right hand evaluations ............ : 200

	Total number of stiffness reformations ............ : 50


 L I N E A R   S O L V E R   S T A T S

	Total calls to linear solver ........ : 0

	Avg iterations per solve ............ : 0

	Time in linear solver: 0:00:00


 Elapsed time : 0:00:00

 T I M I N G   I N F O R M A T I O N

	Input time ...................... : 0:00:00 (0.000897582 sec)

	Initialization time ............. : 0:00:00 (0.000968023 sec)

	Solve time ...................... : 0:00:00 (0.0496882 sec)

	   IO-time (plot, dmp, data) .... : 0:00:00 (0.03567 sec)

	   serialization ................ : 0:00:00 (0 sec)

	   reforming stiffness .......... : 0:00:00 (4.2364e-05 sec)

	   evaluating stiffness ......... : 0:00:00 (0.00161658 sec)

	   evaluating residual .......... : 0:00:00 (0.00150517 sec)

	   model update ................. : 0:00:00 (0.00573112 sec)

	   QN updates ................... : 0:00:00 (6.1064e-05 sec)

	   time in linear solver ........ : 0:00:00 (0.000191169 sec)

	Total elapsed time .............. : 0:00:00 (0.0512719 sec)


 N O R M A L   T E R M I N A T I O N

