===========================================================================
         ________    _________   _______       __     _________            
        |        |\ |        |\ |       \\    |  |\  /         \\          
        |    ____|| |    ____|| |    __  ||   |__|| |    ___    ||         
        |   |\___\| |   |\___\| |   |\_| ||    \_\| |   //  \   ||         
        |   ||__    |   ||__    |   ||_| ||   |  |\ |  ||    |  ||         
        |       |\  |       |\  |         \\  |  || |  ||    |  ||         
        |    ___||  |    ___||  |    ___   || |  || |  ||    |  ||         
        |   |\__\|  |   |\__\|  |   |\__|  || |  || |  ||    |  ||         
        |   ||      |   ||___   |   ||__|  || |  || |   \\__/   ||         
        |   ||      |        |\ |          || |  || |           ||         
        |___||      |________|| |_________//  |__||  \_________//          
                                                                           
      F I N I T E   E L E M E N T S   F O R   B I O M E C H A N I C S      
                                                                           
  version 4.13.0.067bd8c2f
  FEBio is a registered trademark.                                         
  copyright (c) 2006-2026 - All rights reserved                            
                                                                           
===========================================================================





 FILES USED
===========================================================================
	Input file : /home/z/my-project/discovery-evidence-fabric/CEREVASC_R2_C3_PHENOTYPE_DISCOVERY/ROUND_56/ROUND119_ARTIFACTS/febio_nonuniform_4x_strain_0.10/nonuniform.feb
	Plot file  : /home/z/my-project/discovery-evidence-fabric/CEREVASC_R2_C3_PHENOTYPE_DISCOVERY/ROUND_56/ROUND119_ARTIFACTS/febio_nonuniform_4x_strain_0.10/nonuniform.xplt
	Log file   : /home/z/my-project/discovery-evidence-fabric/CEREVASC_R2_C3_PHENOTYPE_DISCOVERY/ROUND_56/ROUND119_ARTIFACTS/febio_nonuniform_4x_strain_0.10/nonuniform.log


 MESH INFO
===========================================================================
	Number of materials ............................ : 1
	Number of domains .............................. : 1
	Number of nodes ................................ : 125
	Number of solid elements ....................... : 64


 MODULE
===========================================================================
	Module type ....................................... : solid


 CONTROL DATA
===========================================================================
	analysis .......................................... : STATIC (0)
	time_steps ........................................ : 1
	step_size ......................................... : 1
	plot_zero_state ................................... : no (0)
	plot_range ........................................ : 0,-1
	plot_level ........................................ : PLOT_MAJOR_ITRS (1)
	output_level ...................................... : OUTPUT_MAJOR_ITRS (1)
	plot_stride ....................................... : 1
	output_stride ..................................... : 1
	adaptor_re_solve .................................. : yes (1)
	Auto time stepper activated ....................... : no
 SOLVER PARAMETERS
===========================================================================
	symmetric_stiffness ............................... : symmetric (1)
	equation_scheme ................................... : staggered (0)
	equation_order .................................... : default (0)
	optimize_bw ....................................... : no (0)
	lstol ............................................. : 0.9
	lsmin ............................................. : 0.01
	lsiter ............................................ : 5
	ls_check_jacobians ................................ : no (0)
	max_refs .......................................... : 15
	check_zero_diagonal ............................... : no (0)
	zero_diagonal_tol ................................. : 0
	force_partition ................................... : 0
	reform_each_time_step ............................. : yes (1)
	reform_augment .................................... : no (0)
	diverge_reform .................................... : yes (1)
	min_residual ...................................... : 1e-20
	max_residual ...................................... : 0
	dtol .............................................. : 0.001
	etol .............................................. : 0.01
	rtol .............................................. : 0.001
	rhoi .............................................. : -1
	alpha ............................................. : 1
	beta .............................................. : 0.25
	gamma ............................................. : 0.5
	logSolve .......................................... : no (0)
	arc_length ........................................ : 0
	arc_length_scale .................................. : 0






 MATERIAL DATA
===========================================================================
  1 - DamageNH (type: damage neo-Hookean)
	density ........................................... : 1
	E ................................................. : 1
	v ................................................. : 0.3
	a ................................................. : 0.014
	b ................................................. : 0.05


 BOUNDARY CONDITION DATA
===========================================================================
  1 -  Type: zero displacement
	x_dof ............................................. : no (0)
	y_dof ............................................. : no (0)
	z_dof ............................................. : yes (1)
---------------------------------------------------------------------------
  2 -  Type: zero displacement
	x_dof ............................................. : yes (1)
	y_dof ............................................. : no (0)
	z_dof ............................................. : no (0)
---------------------------------------------------------------------------
  3 -  Type: zero displacement
	x_dof ............................................. : no (0)
	y_dof ............................................. : yes (1)
	z_dof ............................................. : no (0)
---------------------------------------------------------------------------
  4 -  Type: prescribed displacement
	dof ............................................... : 2
	value ............................................. : 0.1
	relative .......................................... : no (0)


 LOAD CONTROLLER DATA
===========================================================================
load controller   1 - (noname) (type: loadcurve)
	interpolate ....................................... : LINEAR (0)
	extend ............................................ : CONSTANT (0)
	points ............................................ : (can't display value)


 OUTPUT DATA
===========================================================================
 LINEAR SOLVER DATA
===========================================================================
	Default linear solver ............................. : skyline


 *************************************************************************
 * Selecting linear solver skyline                                       *
 *************************************************************************

===== beginning time step 1 : 1 =====


Reforming stiffness matrix: reformation #1

===== reforming stiffness matrix:
	Nr of equations ........................... : 300
	Nr of nonzeroes in stiffness matrix ....... : 20181
 1
 Nonlinear solution status: time= 1
	stiffness updates             = 0
	right hand side evaluations   = 2
	stiffness matrix reformations = 1
	step from line search         = 1.000000
	convergence norms :     INITIAL         CURRENT         REQUIRED
	   residual            6.407174e-02    4.210686e-05    6.407174e-05 
	   energy              5.674977e-02    1.372914e-03    5.674977e-04 
	   displacement        1.517776e-01    1.517776e-01    1.517776e-07 
 2
 Nonlinear solution status: time= 1
	stiffness updates             = 1
	right hand side evaluations   = 3
	stiffness matrix reformations = 1
	step from line search         = 1.000000
	convergence norms :     INITIAL         CURRENT         REQUIRED
	   residual            6.407174e-02    2.182610e-05    6.407174e-05 
	   energy              5.674977e-02    4.614651e-05    5.674977e-04 
	   displacement        1.517776e-01    3.830436e-04    1.428553e-07 
 3
 Nonlinear solution status: time= 1
	stiffness updates             = 2
	right hand side evaluations   = 4
	stiffness matrix reformations = 1
	step from line search         = 1.000000
	convergence norms :     INITIAL         CURRENT         REQUIRED
	   residual            6.407174e-02    5.553587e-06    6.407174e-05 
	   energy              5.674977e-02    1.082657e-05    5.674977e-04 
	   displacement        1.517776e-01    1.214617e-03    1.246493e-07 
 4
 Nonlinear solution status: time= 1
	stiffness updates             = 3
	right hand side evaluations   = 5
	stiffness matrix reformations = 1
	step from line search         = 1.000000
	convergence norms :     INITIAL         CURRENT         REQUIRED
	   residual            6.407174e-02    2.779915e-06    6.407174e-05 
	   energy              5.674977e-02    5.066394e-06    5.674977e-04 
	   displacement        1.517776e-01    7.903966e-05    1.196452e-07 
 5
 Nonlinear solution status: time= 1
	stiffness updates             = 4
	right hand side evaluations   = 6
	stiffness matrix reformations = 1
	step from line search         = 1.000000
	convergence norms :     INITIAL         CURRENT         REQUIRED
	   residual            6.407174e-02    5.572267e-07    6.407174e-05 
	   energy              5.674977e-02    9.699138e-07    5.674977e-04 
	   displacement        1.517776e-01    1.275279e-04    1.144217e-07 
 6
 Nonlinear solution status: time= 1
	stiffness updates             = 5
	right hand side evaluations   = 7
	stiffness matrix reformations = 1
	step from line search         = 1.000000
	convergence norms :     INITIAL         CURRENT         REQUIRED
	   residual            6.407174e-02    2.188160e-07    6.407174e-05 
	   energy              5.674977e-02    2.653073e-07    5.674977e-04 
	   displacement        1.517776e-01    1.909580e-06    1.140657e-07 
 7
 Nonlinear solution status: time= 1
	stiffness updates             = 6
	right hand side evaluations   = 8
	stiffness matrix reformations = 1
	step from line search         = 1.000000
	convergence norms :     INITIAL         CURRENT         REQUIRED
	   residual            6.407174e-02    4.332650e-08    6.407174e-05 
	   energy              5.674977e-02    7.905536e-08    5.674977e-04 
	   displacement        1.517776e-01    1.680919e-06    1.140431e-07 
 8
 Nonlinear solution status: time= 1
	stiffness updates             = 7
	right hand side evaluations   = 9
	stiffness matrix reformations = 1
	step from line search         = 1.000000
	convergence norms :     INITIAL         CURRENT         REQUIRED
	   residual            6.407174e-02    1.726851e-08    6.407174e-05 
	   energy              5.674977e-02    2.618981e-08    5.674977e-04 
	   displacement        1.517776e-01    3.757215e-07    1.140954e-07 
 9
 Nonlinear solution status: time= 1
	stiffness updates             = 8
	right hand side evaluations   = 10
	stiffness matrix reformations = 1
	step from line search         = 1.000000
	convergence norms :     INITIAL         CURRENT         REQUIRED
	   residual            6.407174e-02    4.019927e-09    6.407174e-05 
	   energy              5.674977e-02    7.607475e-09    5.674977e-04 
	   displacement        1.517776e-01    1.981600e-07    1.141242e-07 
 10
 Nonlinear solution status: time= 1
	stiffness updates             = 9
	right hand side evaluations   = 11
	stiffness matrix reformations = 1
	step from line search         = 1.000000
	convergence norms :     INITIAL         CURRENT         REQUIRED
	   residual            6.407174e-02    8.335485e-10    6.407174e-05 
	   energy              5.674977e-02    1.674827e-09    5.674977e-04 
	   displacement        1.517776e-01    2.130454e-08    1.141185e-07 

convergence summary
    number of iterations   : 10
    number of reformations : 1

------- converged at time : 1



 N O N L I N E A R   I T E R A T I O N   I N F O R M A T I O N

	Number of time steps completed .................... : 1

	Total number of equilibrium iterations ............ : 10

	Average number of equilibrium iterations .......... : 10

	Total number of right hand evaluations ............ : 11

	Total number of stiffness reformations ............ : 1


 L I N E A R   S O L V E R   S T A T S

	Total calls to linear solver ........ : 0

	Avg iterations per solve ............ : 0

	Time in linear solver: 0:00:00


 Elapsed time : 0:00:00

 T I M I N G   I N F O R M A T I O N

	Input time ...................... : 0:00:00 (0.00103028 sec)

	Initialization time ............. : 0:00:00 (0.000937153 sec)

	Solve time ...................... : 0:00:00 (0.00438054 sec)

	   IO-time (plot, dmp, data) .... : 0:00:00 (0.000843348 sec)

	   serialization ................ : 0:00:00 (0 sec)

	   reforming stiffness .......... : 0:00:00 (0.000522399 sec)

	   evaluating stiffness ......... : 0:00:00 (0.000470232 sec)

	   evaluating residual .......... : 0:00:00 (0.000435488 sec)

	   model update ................. : 0:00:00 (0.000985208 sec)

	   QN updates ................... : 0:00:00 (3.2516e-05 sec)

	   time in linear solver ........ : 0:00:00 (0.000478413 sec)

	Total elapsed time .............. : 0:00:00 (0.00621815 sec)


 N O R M A L   T E R M I N A T I O N

