===========================================================================
         ________    _________   _______       __     _________            
        |        |\ |        |\ |       \\    |  |\  /         \\          
        |    ____|| |    ____|| |    __  ||   |__|| |    ___    ||         
        |   |\___\| |   |\___\| |   |\_| ||    \_\| |   //  \   ||         
        |   ||__    |   ||__    |   ||_| ||   |  |\ |  ||    |  ||         
        |       |\  |       |\  |         \\  |  || |  ||    |  ||         
        |    ___||  |    ___||  |    ___   || |  || |  ||    |  ||         
        |   |\__\|  |   |\__\|  |   |\__|  || |  || |  ||    |  ||         
        |   ||      |   ||___   |   ||__|  || |  || |   \\__/   ||         
        |   ||      |        |\ |          || |  || |           ||         
        |___||      |________|| |_________//  |__||  \_________//          
                                                                           
      F I N I T E   E L E M E N T S   F O R   B I O M E C H A N I C S      
                                                                           
  version 4.13.0.067bd8c2f
  FEBio is a registered trademark.                                         
  copyright (c) 2006-2026 - All rights reserved                            
                                                                           
===========================================================================





 FILES USED
===========================================================================
	Input file : /home/z/my-project/discovery-evidence-fabric/CEREVASC_R2_C3_PHENOTYPE_DISCOVERY/ROUND_56/ROUND112_ARTIFACTS/febio_beta_0.050_strain_0.050/fracture.feb
	Plot file  : /home/z/my-project/discovery-evidence-fabric/CEREVASC_R2_C3_PHENOTYPE_DISCOVERY/ROUND_56/ROUND112_ARTIFACTS/febio_beta_0.050_strain_0.050/fracture.xplt
	Log file   : /home/z/my-project/discovery-evidence-fabric/CEREVASC_R2_C3_PHENOTYPE_DISCOVERY/ROUND_56/ROUND112_ARTIFACTS/febio_beta_0.050_strain_0.050/fracture.log


 MESH INFO
===========================================================================
	Number of materials ............................ : 1
	Number of domains .............................. : 1
	Number of nodes ................................ : 8
	Number of solid elements ....................... : 1


 MODULE
===========================================================================
	Module type ....................................... : solid


 CONTROL DATA
===========================================================================
	analysis .......................................... : STATIC (0)
	time_steps ........................................ : 1
	step_size ......................................... : 1
	plot_zero_state ................................... : no (0)
	plot_range ........................................ : 0,-1
	plot_level ........................................ : PLOT_MAJOR_ITRS (1)
	output_level ...................................... : OUTPUT_MAJOR_ITRS (1)
	plot_stride ....................................... : 1
	output_stride ..................................... : 1
	adaptor_re_solve .................................. : yes (1)
	Auto time stepper activated ....................... : no
 SOLVER PARAMETERS
===========================================================================
	symmetric_stiffness ............................... : symmetric (1)
	equation_scheme ................................... : staggered (0)
	equation_order .................................... : default (0)
	optimize_bw ....................................... : no (0)
	lstol ............................................. : 0.9
	lsmin ............................................. : 0.01
	lsiter ............................................ : 5
	ls_check_jacobians ................................ : no (0)
	max_refs .......................................... : 15
	check_zero_diagonal ............................... : no (0)
	zero_diagonal_tol ................................. : 0
	force_partition ................................... : 0
	reform_each_time_step ............................. : yes (1)
	reform_augment .................................... : no (0)
	diverge_reform .................................... : yes (1)
	min_residual ...................................... : 1e-20
	max_residual ...................................... : 0
	dtol .............................................. : 0.001
	etol .............................................. : 0.01
	rtol .............................................. : 0.001
	rhoi .............................................. : -1
	alpha ............................................. : 1
	beta .............................................. : 0.25
	gamma ............................................. : 0.5
	logSolve .......................................... : no (0)
	arc_length ........................................ : 0
	arc_length_scale .................................. : 0






 MATERIAL DATA
===========================================================================
  1 - FractureNH (type: damage neo-Hookean)
	density ........................................... : 1
	E ................................................. : 1
	v ................................................. : 0.3
	a ................................................. : 0.014
	b ................................................. : 0.05


 BOUNDARY CONDITION DATA
===========================================================================
  1 -  Type: zero displacement
	x_dof ............................................. : no (0)
	y_dof ............................................. : no (0)
	z_dof ............................................. : yes (1)
---------------------------------------------------------------------------
  2 -  Type: zero displacement
	x_dof ............................................. : yes (1)
	y_dof ............................................. : no (0)
	z_dof ............................................. : no (0)
---------------------------------------------------------------------------
  3 -  Type: zero displacement
	x_dof ............................................. : no (0)
	y_dof ............................................. : yes (1)
	z_dof ............................................. : no (0)
---------------------------------------------------------------------------
  4 -  Type: prescribed displacement
	dof ............................................... : 2
	value ............................................. : 0.05
	relative .......................................... : no (0)


 LOAD CONTROLLER DATA
===========================================================================
load controller   1 - (noname) (type: loadcurve)
	interpolate ....................................... : LINEAR (0)
	extend ............................................ : CONSTANT (0)
	points ............................................ : (can't display value)


 OUTPUT DATA
===========================================================================
 LINEAR SOLVER DATA
===========================================================================
	Default linear solver ............................. : skyline


 *************************************************************************
 * Selecting linear solver skyline                                       *
 *************************************************************************

===== beginning time step 1 : 1 =====


Reforming stiffness matrix: reformation #1

===== reforming stiffness matrix:
	Nr of equations ........................... : 12
	Nr of nonzeroes in stiffness matrix ....... : 78
 1
 Nonlinear solution status: time= 1
	stiffness updates             = 0
	right hand side evaluations   = 2
	stiffness matrix reformations = 1
	step from line search         = 1.000000
	convergence norms :     INITIAL         CURRENT         REQUIRED
	   residual            4.160503e-04    2.755523e-08    4.160503e-07 
	   energy              8.653846e-04    7.042685e-06    8.653846e-06 
	   displacement        1.800000e-03    1.800000e-03    1.800000e-09 
 2
 Nonlinear solution status: time= 1
	stiffness updates             = 1
	right hand side evaluations   = 3
	stiffness matrix reformations = 1
	step from line search         = 1.000000
	convergence norms :     INITIAL         CURRENT         REQUIRED
	   residual            4.160503e-04    1.294388e-08    4.160503e-07 
	   energy              8.653846e-04    3.896525e-08    8.653846e-06 
	   displacement        1.800000e-03    1.172980e-07    1.771056e-09 
 3
 Nonlinear solution status: time= 1
	stiffness updates             = 2
	right hand side evaluations   = 4
	stiffness matrix reformations = 1
	step from line search         = 1.000000
	convergence norms :     INITIAL         CURRENT         REQUIRED
	   residual            4.160503e-04    1.030359e-15    4.160503e-07 
	   energy              8.653846e-04    2.394864e-11    8.653846e-06 
	   displacement        1.800000e-03    5.566382e-07    1.708817e-09 
 4
 Nonlinear solution status: time= 1
	stiffness updates             = 3
	right hand side evaluations   = 5
	stiffness matrix reformations = 1
	step from line search         = 1.000000
	convergence norms :     INITIAL         CURRENT         REQUIRED
	   residual            4.160503e-04    6.674826e-23    4.160503e-07 
	   energy              8.653846e-04    1.720248e-18    8.653846e-06 
	   displacement        1.800000e-03    4.433456e-14    1.708799e-09 

convergence summary
    number of iterations   : 4
    number of reformations : 1

------- converged at time : 1



 N O N L I N E A R   I T E R A T I O N   I N F O R M A T I O N

	Number of time steps completed .................... : 1

	Total number of equilibrium iterations ............ : 4

	Average number of equilibrium iterations .......... : 4

	Total number of right hand evaluations ............ : 5

	Total number of stiffness reformations ............ : 1


 L I N E A R   S O L V E R   S T A T S

	Total calls to linear solver ........ : 0

	Avg iterations per solve ............ : 0

	Time in linear solver: 0:00:00


 Elapsed time : 0:00:00

 T I M I N G   I N F O R M A T I O N

	Input time ...................... : 0:00:00 (0.000719982 sec)

	Initialization time ............. : 0:00:00 (0.000699138 sec)

	Solve time ...................... : 0:00:00 (0.00194816 sec)

	   IO-time (plot, dmp, data) .... : 0:00:00 (0.00106933 sec)

	   serialization ................ : 0:00:00 (0 sec)

	   reforming stiffness .......... : 0:00:00 (3.9789e-05 sec)

	   evaluating stiffness ......... : 0:00:00 (4.3937e-05 sec)

	   evaluating residual .......... : 0:00:00 (3.7556e-05 sec)

	   model update ................. : 0:00:00 (0.000157545 sec)

	   QN updates ................... : 0:00:00 (6.51e-07 sec)

	   time in linear solver ........ : 0:00:00 (6.449e-06 sec)

	Total elapsed time .............. : 0:00:00 (0.00314475 sec)


 N O R M A L   T E R M I N A T I O N

