===========================================================================
         ________    _________   _______       __     _________            
        |        |\ |        |\ |       \\    |  |\  /         \\          
        |    ____|| |    ____|| |    __  ||   |__|| |    ___    ||         
        |   |\___\| |   |\___\| |   |\_| ||    \_\| |   //  \   ||         
        |   ||__    |   ||__    |   ||_| ||   |  |\ |  ||    |  ||         
        |       |\  |       |\  |         \\  |  || |  ||    |  ||         
        |    ___||  |    ___||  |    ___   || |  || |  ||    |  ||         
        |   |\__\|  |   |\__\|  |   |\__|  || |  || |  ||    |  ||         
        |   ||      |   ||___   |   ||__|  || |  || |   \\__/   ||         
        |   ||      |        |\ |          || |  || |           ||         
        |___||      |________|| |_________//  |__||  \_________//          
                                                                           
      F I N I T E   E L E M E N T S   F O R   B I O M E C H A N I C S      
                                                                           
  version 4.13.0.067bd8c2f
  FEBio is a registered trademark.                                         
  copyright (c) 2006-2026 - All rights reserved                            
                                                                           
===========================================================================





 FILES USED
===========================================================================
	Input file : /home/z/my-project/discovery-evidence-fabric/CEREVASC_R2_C3_PHENOTYPE_DISCOVERY/ROUND_56/ROUND131_ARTIFACTS/SOLVER_OUTPUT/C5-R131-WORLD_A_FEBIO-0.014/input.feb
	Plot file  : /home/z/my-project/discovery-evidence-fabric/CEREVASC_R2_C3_PHENOTYPE_DISCOVERY/ROUND_56/ROUND131_ARTIFACTS/SOLVER_OUTPUT/C5-R131-WORLD_A_FEBIO-0.014/input.xplt
	Log file   : /home/z/my-project/discovery-evidence-fabric/CEREVASC_R2_C3_PHENOTYPE_DISCOVERY/ROUND_56/ROUND131_ARTIFACTS/SOLVER_OUTPUT/C5-R131-WORLD_A_FEBIO-0.014/input.log


 MESH INFO
===========================================================================
	Number of materials ............................ : 1
	Number of domains .............................. : 1
	Number of nodes ................................ : 27
	Number of solid elements ....................... : 8


 MODULE
===========================================================================
	Module type ....................................... : solid


 CONTROL DATA
===========================================================================
	analysis .......................................... : STATIC (0)
	time_steps ........................................ : 50
	step_size ......................................... : 0.01
	plot_zero_state ................................... : no (0)
	plot_range ........................................ : 0,-1
	plot_level ........................................ : PLOT_MAJOR_ITRS (1)
	output_level ...................................... : OUTPUT_MAJOR_ITRS (1)
	plot_stride ....................................... : 1
	output_stride ..................................... : 1
	adaptor_re_solve .................................. : yes (1)
	Auto time stepper activated ....................... : no
 SOLVER PARAMETERS
===========================================================================
	symmetric_stiffness ............................... : symmetric (1)
	equation_scheme ................................... : staggered (0)
	equation_order .................................... : default (0)
	optimize_bw ....................................... : no (0)
	lstol ............................................. : 0.9
	lsmin ............................................. : 0.01
	lsiter ............................................ : 5
	ls_check_jacobians ................................ : no (0)
	max_refs .......................................... : 15
	check_zero_diagonal ............................... : no (0)
	zero_diagonal_tol ................................. : 0
	force_partition ................................... : 0
	reform_each_time_step ............................. : yes (1)
	reform_augment .................................... : no (0)
	diverge_reform .................................... : yes (1)
	min_residual ...................................... : 1e-20
	max_residual ...................................... : 0
	dtol .............................................. : 0.001
	etol .............................................. : 0.01
	rtol .............................................. : 0.001
	rhoi .............................................. : -1
	alpha ............................................. : 1
	beta .............................................. : 0.25
	gamma ............................................. : 0.5
	logSolve .......................................... : no (0)
	arc_length ........................................ : 0
	arc_length_scale .................................. : 0






 MATERIAL DATA
===========================================================================
  1 - NH (type: damage neo-Hookean)
	density ........................................... : 1
	E ................................................. : 1
	v ................................................. : 0.3
	a ................................................. : 0.014
	b ................................................. : 0.34


 BOUNDARY CONDITION DATA
===========================================================================
  1 -  Type: zero displacement
	x_dof ............................................. : no (0)
	y_dof ............................................. : no (0)
	z_dof ............................................. : yes (1)
---------------------------------------------------------------------------
  2 -  Type: zero displacement
	x_dof ............................................. : yes (1)
	y_dof ............................................. : no (0)
	z_dof ............................................. : no (0)
---------------------------------------------------------------------------
  3 -  Type: zero displacement
	x_dof ............................................. : no (0)
	y_dof ............................................. : yes (1)
	z_dof ............................................. : no (0)
---------------------------------------------------------------------------
  4 -  Type: prescribed displacement
	dof ............................................... : 2
	value ............................................. : 0.5
	relative .......................................... : no (0)


 LOAD CONTROLLER DATA
===========================================================================
load controller   1 - (noname) (type: loadcurve)
	interpolate ....................................... : LINEAR (0)
	extend ............................................ : CONSTANT (0)
	points ............................................ : (can't display value)


 OUTPUT DATA
===========================================================================
 LINEAR SOLVER DATA
===========================================================================
	Default linear solver ............................. : skyline


 *************************************************************************
 * Selecting linear solver skyline                                       *
 *************************************************************************

===== beginning time step 1 : 0.01 =====


Reforming stiffness matrix: reformation #1

===== reforming stiffness matrix:
	Nr of equations ........................... : 54
	Nr of nonzeroes in stiffness matrix ....... : 1151
 1
 Nonlinear solution status: time= 0.01
	stiffness updates             = 0
	right hand side evaluations   = 2
	stiffness matrix reformations = 1
	step from line search         = 1.000000
	convergence norms :     INITIAL         CURRENT         REQUIRED
	   residual            2.860346e-05    1.312966e-11    2.860346e-08 
	   energy              4.230769e-05    2.049747e-08    4.230769e-07 
	   displacement        1.068750e-04    1.068750e-04    1.068750e-10 
 2
 Nonlinear solution status: time= 0.01
	stiffness updates             = 1
	right hand side evaluations   = 3
	stiffness matrix reformations = 1
	step from line search         = 1.000000
	convergence norms :     INITIAL         CURRENT         REQUIRED
	   residual            2.860346e-05    1.421344e-13    2.860346e-08 
	   energy              4.230769e-05    5.046788e-12    4.230769e-07 
	   displacement        1.068750e-04    2.835274e-10    1.066358e-10 
 3
 Nonlinear solution status: time= 0.01
	stiffness updates             = 2
	right hand side evaluations   = 4
	stiffness matrix reformations = 1
	step from line search         = 1.000000
	convergence norms :     INITIAL         CURRENT         REQUIRED
	   residual            2.860346e-05    5.779209e-19    2.860346e-08 
	   energy              4.230769e-05    6.661138e-18    4.230769e-07 
	   displacement        1.068750e-04    3.823146e-12    1.066079e-10 

convergence summary
    number of iterations   : 3
    number of reformations : 1

------- converged at time : 0.01


===== beginning time step 2 : 0.02 =====


Reforming stiffness matrix: reformation #1

 1
 Nonlinear solution status: time= 0.02
	stiffness updates             = 0
	right hand side evaluations   = 2
	stiffness matrix reformations = 1
	step from line search         = 1.000000
	convergence norms :     INITIAL         CURRENT         REQUIRED
	   residual            2.257830e-05    1.063416e-11    2.257830e-08 
	   energy              3.756390e-05    1.835046e-08    3.756390e-07 
	   displacement        1.063424e-04    1.063424e-04    1.063424e-10 
 2
 Nonlinear solution status: time= 0.02
	stiffness updates             = 1
	right hand side evaluations   = 3
	stiffness matrix reformations = 1
	step from line search         = 1.000000
	convergence norms :     INITIAL         CURRENT         REQUIRED
	   residual            2.257830e-05    8.997879e-14    2.257830e-08 
	   energy              3.756390e-05    4.029847e-12    3.756390e-07 
	   displacement        1.063424e-04    2.855681e-10    1.061036e-10 
 3
 Nonlinear solution status: time= 0.02
	stiffness updates             = 2
	right hand side evaluations   = 4
	stiffness matrix reformations = 1
	step from line search         = 1.000000
	convergence norms :     INITIAL         CURRENT         REQUIRED
	   residual            2.257830e-05    6.213404e-19    2.257830e-08 
	   energy              3.756390e-05    5.884134e-18    3.756390e-07 
	   displacement        1.063424e-04    2.930254e-12    1.060793e-10 

convergence summary
    number of iterations   : 3
    number of reformations : 1

------- converged at time : 0.02


===== beginning time step 3 : 0.03 =====


Reforming stiffness matrix: reformation #1

 1
 Nonlinear solution status: time= 0.03
	stiffness updates             = 0
	right hand side evaluations   = 2
	stiffness matrix reformations = 1
	step from line search         = 1.000000
	convergence norms :     INITIAL         CURRENT         REQUIRED
	   residual            1.830814e-05    8.825911e-12    1.830814e-08 
	   energy              3.380343e-05    1.663024e-08    3.380343e-07 
	   displacement        1.058177e-04    1.058177e-04    1.058177e-10 
 2
 Nonlinear solution status: time= 0.03
	stiffness updates             = 1
	right hand side evaluations   = 3
	stiffness matrix reformations = 1
	step from line search         = 1.000000
	convergence norms :     INITIAL         CURRENT         REQUIRED
	   residual            1.830814e-05    5.773321e-14    1.830814e-08 
	   energy              3.380343e-05    3.235759e-12    3.380343e-07 
	   displacement        1.058177e-04    2.869537e-10    1.055796e-10 
 3
 Nonlinear solution status: time= 0.03
	stiffness updates             = 2
	right hand side evaluations   = 4
	stiffness matrix reformations = 1
	step from line search         = 1.000000
	convergence norms :     INITIAL         CURRENT         REQUIRED
	   residual            1.830814e-05    5.972452e-19    1.830814e-08 
	   energy              3.380343e-05    5.133127e-18    3.380343e-07 
	   displacement        1.058177e-04    2.221596e-12    1.055586e-10 

convergence summary
    number of iterations   : 3
    number of reformations : 1

------- converged at time : 0.03


===== beginning time step 4 : 0.04 =====


Reforming stiffness matrix: reformation #1

 1
 Nonlinear solution status: time= 0.04
	stiffness updates             = 0
	right hand side evaluations   = 2
	stiffness matrix reformations = 1
	step from line search         = 1.000000
	convergence norms :     INITIAL         CURRENT         REQUIRED
	   residual            1.521326e-05    7.487101e-12    1.521326e-08 
	   energy              3.079370e-05    1.523728e-08    3.079370e-07 
	   displacement        1.053009e-04    1.053009e-04    1.053009e-10 
 2
 Nonlinear solution status: time= 0.04
	stiffness updates             = 1
	right hand side evaluations   = 3
	stiffness matrix reformations = 1
	step from line search         = 1.000000
	convergence norms :     INITIAL         CURRENT         REQUIRED
	   residual            1.521326e-05    3.755312e-14    1.521326e-08 
	   energy              3.079370e-05    2.612733e-12    3.079370e-07 
	   displacement        1.053009e-04    2.876384e-10    1.050637e-10 
 3
 Nonlinear solution status: time= 0.04
	stiffness updates             = 2
	right hand side evaluations   = 4
	stiffness matrix reformations = 1
	step from line search         = 1.000000
	convergence norms :     INITIAL         CURRENT         REQUIRED
	   residual            1.521326e-05    5.454460e-19    1.521326e-08 
	   energy              3.079370e-05    4.504912e-18    3.079370e-07 
	   displacement        1.053009e-04    1.670697e-12    1.050456e-10 

convergence summary
    number of iterations   : 3
    number of reformations : 1

------- converged at time : 0.04


===== beginning time step 5 : 0.05 =====


Reforming stiffness matrix: reformation #1

 1
 Nonlinear solution status: time= 0.05
	stiffness updates             = 0
	right hand side evaluations   = 2
	stiffness matrix reformations = 1
	step from line search         = 1.000000
	convergence norms :     INITIAL         CURRENT         REQUIRED
	   residual            1.292160e-05    6.475318e-12    1.292160e-08 
	   energy              2.836089e-05    1.409681e-08    2.836089e-07 
	   displacement        1.047917e-04    1.047917e-04    1.047917e-10 
 2
 Nonlinear solution status: time= 0.05
	stiffness updates             = 1
	right hand side evaluations   = 3
	stiffness matrix reformations = 1
	step from line search         = 1.000000
	convergence norms :     INITIAL         CURRENT         REQUIRED
	   residual            1.292160e-05    2.476865e-14    1.292160e-08 
	   energy              2.836089e-05    2.121763e-12    2.836089e-07 
	   displacement        1.047917e-04    2.876197e-10    1.045558e-10 
 3
 Nonlinear solution status: time= 0.05
	stiffness updates             = 2
	right hand side evaluations   = 4
	stiffness matrix reformations = 1
	step from line search         = 1.000000
	convergence norms :     INITIAL         CURRENT         REQUIRED
	   residual            1.292160e-05    4.856122e-19    1.292160e-08 
	   energy              2.836089e-05    3.997393e-18    2.836089e-07 
	   displacement        1.047917e-04    1.249704e-12    1.045402e-10 

convergence summary
    number of iterations   : 3
    number of reformations : 1

------- converged at time : 0.05


===== beginning time step 6 : 0.06 =====


Reforming stiffness matrix: reformation #1

 1
 Nonlinear solution status: time= 0.06
	stiffness updates             = 0
	right hand side evaluations   = 2
	stiffness matrix reformations = 1
	step from line search         = 1.000000
	convergence norms :     INITIAL         CURRENT         REQUIRED
	   residual            1.118978e-05    5.695692e-12    1.118978e-08 
	   energy              2.637436e-05    1.315258e-08    2.637436e-07 
	   displacement        1.042900e-04    1.042900e-04    1.042900e-10 
 2
 Nonlinear solution status: time= 0.06
	stiffness updates             = 1
	right hand side evaluations   = 3
	stiffness matrix reformations = 1
	step from line search         = 1.000000
	convergence norms :     INITIAL         CURRENT         REQUIRED
	   residual            1.118978e-05    1.656872e-14    1.118978e-08 
	   energy              2.637436e-05    1.733214e-12    2.637436e-07 
	   displacement        1.042900e-04    2.869301e-10    1.040556e-10 
 3
 Nonlinear solution status: time= 0.06
	stiffness updates             = 2
	right hand side evaluations   = 4
	stiffness matrix reformations = 1
	step from line search         = 1.000000
	convergence norms :     INITIAL         CURRENT         REQUIRED
	   residual            1.118978e-05    4.267426e-19    1.118978e-08 
	   energy              2.637436e-05    3.588478e-18    2.637436e-07 
	   displacement        1.042900e-04    9.322673e-13    1.040422e-10 

convergence summary
    number of iterations   : 3
    number of reformations : 1

------- converged at time : 0.06


===== beginning time step 7 : 0.07 =====


Reforming stiffness matrix: reformation #1

 1
 Nonlinear solution status: time= 0.07
	stiffness updates             = 0
	right hand side evaluations   = 2
	stiffness matrix reformations = 1
	step from line search         = 1.000000
	convergence norms :     INITIAL         CURRENT         REQUIRED
	   residual            9.855587e-06    5.083866e-12    9.855587e-09 
	   energy              2.473550e-05    1.236205e-08    2.473550e-07 
	   displacement        1.037957e-04    1.037957e-04    1.037957e-10 
 2
 Nonlinear solution status: time= 0.07
	stiffness updates             = 1
	right hand side evaluations   = 3
	stiffness matrix reformations = 1
	step from line search         = 1.000000
	convergence norms :     INITIAL         CURRENT         REQUIRED
	   residual            9.855587e-06    1.124283e-14    9.855587e-09 
	   energy              2.473550e-05    1.424407e-12    2.473550e-07 
	   displacement        1.037957e-04    2.856263e-10    1.035630e-10 
 3
 Nonlinear solution status: time= 0.07
	stiffness updates             = 2
	right hand side evaluations   = 4
	stiffness matrix reformations = 1
	step from line search         = 1.000000
	convergence norms :     INITIAL         CURRENT         REQUIRED
	   residual            9.855587e-06    3.725530e-19    9.855587e-09 
	   energy              2.473550e-05    3.254886e-18    2.473550e-07 
	   displacement        1.037957e-04    6.952505e-13    1.035515e-10 

convergence summary
    number of iterations   : 3
    number of reformations : 1

------- converged at time : 0.07


===== beginning time step 8 : 0.08 =====


Reforming stiffness matrix: reformation #1

 1
 Nonlinear solution status: time= 0.08
	stiffness updates             = 0
	right hand side evaluations   = 2
	stiffness matrix reformations = 1
	step from line search         = 1.000000
	convergence norms :     INITIAL         CURRENT         REQUIRED
	   residual            8.808927e-06    4.595405e-12    8.808927e-09 
	   energy              2.336942e-05    1.169283e-08    2.336942e-07 
	   displacement        1.033086e-04    1.033086e-04    1.033086e-10 
 2
 Nonlinear solution status: time= 0.08
	stiffness updates             = 1
	right hand side evaluations   = 3
	stiffness matrix reformations = 1
	step from line search         = 1.000000
	convergence norms :     INITIAL         CURRENT         REQUIRED
	   residual            8.808927e-06    7.739188e-15    8.808927e-09 
	   energy              2.336942e-05    1.177891e-12    2.336942e-07 
	   displacement        1.033086e-04    2.837791e-10    1.030779e-10 
 3
 Nonlinear solution status: time= 0.08
	stiffness updates             = 2
	right hand side evaluations   = 4
	stiffness matrix reformations = 1
	step from line search         = 1.000000
	convergence norms :     INITIAL         CURRENT         REQUIRED
	   residual            8.808927e-06    3.242905e-19    8.808927e-09 
	   energy              2.336942e-05    2.977713e-18    2.336942e-07 
	   displacement        1.033086e-04    5.194200e-13    1.030679e-10 

convergence summary
    number of iterations   : 3
    number of reformations : 1

------- converged at time : 0.08


===== beginning time step 9 : 0.09 =====


Reforming stiffness matrix: reformation #1

 1
 Nonlinear solution status: time= 0.09
	stiffness updates             = 0
	right hand side evaluations   = 2
	stiffness matrix reformations = 1
	step from line search         = 1.000000
	convergence norms :     INITIAL         CURRENT         REQUIRED
	   residual            7.973757e-06    4.199117e-12    7.973757e-09 
	   energy              2.221897e-05    1.112012e-08    2.221897e-07 
	   displacement        1.028286e-04    1.028286e-04    1.028286e-10 
 2
 Nonlinear solution status: time= 0.09
	stiffness updates             = 1
	right hand side evaluations   = 3
	stiffness matrix reformations = 1
	step from line search         = 1.000000
	convergence norms :     INITIAL         CURRENT         REQUIRED
	   residual            7.973757e-06    5.404225e-15    7.973757e-09 
	   energy              2.221897e-05    9.801824e-13    2.221897e-07 
	   displacement        1.028286e-04    2.814650e-10    1.026000e-10 
 3
 Nonlinear solution status: time= 0.09
	stiffness updates             = 2
	right hand side evaluations   = 4
	stiffness matrix reformations = 1
	step from line search         = 1.000000
	convergence norms :     INITIAL         CURRENT         REQUIRED
	   residual            7.973757e-06    2.820770e-19    7.973757e-09 
	   energy              2.221897e-05    2.742809e-18    2.221897e-07 
	   displacement        1.028286e-04    3.894324e-13    1.025914e-10 

convergence summary
    number of iterations   : 3
    number of reformations : 1

------- converged at time : 0.09


===== beginning time step 10 : 0.1 =====


Reforming stiffness matrix: reformation #1

 1
 Nonlinear solution status: time= 0.1
	stiffness updates             = 0
	right hand side evaluations   = 2
	stiffness matrix reformations = 1
	step from line search         = 1.000000
	convergence norms :     INITIAL         CURRENT         REQUIRED
	   residual            7.296667e-06    3.872753e-12    7.296667e-09 
	   energy              2.124024e-05    1.062483e-08    2.124024e-07 
	   displacement        1.023555e-04    1.023555e-04    1.023555e-10 
 2
 Nonlinear solution status: time= 0.1
	stiffness updates             = 1
	right hand side evaluations   = 3
	stiffness matrix reformations = 1
	step from line search         = 1.000000
	convergence norms :     INITIAL         CURRENT         REQUIRED
	   residual            7.296667e-06    3.827591e-15    7.296667e-09 
	   energy              2.124024e-05    8.208337e-13    2.124024e-07 
	   displacement        1.023555e-04    2.787601e-10    1.021292e-10 
 3
 Nonlinear solution status: time= 0.1
	stiffness updates             = 2
	right hand side evaluations   = 4
	stiffness matrix reformations = 1
	step from line search         = 1.000000
	convergence norms :     INITIAL         CURRENT         REQUIRED
	   residual            7.296667e-06    2.455371e-19    7.296667e-09 
	   energy              2.124024e-05    2.540079e-18    2.124024e-07 
	   displacement        1.023555e-04    2.934202e-13    1.021217e-10 

convergence summary
    number of iterations   : 3
    number of reformations : 1

------- converged at time : 0.1


===== beginning time step 11 : 0.11 =====


Reforming stiffness matrix: reformation #1

 1
 Nonlinear solution status: time= 0.11
	stiffness updates             = 0
	right hand side evaluations   = 2
	stiffness matrix reformations = 1
	step from line search         = 1.000000
	convergence norms :     INITIAL         CURRENT         REQUIRED
	   residual            6.739543e-06    3.600200e-12    6.739543e-09 
	   energy              2.039933e-05    1.019215e-08    2.039933e-07 
	   displacement        1.018892e-04    1.018892e-04    1.018892e-10 
 2
 Nonlinear solution status: time= 0.11
	stiffness updates             = 1
	right hand side evaluations   = 3
	stiffness matrix reformations = 1
	step from line search         = 1.000000
	convergence norms :     INITIAL         CURRENT         REQUIRED
	   residual            6.739543e-06    2.748891e-15    6.739543e-09 
	   energy              2.039933e-05    6.917311e-13    2.039933e-07 
	   displacement        1.018892e-04    2.757357e-10    1.016653e-10 
 3
 Nonlinear solution status: time= 0.11
	stiffness updates             = 2
	right hand side evaluations   = 4
	stiffness matrix reformations = 1
	step from line search         = 1.000000
	convergence norms :     INITIAL         CURRENT         REQUIRED
	   residual            6.739543e-06    2.140969e-19    6.739543e-09 
	   energy              2.039933e-05    2.362305e-18    2.039933e-07 
	   displacement        1.018892e-04    2.224108e-13    1.016588e-10 

convergence summary
    number of iterations   : 3
    number of reformations : 1

------- converged at time : 0.11


===== beginning time step 12 : 0.12 =====


Reforming stiffness matrix: reformation #1

 1
 Nonlinear solution status: time= 0.12
	stiffness updates             = 0
	right hand side evaluations   = 2
	stiffness matrix reformations = 1
	step from line search         = 1.000000
	convergence norms :     INITIAL         CURRENT         REQUIRED
	   residual            6.274774e-06    3.369624e-12    6.274774e-09 
	   energy              1.966991e-05    9.810550e-09    1.966991e-07 
	   displacement        1.014297e-04    1.014297e-04    1.014297e-10 
 2
 Nonlinear solution status: time= 0.12
	stiffness updates             = 1
	right hand side evaluations   = 3
	stiffness matrix reformations = 1
	step from line search         = 1.000000
	convergence norms :     INITIAL         CURRENT         REQUIRED
	   residual            6.274774e-06    2.001107e-15    6.274774e-09 
	   energy              1.966991e-05    5.865609e-13    1.966991e-07 
	   displacement        1.014297e-04    2.724561e-10    1.012081e-10 
 3
 Nonlinear solution status: time= 0.12
	stiffness updates             = 2
	right hand side evaluations   = 4
	stiffness matrix reformations = 1
	step from line search         = 1.000000
	convergence norms :     INITIAL         CURRENT         REQUIRED
	   residual            6.274774e-06    1.871294e-19    6.274774e-09 
	   energy              1.966991e-05    2.204393e-18    1.966991e-07 
	   displacement        1.014297e-04    1.697313e-13    1.012025e-10 

convergence summary
    number of iterations   : 3
    number of reformations : 1

------- converged at time : 0.12


===== beginning time step 13 : 0.13 =====


Reforming stiffness matrix: reformation #1

 1
 Nonlinear solution status: time= 0.13
	stiffness updates             = 0
	right hand side evaluations   = 2
	stiffness matrix reformations = 1
	step from line search         = 1.000000
	convergence norms :     INITIAL         CURRENT         REQUIRED
	   residual            5.882070e-06    3.172217e-12    5.882070e-09 
	   energy              1.903137e-05    9.470944e-09    1.903137e-07 
	   displacement        1.009766e-04    1.009766e-04    1.009766e-10 
 2
 Nonlinear solution status: time= 0.13
	stiffness updates             = 1
	right hand side evaluations   = 3
	stiffness matrix reformations = 1
	step from line search         = 1.000000
	convergence norms :     INITIAL         CURRENT         REQUIRED
	   residual            5.882070e-06    1.475929e-15    5.882070e-09 
	   energy              1.903137e-05    5.004004e-13    1.903137e-07 
	   displacement        1.009766e-04    2.689777e-10    1.007576e-10 
 3
 Nonlinear solution status: time= 0.13
	stiffness updates             = 2
	right hand side evaluations   = 4
	stiffness matrix reformations = 1
	step from line search         = 1.000000
	convergence norms :     INITIAL         CURRENT         REQUIRED
	   residual            5.882070e-06    1.640263e-19    5.882070e-09 
	   energy              1.903137e-05    2.062688e-18    1.903137e-07 
	   displacement        1.009766e-04    1.304745e-13    1.007527e-10 

convergence summary
    number of iterations   : 3
    number of reformations : 1

------- converged at time : 0.13


===== beginning time step 14 : 0.14 =====


Reforming stiffness matrix: reformation #1

 1
 Nonlinear solution status: time= 0.14
	stiffness updates             = 0
	right hand side evaluations   = 2
	stiffness matrix reformations = 1
	step from line search         = 1.000000
	convergence norms :     INITIAL         CURRENT         REQUIRED
	   residual            5.546321e-06    3.001334e-12    5.546321e-09 
	   energy              1.846749e-05    9.166163e-09    1.846749e-07 
	   displacement        1.005301e-04    1.005301e-04    1.005301e-10 
 2
 Nonlinear solution status: time= 0.14
	stiffness updates             = 1
	right hand side evaluations   = 3
	stiffness matrix reformations = 1
	step from line search         = 1.000000
	convergence norms :     INITIAL         CURRENT         REQUIRED
	   residual            5.546321e-06    1.102335e-15    5.546321e-09 
	   energy              1.846749e-05    4.294030e-13    1.846749e-07 
	   displacement        1.005301e-04    2.653488e-10    1.003136e-10 
 3
 Nonlinear solution status: time= 0.14
	stiffness updates             = 2
	right hand side evaluations   = 4
	stiffness matrix reformations = 1
	step from line search         = 1.000000
	convergence norms :     INITIAL         CURRENT         REQUIRED
	   residual            5.546321e-06    1.442304e-19    5.546321e-09 
	   energy              1.846749e-05    1.934475e-18    1.846749e-07 
	   displacement        1.005301e-04    1.010572e-13    1.003093e-10 

convergence summary
    number of iterations   : 3
    number of reformations : 1

------- converged at time : 0.14


===== beginning time step 15 : 0.15 =====


Reforming stiffness matrix: reformation #1

 1
 Nonlinear solution status: time= 0.15
	stiffness updates             = 0
	right hand side evaluations   = 2
	stiffness matrix reformations = 1
	step from line search         = 1.000000
	convergence norms :     INITIAL         CURRENT         REQUIRED
	   residual            5.256128e-06    2.851909e-12    5.256128e-09 
	   energy              1.796545e-05    8.890498e-09    1.796545e-07 
	   displacement        1.000898e-04    1.000898e-04    1.000898e-10 
 2
 Nonlinear solution status: time= 0.15
	stiffness updates             = 1
	right hand side evaluations   = 3
	stiffness matrix reformations = 1
	step from line search         = 1.000000
	convergence norms :     INITIAL         CURRENT         REQUIRED
	   residual            5.256128e-06    8.332257e-16    5.256128e-09 
	   energy              1.796545e-05    3.705551e-13    1.796545e-07 
	   displacement        1.000898e-04    2.616101e-10    9.987596e-11 
 3
 Nonlinear solution status: time= 0.15
	stiffness updates             = 2
	right hand side evaluations   = 4
	stiffness matrix reformations = 1
	step from line search         = 1.000000
	convergence norms :     INITIAL         CURRENT         REQUIRED
	   residual            5.256128e-06    1.272485e-19    5.256128e-09 
	   energy              1.796545e-05    1.817783e-18    1.796545e-07 
	   displacement        1.000898e-04    7.887299e-14    9.987217e-11 

convergence summary
    number of iterations   : 3
    number of reformations : 1

------- converged at time : 0.15


===== beginning time step 16 : 0.16 =====


Reforming stiffness matrix: reformation #1

 1
 Nonlinear solution status: time= 0.16
	stiffness updates             = 0
	right hand side evaluations   = 2
	stiffness matrix reformations = 1
	step from line search         = 1.000000
	convergence norms :     INITIAL         CURRENT         REQUIRED
	   residual            5.002793e-06    2.720029e-12    5.002793e-09 
	   energy              1.751500e-05    8.639372e-09    1.751500e-07 
	   displacement        9.965572e-05    9.965572e-05    9.965572e-11 
 2
 Nonlinear solution status: time= 0.16
	stiffness updates             = 1
	right hand side evaluations   = 3
	stiffness matrix reformations = 1
	step from line search         = 1.000000
	convergence norms :     INITIAL         CURRENT         REQUIRED
	   residual            5.002793e-06    6.370082e-16    5.002793e-09 
	   energy              1.751500e-05    3.214891e-13    1.751500e-07 
	   displacement        9.965572e-05    2.577955e-10    9.944452e-11 
 3
 Nonlinear solution status: time= 0.16
	stiffness updates             = 2
	right hand side evaluations   = 4
	stiffness matrix reformations = 1
	step from line search         = 1.000000
	convergence norms :     INITIAL         CURRENT         REQUIRED
	   residual            5.002793e-06    1.126525e-19    5.002793e-09 
	   energy              1.751500e-05    1.711055e-18    1.751500e-07 
	   displacement        9.965572e-05    6.202781e-14    9.944116e-11 

convergence summary
    number of iterations   : 3
    number of reformations : 1

------- converged at time : 0.16


===== beginning time step 17 : 0.17 =====


Reforming stiffness matrix: reformation #1

 1
 Nonlinear solution status: time= 0.17
	stiffness updates             = 0
	right hand side evaluations   = 2
	stiffness matrix reformations = 1
	step from line search         = 1.000000
	convergence norms :     INITIAL         CURRENT         REQUIRED
	   residual            4.779597e-06    2.602643e-12    4.779597e-09 
	   energy              1.710793e-05    8.409090e-09    1.710793e-07 
	   displacement        9.922775e-05    9.922775e-05    9.922775e-11 
 2
 Nonlinear solution status: time= 0.17
	stiffness updates             = 1
	right hand side evaluations   = 3
	stiffness matrix reformations = 1
	step from line search         = 1.000000
	convergence norms :     INITIAL         CURRENT         REQUIRED
	   residual            4.779597e-06    4.922499e-16    4.779597e-09 
	   energy              1.710793e-05    2.803387e-13    1.710793e-07 
	   displacement        9.922775e-05    2.539328e-10    9.901917e-11 
 3
 Nonlinear solution status: time= 0.17
	stiffness updates             = 2
	right hand side evaluations   = 4
	stiffness matrix reformations = 1
	step from line search         = 1.000000
	convergence norms :     INITIAL         CURRENT         REQUIRED
	   residual            4.779597e-06    1.000765e-19    4.779597e-09 
	   energy              1.710793e-05    1.613068e-18    1.710793e-07 
	   displacement        9.922775e-05    4.914419e-14    9.901619e-11 

convergence summary
    number of iterations   : 3
    number of reformations : 1

------- converged at time : 0.17


===== beginning time step 18 : 0.18 =====


Reforming stiffness matrix: reformation #1

 1
 Nonlinear solution status: time= 0.18
	stiffness updates             = 0
	right hand side evaluations   = 2
	stiffness matrix reformations = 1
	step from line search         = 1.000000
	convergence norms :     INITIAL         CURRENT         REQUIRED
	   residual            4.581299e-06    2.497345e-12    4.581299e-09 
	   energy              1.673759e-05    8.196651e-09    1.673759e-07 
	   displacement        9.880575e-05    9.880575e-05    9.880575e-11 
 2
 Nonlinear solution status: time= 0.18
	stiffness updates             = 1
	right hand side evaluations   = 3
	stiffness matrix reformations = 1
	step from line search         = 1.000000
	convergence norms :     INITIAL         CURRENT         REQUIRED
	   residual            4.581299e-06    3.842446e-16    4.581299e-09 
	   energy              1.673759e-05    2.456269e-13    1.673759e-07 
	   displacement        9.880575e-05    2.500448e-10    9.859979e-11 
 3
 Nonlinear solution status: time= 0.18
	stiffness updates             = 2
	right hand side evaluations   = 4
	stiffness matrix reformations = 1
	step from line search         = 1.000000
	convergence norms :     INITIAL         CURRENT         REQUIRED
	   residual            4.581299e-06    8.920987e-20    4.581299e-09 
	   energy              1.673759e-05    1.522835e-18    1.673759e-07 
	   displacement        9.880575e-05    3.921756e-14    9.859713e-11 

convergence summary
    number of iterations   : 3
    number of reformations : 1

------- converged at time : 0.18


===== beginning time step 19 : 0.19 =====


Reforming stiffness matrix: reformation #1

 1
 Nonlinear solution status: time= 0.19
	stiffness updates             = 0
	right hand side evaluations   = 2
	stiffness matrix reformations = 1
	step from line search         = 1.000000
	convergence norms :     INITIAL         CURRENT         REQUIRED
	   residual            4.403766e-06    2.402222e-12    4.403766e-09 
	   energy              1.639861e-05    7.999598e-09    1.639861e-07 
	   displacement        9.838962e-05    9.838962e-05    9.838962e-11 
 2
 Nonlinear solution status: time= 0.19
	stiffness updates             = 1
	right hand side evaluations   = 3
	stiffness matrix reformations = 1
	step from line search         = 1.000000
	convergence norms :     INITIAL         CURRENT         REQUIRED
	   residual            4.403766e-06    3.027880e-16    4.403766e-09 
	   energy              1.639861e-05    2.161808e-13    1.639861e-07 
	   displacement        9.838962e-05    2.461501e-10    9.818627e-11 
 3
 Nonlinear solution status: time= 0.19
	stiffness updates             = 2
	right hand side evaluations   = 4
	stiffness matrix reformations = 1
	step from line search         = 1.000000
	convergence norms :     INITIAL         CURRENT         REQUIRED
	   residual            4.403766e-06    7.979085e-20    4.403766e-09 
	   energy              1.639861e-05    1.439530e-18    1.639861e-07 
	   displacement        9.838962e-05    3.151244e-14    9.818389e-11 

convergence summary
    number of iterations   : 3
    number of reformations : 1

------- converged at time : 0.19


===== beginning time step 20 : 0.2 =====


Reforming stiffness matrix: reformation #1

 1
 Nonlinear solution status: time= 0.2
	stiffness updates             = 0
	right hand side evaluations   = 2
	stiffness matrix reformations = 1
	step from line search         = 1.000000
	convergence norms :     INITIAL         CURRENT         REQUIRED
	   residual            4.243706e-06    2.315735e-12    4.243706e-09 
	   energy              1.608656e-05    7.815909e-09    1.608656e-07 
	   displacement        9.797925e-05    9.797925e-05    9.797925e-11 
 2
 Nonlinear solution status: time= 0.2
	stiffness updates             = 1
	right hand side evaluations   = 3
	stiffness matrix reformations = 1
	step from line search         = 1.000000
	convergence norms :     INITIAL         CURRENT         REQUIRED
	   residual            4.243706e-06    2.407204e-16    4.243706e-09 
	   energy              1.608656e-05    1.910642e-13    1.608656e-07 
	   displacement        9.797925e-05    2.422635e-10    9.777850e-11 
 3
 Nonlinear solution status: time= 0.2
	stiffness updates             = 2
	right hand side evaluations   = 4
	stiffness matrix reformations = 1
	step from line search         = 1.000000
	convergence norms :     INITIAL         CURRENT         REQUIRED
	   residual            4.243706e-06    7.159950e-20    4.243706e-09 
	   energy              1.608656e-05    1.362454e-18    1.608656e-07 
	   displacement        9.797925e-05    2.548773e-14    9.777636e-11 

convergence summary
    number of iterations   : 3
    number of reformations : 1

------- converged at time : 0.2


===== beginning time step 21 : 0.21 =====


Reforming stiffness matrix: reformation #1

 1
 Nonlinear solution status: time= 0.21
	stiffness updates             = 0
	right hand side evaluations   = 2
	stiffness matrix reformations = 1
	step from line search         = 1.000000
	convergence norms :     INITIAL         CURRENT         REQUIRED
	   residual            4.098476e-06    2.236639e-12    4.098476e-09 
	   energy              1.579779e-05    7.643904e-09    1.579779e-07 
	   displacement        9.757454e-05    9.757454e-05    9.757454e-11 
 2
 Nonlinear solution status: time= 0.21
	stiffness updates             = 1
	right hand side evaluations   = 3
	stiffness matrix reformations = 1
	step from line search         = 1.000000
	convergence norms :     INITIAL         CURRENT         REQUIRED
	   residual            4.098476e-06    1.929641e-16    4.098476e-09 
	   energy              1.579779e-05    1.695269e-13    1.579779e-07 
	   displacement        9.757454e-05    2.383970e-10    9.737637e-11 
 3
 Nonlinear solution status: time= 0.21
	stiffness updates             = 2
	right hand side evaluations   = 4
	stiffness matrix reformations = 1
	step from line search         = 1.000000
	convergence norms :     INITIAL         CURRENT         REQUIRED
	   residual            4.098476e-06    6.445141e-20    4.098476e-09 
	   energy              1.579779e-05    1.290997e-18    1.579779e-07 
	   displacement        9.757454e-05    2.074309e-14    9.737444e-11 

convergence summary
    number of iterations   : 3
    number of reformations : 1

------- converged at time : 0.21


===== beginning time step 22 : 0.22 =====


Reforming stiffness matrix: reformation #1

 1
 Nonlinear solution status: time= 0.22
	stiffness updates             = 0
	right hand side evaluations   = 2
	stiffness matrix reformations = 1
	step from line search         = 1.000000
	convergence norms :     INITIAL         CURRENT         REQUIRED
	   residual            3.965934e-06    2.163914e-12    3.965934e-09 
	   energy              1.552930e-05    7.482184e-09    1.552930e-07 
	   displacement        9.717538e-05    9.717538e-05    9.717538e-11 
 2
 Nonlinear solution status: time= 0.22
	stiffness updates             = 1
	right hand side evaluations   = 3
	stiffness matrix reformations = 1
	step from line search         = 1.000000
	convergence norms :     INITIAL         CURRENT         REQUIRED
	   residual            3.965934e-06    1.558790e-16    3.965934e-09 
	   energy              1.552930e-05    1.509647e-13    1.552930e-07 
	   displacement        9.717538e-05    2.345600e-10    9.697976e-11 
 3
 Nonlinear solution status: time= 0.22
	stiffness updates             = 2
	right hand side evaluations   = 4
	stiffness matrix reformations = 1
	step from line search         = 1.000000
	convergence norms :     INITIAL         CURRENT         REQUIRED
	   residual            3.965934e-06    5.819205e-20    3.965934e-09 
	   energy              1.552930e-05    1.224634e-18    1.552930e-07 
	   displacement        9.717538e-05    1.698051e-14    9.697802e-11 

convergence summary
    number of iterations   : 3
    number of reformations : 1

------- converged at time : 0.22


===== beginning time step 23 : 0.23 =====


Reforming stiffness matrix: reformation #1

 1
 Nonlinear solution status: time= 0.23
	stiffness updates             = 0
	right hand side evaluations   = 2
	stiffness matrix reformations = 1
	step from line search         = 1.000000
	convergence norms :     INITIAL         CURRENT         REQUIRED
	   residual            3.844326e-06    2.096723e-12    3.844326e-09 
	   energy              1.527857e-05    7.329572e-09    1.527857e-07 
	   displacement        9.678168e-05    9.678168e-05    9.678168e-11 
 2
 Nonlinear solution status: time= 0.23
	stiffness updates             = 1
	right hand side evaluations   = 3
	stiffness matrix reformations = 1
	step from line search         = 1.000000
	convergence norms :     INITIAL         CURRENT         REQUIRED
	   residual            3.844326e-06    1.268293e-16    3.844326e-09 
	   energy              1.527857e-05    1.348888e-13    1.527857e-07 
	   displacement        9.678168e-05    2.307602e-10    9.658859e-11 
 3
 Nonlinear solution status: time= 0.23
	stiffness updates             = 2
	right hand side evaluations   = 4
	stiffness matrix reformations = 1
	step from line search         = 1.000000
	convergence norms :     INITIAL         CURRENT         REQUIRED
	   residual            3.844326e-06    5.269194e-20    3.844326e-09 
	   energy              1.527857e-05    1.162892e-18    1.527857e-07 
	   displacement        9.678168e-05    1.397670e-14    9.658700e-11 

convergence summary
    number of iterations   : 3
    number of reformations : 1

------- converged at time : 0.23


===== beginning time step 24 : 0.24 =====


Reforming stiffness matrix: reformation #1

 1
 Nonlinear solution status: time= 0.24
	stiffness updates             = 0
	right hand side evaluations   = 2
	stiffness matrix reformations = 1
	step from line search         = 1.000000
	convergence norms :     INITIAL         CURRENT         REQUIRED
	   residual            3.732209e-06    2.034368e-12    3.732209e-09 
	   energy              1.504348e-05    7.185073e-09    1.504348e-07 
	   displacement        9.639334e-05    9.639334e-05    9.639334e-11 
 2
 Nonlinear solution status: time= 0.24
	stiffness updates             = 1
	right hand side evaluations   = 3
	stiffness matrix reformations = 1
	step from line search         = 1.000000
	convergence norms :     INITIAL         CURRENT         REQUIRED
	   residual            3.732209e-06    1.038869e-16    3.732209e-09 
	   energy              1.504348e-05    1.209015e-13    1.504348e-07 
	   displacement        9.639334e-05    2.270034e-10    9.620274e-11 
 3
 Nonlinear solution status: time= 0.24
	stiffness updates             = 2
	right hand side evaluations   = 4
	stiffness matrix reformations = 1
	step from line search         = 1.000000
	convergence norms :     INITIAL         CURRENT         REQUIRED
	   residual            3.732209e-06    4.784243e-20    3.732209e-09 
	   energy              1.504348e-05    1.105362e-18    1.504348e-07 
	   displacement        9.639334e-05    1.156327e-14    9.620130e-11 

convergence summary
    number of iterations   : 3
    number of reformations : 1

------- converged at time : 0.24


===== beginning time step 25 : 0.25 =====


Reforming stiffness matrix: reformation #1

 1
 Nonlinear solution status: time= 0.25
	stiffness updates             = 0
	right hand side evaluations   = 2
	stiffness matrix reformations = 1
	step from line search         = 1.000000
	convergence norms :     INITIAL         CURRENT         REQUIRED
	   residual            3.628385e-06    1.976268e-12    3.628385e-09 
	   energy              1.482226e-05    7.047843e-09    1.482226e-07 
	   displacement        9.601026e-05    9.601026e-05    9.601026e-11 
 2
 Nonlinear solution status: time= 0.25
	stiffness updates             = 1
	right hand side evaluations   = 3
	stiffness matrix reformations = 1
	step from line search         = 1.000000
	convergence norms :     INITIAL         CURRENT         REQUIRED
	   residual            3.628385e-06    8.562763e-17    3.628385e-09 
	   energy              1.482226e-05    1.086777e-13    1.482226e-07 
	   displacement        9.601026e-05    2.232943e-10    9.582213e-11 
 3
 Nonlinear solution status: time= 0.25
	stiffness updates             = 2
	right hand side evaluations   = 4
	stiffness matrix reformations = 1
	step from line search         = 1.000000
	convergence norms :     INITIAL         CURRENT         REQUIRED
	   residual            3.628385e-06    4.355226e-20    3.628385e-09 
	   energy              1.482226e-05    1.051677e-18    1.482226e-07 
	   displacement        9.601026e-05    9.612341e-15    9.582081e-11 

convergence summary
    number of iterations   : 3
    number of reformations : 1

------- converged at time : 0.25


===== beginning time step 26 : 0.26 =====


Reforming stiffness matrix: reformation #1

 1
 Nonlinear solution status: time= 0.26
	stiffness updates             = 0
	right hand side evaluations   = 2
	stiffness matrix reformations = 1
	step from line search         = 1.000000
	convergence norms :     INITIAL         CURRENT         REQUIRED
	   residual            3.531852e-06    1.921932e-12    3.531852e-09 
	   energy              1.461338e-05    6.917157e-09    1.461338e-07 
	   displacement        9.563235e-05    9.563235e-05    9.563235e-11 
 2
 Nonlinear solution status: time= 0.26
	stiffness updates             = 1
	right hand side evaluations   = 3
	stiffness matrix reformations = 1
	step from line search         = 1.000000
	convergence norms :     INITIAL         CURRENT         REQUIRED
	   residual            3.531852e-06    7.099016e-17    3.531852e-09 
	   energy              1.461338e-05    9.795054e-14    1.461338e-07 
	   displacement        9.563235e-05    2.196363e-10    9.544666e-11 
 3
 Nonlinear solution status: time= 0.26
	stiffness updates             = 2
	right hand side evaluations   = 4
	stiffness matrix reformations = 1
	step from line search         = 1.000000
	convergence norms :     INITIAL         CURRENT         REQUIRED
	   residual            3.531852e-06    3.974450e-20    3.531852e-09 
	   energy              1.461338e-05    1.001502e-18    1.461338e-07 
	   displacement        9.563235e-05    8.026132e-15    9.544545e-11 

convergence summary
    number of iterations   : 3
    number of reformations : 1

------- converged at time : 0.26


===== beginning time step 27 : 0.27 =====


Reforming stiffness matrix: reformation #1

 1
 Nonlinear solution status: time= 0.27
	stiffness updates             = 0
	right hand side evaluations   = 2
	stiffness matrix reformations = 1
	step from line search         = 1.000000
	convergence norms :     INITIAL         CURRENT         REQUIRED
	   residual            3.441765e-06    1.870945e-12    3.441765e-09 
	   energy              1.441555e-05    6.792393e-09    1.441555e-07 
	   displacement        9.525952e-05    9.525952e-05    9.525952e-11 
 2
 Nonlinear solution status: time= 0.27
	stiffness updates             = 1
	right hand side evaluations   = 3
	stiffness matrix reformations = 1
	step from line search         = 1.000000
	convergence norms :     INITIAL         CURRENT         REQUIRED
	   residual            3.441765e-06    5.917618e-17    3.441765e-09 
	   energy              1.441555e-05    8.849945e-14    1.441555e-07 
	   displacement        9.525952e-05    2.160322e-10    9.507623e-11 
 3
 Nonlinear solution status: time= 0.27
	stiffness updates             = 2
	right hand side evaluations   = 4
	stiffness matrix reformations = 1
	step from line search         = 1.000000
	convergence norms :     INITIAL         CURRENT         REQUIRED
	   residual            3.441765e-06    3.635431e-20    3.441765e-09 
	   energy              1.441555e-05    9.545406e-19    1.441555e-07 
	   displacement        9.525952e-05    6.729394e-15    9.507513e-11 

convergence summary
    number of iterations   : 3
    number of reformations : 1

------- converged at time : 0.27


===== beginning time step 28 : 0.28 =====


Reforming stiffness matrix: reformation #1

 1
 Nonlinear solution status: time= 0.28
	stiffness updates             = 0
	right hand side evaluations   = 2
	stiffness matrix reformations = 1
	step from line search         = 1.000000
	convergence norms :     INITIAL         CURRENT         REQUIRED
	   residual            3.357411e-06    1.822954e-12    3.357411e-09 
	   energy              1.422766e-05    6.673014e-09    1.422766e-07 
	   displacement        9.489168e-05    9.489168e-05    9.489168e-11 
 2
 Nonlinear solution status: time= 0.28
	stiffness updates             = 1
	right hand side evaluations   = 3
	stiffness matrix reformations = 1
	step from line search         = 1.000000
	convergence norms :     INITIAL         CURRENT         REQUIRED
	   residual            3.357411e-06    4.958016e-17    3.357411e-09 
	   energy              1.422766e-05    8.014158e-14    1.422766e-07 
	   displacement        9.489168e-05    2.124840e-10    9.471076e-11 
 3
 Nonlinear solution status: time= 0.28
	stiffness updates             = 2
	right hand side evaluations   = 4
	stiffness matrix reformations = 1
	step from line search         = 1.000000
	convergence norms :     INITIAL         CURRENT         REQUIRED
	   residual            3.357411e-06    3.332670e-20    3.357411e-09 
	   energy              1.422766e-05    9.105320e-19    1.422766e-07 
	   displacement        9.489168e-05    5.663821e-15    9.470975e-11 

convergence summary
    number of iterations   : 3
    number of reformations : 1

------- converged at time : 0.28


===== beginning time step 29 : 0.29 =====


Reforming stiffness matrix: reformation #1

 1
 Nonlinear solution status: time= 0.29
	stiffness updates             = 0
	right hand side evaluations   = 2
	stiffness matrix reformations = 1
	step from line search         = 1.000000
	convergence norms :     INITIAL         CURRENT         REQUIRED
	   residual            3.278178e-06    1.777654e-12    3.278178e-09 
	   energy              1.404875e-05    6.558552e-09    1.404875e-07 
	   displacement        9.452874e-05    9.452874e-05    9.452874e-11 
 2
 Nonlinear solution status: time= 0.29
	stiffness updates             = 1
	right hand side evaluations   = 3
	stiffness matrix reformations = 1
	step from line search         = 1.000000
	convergence norms :     INITIAL         CURRENT         REQUIRED
	   residual            3.278178e-06    4.173905e-17    3.278178e-09 
	   energy              1.404875e-05    7.272441e-14    1.404875e-07 
	   displacement        9.452874e-05    2.089929e-10    9.435016e-11 
 3
 Nonlinear solution status: time= 0.29
	stiffness updates             = 2
	right hand side evaluations   = 4
	stiffness matrix reformations = 1
	step from line search         = 1.000000
	convergence norms :     INITIAL         CURRENT         REQUIRED
	   residual            3.278178e-06    3.061507e-20    3.278178e-09 
	   energy              1.404875e-05    8.692339e-19    1.404875e-07 
	   displacement        9.452874e-05    4.783941e-15    9.434923e-11 

convergence summary
    number of iterations   : 3
    number of reformations : 1

------- converged at time : 0.29


===== beginning time step 30 : 0.3 =====


Reforming stiffness matrix: reformation #1

 1
 Nonlinear solution status: time= 0.3
	stiffness updates             = 0
	right hand side evaluations   = 2
	stiffness matrix reformations = 1
	step from line search         = 1.000000
	convergence norms :     INITIAL         CURRENT         REQUIRED
	   residual            3.203545e-06    1.734784e-12    3.203545e-09 
	   energy              1.387799e-05    6.448597e-09    1.387799e-07 
	   displacement        9.417062e-05    9.417062e-05    9.417062e-11 
 2
 Nonlinear solution status: time= 0.3
	stiffness updates             = 1
	right hand side evaluations   = 3
	stiffness matrix reformations = 1
	step from line search         = 1.000000
	convergence norms :     INITIAL         CURRENT         REQUIRED
	   residual            3.203545e-06    3.529595e-17    3.203545e-09 
	   energy              1.387799e-05    6.612019e-14    1.387799e-07 
	   displacement        9.417062e-05    2.055599e-10    9.399435e-11 
 3
 Nonlinear solution status: time= 0.3
	stiffness updates             = 2
	right hand side evaluations   = 4
	stiffness matrix reformations = 1
	step from line search         = 1.000000
	convergence norms :     INITIAL         CURRENT         REQUIRED
	   residual            3.203545e-06    2.817967e-20    3.203545e-09 
	   energy              1.387799e-05    8.304313e-19    1.387799e-07 
	   displacement        9.417062e-05    4.054072e-15    9.399349e-11 

convergence summary
    number of iterations   : 3
    number of reformations : 1

------- converged at time : 0.3


===== beginning time step 31 : 0.31 =====


Reforming stiffness matrix: reformation #1

 1
 Nonlinear solution status: time= 0.31
	stiffness updates             = 0
	right hand side evaluations   = 2
	stiffness matrix reformations = 1
	step from line search         = 1.000000
	convergence norms :     INITIAL         CURRENT         REQUIRED
	   residual            3.133059e-06    1.694116e-12    3.133059e-09 
	   energy              1.371465e-05    6.342792e-09    1.371465e-07 
	   displacement        9.381724e-05    9.381724e-05    9.381724e-11 
 2
 Nonlinear solution status: time= 0.31
	stiffness updates             = 1
	right hand side evaluations   = 3
	stiffness matrix reformations = 1
	step from line search         = 1.000000
	convergence norms :     INITIAL         CURRENT         REQUIRED
	   residual            3.133059e-06    2.997376e-17    3.133059e-09 
	   energy              1.371465e-05    6.022142e-14    1.371465e-07 
	   displacement        9.381724e-05    2.021856e-10    9.364323e-11 
 3
 Nonlinear solution status: time= 0.31
	stiffness updates             = 2
	right hand side evaluations   = 4
	stiffness matrix reformations = 1
	step from line search         = 1.000000
	convergence norms :     INITIAL         CURRENT         REQUIRED
	   residual            3.133059e-06    2.598654e-20    3.133059e-09 
	   energy              1.371465e-05    7.939298e-19    1.371465e-07 
	   displacement        9.381724e-05    3.446038e-15    9.364244e-11 

convergence summary
    number of iterations   : 3
    number of reformations : 1

------- converged at time : 0.31


===== beginning time step 32 : 0.32 =====


Reforming stiffness matrix: reformation #1

 1
 Nonlinear solution status: time= 0.32
	stiffness updates             = 0
	right hand side evaluations   = 2
	stiffness matrix reformations = 1
	step from line search         = 1.000000
	convergence norms :     INITIAL         CURRENT         REQUIRED
	   residual            3.066331e-06    1.655453e-12    3.066331e-09 
	   energy              1.355810e-05    6.240819e-09    1.355810e-07 
	   displacement        9.346851e-05    9.346851e-05    9.346851e-11 
 2
 Nonlinear solution status: time= 0.32
	stiffness updates             = 1
	right hand side evaluations   = 3
	stiffness matrix reformations = 1
	step from line search         = 1.000000
	convergence norms :     INITIAL         CURRENT         REQUIRED
	   residual            3.066331e-06    2.555578e-17    3.066331e-09 
	   energy              1.355810e-05    5.493719e-14    1.355810e-07 
	   displacement        9.346851e-05    1.988702e-10    9.329674e-11 
 3
 Nonlinear solution status: time= 0.32
	stiffness updates             = 2
	right hand side evaluations   = 4
	stiffness matrix reformations = 1
	step from line search         = 1.000000
	convergence norms :     INITIAL         CURRENT         REQUIRED
	   residual            3.066331e-06    2.400658e-20    3.066331e-09 
	   energy              1.355810e-05    7.595523e-19    1.355810e-07 
	   displacement        9.346851e-05    2.937464e-15    9.329600e-11 

convergence summary
    number of iterations   : 3
    number of reformations : 1

------- converged at time : 0.32


===== beginning time step 33 : 0.33 =====


Reforming stiffness matrix: reformation #1

 1
 Nonlinear solution status: time= 0.33
	stiffness updates             = 0
	right hand side evaluations   = 2
	stiffness matrix reformations = 1
	step from line search         = 1.000000
	convergence norms :     INITIAL         CURRENT         REQUIRED
	   residual            3.003019e-06    1.618621e-12    3.003019e-09 
	   energy              1.340779e-05    6.142399e-09    1.340779e-07 
	   displacement        9.312435e-05    9.312435e-05    9.312435e-11 
 2
 Nonlinear solution status: time= 0.33
	stiffness updates             = 1
	right hand side evaluations   = 3
	stiffness matrix reformations = 1
	step from line search         = 1.000000
	convergence norms :     INITIAL         CURRENT         REQUIRED
	   residual            3.003019e-06    2.187142e-17    3.003019e-09 
	   energy              1.340779e-05    5.019031e-14    1.340779e-07 
	   displacement        9.312435e-05    1.956137e-10    9.295478e-11 
 3
 Nonlinear solution status: time= 0.33
	stiffness updates             = 2
	right hand side evaluations   = 4
	stiffness matrix reformations = 1
	step from line search         = 1.000000
	convergence norms :     INITIAL         CURRENT         REQUIRED
	   residual            3.003019e-06    2.221475e-20    3.003019e-09 
	   energy              1.340779e-05    7.271404e-19    1.340779e-07 
	   displacement        9.312435e-05    2.510478e-15    9.295410e-11 

convergence summary
    number of iterations   : 3
    number of reformations : 1

------- converged at time : 0.33


===== beginning time step 34 : 0.34 =====


Reforming stiffness matrix: reformation #1

 1
 Nonlinear solution status: time= 0.34
	stiffness updates             = 0
	right hand side evaluations   = 2
	stiffness matrix reformations = 1
	step from line search         = 1.000000
	convergence norms :     INITIAL         CURRENT         REQUIRED
	   residual            2.942824e-06    1.583469e-12    2.942824e-09 
	   energy              1.326321e-05    6.047281e-09    1.326321e-07 
	   displacement        9.278469e-05    9.278469e-05    9.278469e-11 
 2
 Nonlinear solution status: time= 0.34
	stiffness updates             = 1
	right hand side evaluations   = 3
	stiffness matrix reformations = 1
	step from line search         = 1.000000
	convergence norms :     INITIAL         CURRENT         REQUIRED
	   residual            2.942824e-06    1.878549e-17    2.942824e-09 
	   energy              1.326321e-05    4.591496e-14    1.326321e-07 
	   displacement        9.278469e-05    1.924158e-10    9.261729e-11 
 3
 Nonlinear solution status: time= 0.34
	stiffness updates             = 2
	right hand side evaluations   = 4
	stiffness matrix reformations = 1
	step from line search         = 1.000000
	convergence norms :     INITIAL         CURRENT         REQUIRED
	   residual            2.942824e-06    2.058946e-20    2.942824e-09 
	   energy              1.326321e-05    6.965487e-19    1.326321e-07 
	   displacement        9.278469e-05    2.150726e-15    9.261665e-11 

convergence summary
    number of iterations   : 3
    number of reformations : 1

------- converged at time : 0.34


===== beginning time step 35 : 0.35 =====


Reforming stiffness matrix: reformation #1

 1
 Nonlinear solution status: time= 0.35
	stiffness updates             = 0
	right hand side evaluations   = 2
	stiffness matrix reformations = 1
	step from line search         = 1.000000
	convergence norms :     INITIAL         CURRENT         REQUIRED
	   residual            2.885485e-06    1.549861e-12    2.885485e-09 
	   energy              1.312393e-05    5.955244e-09    1.312393e-07 
	   displacement        9.244945e-05    9.244945e-05    9.244945e-11 
 2
 Nonlinear solution status: time= 0.35
	stiffness updates             = 1
	right hand side evaluations   = 3
	stiffness matrix reformations = 1
	step from line search         = 1.000000
	convergence norms :     INITIAL         CURRENT         REQUIRED
	   residual            2.885485e-06    1.619026e-17    2.885485e-09 
	   energy              1.312393e-05    4.205481e-14    1.312393e-07 
	   displacement        9.244945e-05    1.892762e-10    9.228418e-11 
 3
 Nonlinear solution status: time= 0.35
	stiffness updates             = 2
	right hand side evaluations   = 4
	stiffness matrix reformations = 1
	step from line search         = 1.000000
	convergence norms :     INITIAL         CURRENT         REQUIRED
	   residual            2.885485e-06    1.911198e-20    2.885485e-09 
	   energy              1.312393e-05    6.676461e-19    1.312393e-07 
	   displacement        9.244945e-05    1.846624e-15    9.228359e-11 

convergence summary
    number of iterations   : 3
    number of reformations : 1

------- converged at time : 0.35


===== beginning time step 36 : 0.36 =====


Reforming stiffness matrix: reformation #1

 1
 Nonlinear solution status: time= 0.36
	stiffness updates             = 0
	right hand side evaluations   = 2
	stiffness matrix reformations = 1
	step from line search         = 1.000000
	convergence norms :     INITIAL         CURRENT         REQUIRED
	   residual            2.830769e-06    1.517678e-12    2.830769e-09 
	   energy              1.298956e-05    5.866088e-09    1.298956e-07 
	   displacement        9.211855e-05    9.211855e-05    9.211855e-11 
 2
 Nonlinear solution status: time= 0.36
	stiffness updates             = 1
	right hand side evaluations   = 3
	stiffness matrix reformations = 1
	step from line search         = 1.000000
	convergence norms :     INITIAL         CURRENT         REQUIRED
	   residual            2.830769e-06    1.399931e-17    2.830769e-09 
	   energy              1.298956e-05    3.856140e-14    1.298956e-07 
	   displacement        9.211855e-05    1.861943e-10    9.195538e-11 
 3
 Nonlinear solution status: time= 0.36
	stiffness updates             = 2
	right hand side evaluations   = 4
	stiffness matrix reformations = 1
	step from line search         = 1.000000
	convergence norms :     INITIAL         CURRENT         REQUIRED
	   residual            2.830769e-06    1.776609e-20    2.830769e-09 
	   energy              1.298956e-05    6.403110e-19    1.298956e-07 
	   displacement        9.211855e-05    1.588771e-15    9.195483e-11 

convergence summary
    number of iterations   : 3
    number of reformations : 1

------- converged at time : 0.36


===== beginning time step 37 : 0.37 =====


Reforming stiffness matrix: reformation #1

 1
 Nonlinear solution status: time= 0.37
	stiffness updates             = 0
	right hand side evaluations   = 2
	stiffness matrix reformations = 1
	step from line search         = 1.000000
	convergence norms :     INITIAL         CURRENT         REQUIRED
	   residual            2.778471e-06    1.486815e-12    2.778471e-09 
	   energy              1.285976e-05    5.779633e-09    1.285976e-07 
	   displacement        9.179192e-05    9.179192e-05    9.179192e-11 
 2
 Nonlinear solution status: time= 0.37
	stiffness updates             = 1
	right hand side evaluations   = 3
	stiffness matrix reformations = 1
	step from line search         = 1.000000
	convergence norms :     INITIAL         CURRENT         REQUIRED
	   residual            2.778471e-06    1.214299e-17    2.778471e-09 
	   energy              1.285976e-05    3.539295e-14    1.285976e-07 
	   displacement        9.179192e-05    1.831695e-10    9.163082e-11 
 3
 Nonlinear solution status: time= 0.37
	stiffness updates             = 2
	right hand side evaluations   = 4
	stiffness matrix reformations = 1
	step from line search         = 1.000000
	convergence norms :     INITIAL         CURRENT         REQUIRED
	   residual            2.778471e-06    1.653764e-20    2.778471e-09 
	   energy              1.285976e-05    6.144365e-19    1.285976e-07 
	   displacement        9.179192e-05    1.369507e-15    9.163030e-11 

convergence summary
    number of iterations   : 3
    number of reformations : 1

------- converged at time : 0.37


===== beginning time step 38 : 0.38 =====


Reforming stiffness matrix: reformation #1

 1
 Nonlinear solution status: time= 0.38
	stiffness updates             = 0
	right hand side evaluations   = 2
	stiffness matrix reformations = 1
	step from line search         = 1.000000
	convergence norms :     INITIAL         CURRENT         REQUIRED
	   residual            2.728408e-06    1.457175e-12    2.728408e-09 
	   energy              1.273421e-05    5.695717e-09    1.273421e-07 
	   displacement        9.146949e-05    9.146949e-05    9.146949e-11 
 2
 Nonlinear solution status: time= 0.38
	stiffness updates             = 1
	right hand side evaluations   = 3
	stiffness matrix reformations = 1
	step from line search         = 1.000000
	convergence norms :     INITIAL         CURRENT         REQUIRED
	   residual            2.728408e-06    1.056484e-17    2.728408e-09 
	   energy              1.273421e-05    3.251326e-14    1.273421e-07 
	   displacement        9.146949e-05    1.802011e-10    9.131043e-11 
 3
 Nonlinear solution status: time= 0.38
	stiffness updates             = 2
	right hand side evaluations   = 4
	stiffness matrix reformations = 1
	step from line search         = 1.000000
	convergence norms :     INITIAL         CURRENT         REQUIRED
	   residual            2.728408e-06    1.541424e-20    2.728408e-09 
	   energy              1.273421e-05    5.899207e-19    1.273421e-07 
	   displacement        9.146949e-05    1.182559e-15    9.130994e-11 

convergence summary
    number of iterations   : 3
    number of reformations : 1

------- converged at time : 0.38


===== beginning time step 39 : 0.39 =====


Reforming stiffness matrix: reformation #1

 1
 Nonlinear solution status: time= 0.39
	stiffness updates             = 0
	right hand side evaluations   = 2
	stiffness matrix reformations = 1
	step from line search         = 1.000000
	convergence norms :     INITIAL         CURRENT         REQUIRED
	   residual            2.680416e-06    1.428674e-12    2.680416e-09 
	   energy              1.261263e-05    5.614193e-09    1.261263e-07 
	   displacement        9.115118e-05    9.115118e-05    9.115118e-11 
 2
 Nonlinear solution status: time= 0.39
	stiffness updates             = 1
	right hand side evaluations   = 3
	stiffness matrix reformations = 1
	step from line search         = 1.000000
	convergence norms :     INITIAL         CURRENT         REQUIRED
	   residual            2.680416e-06    9.218888e-18    2.680416e-09 
	   energy              1.261263e-05    2.989089e-14    1.261263e-07 
	   displacement        9.115118e-05    1.772884e-10    9.099413e-11 
 3
 Nonlinear solution status: time= 0.39
	stiffness updates             = 2
	right hand side evaluations   = 4
	stiffness matrix reformations = 1
	step from line search         = 1.000000
	convergence norms :     INITIAL         CURRENT         REQUIRED
	   residual            2.680416e-06    1.438506e-20    2.680416e-09 
	   energy              1.261263e-05    5.666725e-19    1.261263e-07 
	   displacement        9.115118e-05    1.022766e-15    9.099368e-11 

convergence summary
    number of iterations   : 3
    number of reformations : 1

------- converged at time : 0.39


===== beginning time step 40 : 0.4 =====


Reforming stiffness matrix: reformation #1

 1
 Nonlinear solution status: time= 0.4
	stiffness updates             = 0
	right hand side evaluations   = 2
	stiffness matrix reformations = 1
	step from line search         = 1.000000
	convergence norms :     INITIAL         CURRENT         REQUIRED
	   residual            2.634348e-06    1.401235e-12    2.634348e-09 
	   energy              1.249478e-05    5.534928e-09    1.249478e-07 
	   displacement        9.083694e-05    9.083694e-05    9.083694e-11 
 2
 Nonlinear solution status: time= 0.4
	stiffness updates             = 1
	right hand side evaluations   = 3
	stiffness matrix reformations = 1
	step from line search         = 1.000000
	convergence norms :     INITIAL         CURRENT         REQUIRED
	   residual            2.634348e-06    8.067499e-18    2.634348e-09 
	   energy              1.249478e-05    2.749843e-14    1.249478e-07 
	   displacement        9.083694e-05    1.744305e-10    9.068186e-11 
 3
 Nonlinear solution status: time= 0.4
	stiffness updates             = 2
	right hand side evaluations   = 4
	stiffness matrix reformations = 1
	step from line search         = 1.000000
	convergence norms :     INITIAL         CURRENT         REQUIRED
	   residual            2.634348e-06    1.344058e-20    2.634348e-09 
	   energy              1.249478e-05    5.446088e-19    1.249478e-07 
	   displacement        9.083694e-05    8.858704e-16    9.068143e-11 

convergence summary
    number of iterations   : 3
    number of reformations : 1

------- converged at time : 0.4


===== beginning time step 41 : 0.41 =====


Reforming stiffness matrix: reformation #1

 1
 Nonlinear solution status: time= 0.41
	stiffness updates             = 0
	right hand side evaluations   = 2
	stiffness matrix reformations = 1
	step from line search         = 1.000000
	convergence norms :     INITIAL         CURRENT         REQUIRED
	   residual            2.590074e-06    1.374789e-12    2.590074e-09 
	   energy              1.238041e-05    5.457799e-09    1.238041e-07 
	   displacement        9.052669e-05    9.052669e-05    9.052669e-11 
 2
 Nonlinear solution status: time= 0.41
	stiffness updates             = 1
	right hand side evaluations   = 3
	stiffness matrix reformations = 1
	step from line search         = 1.000000
	convergence norms :     INITIAL         CURRENT         REQUIRED
	   residual            2.590074e-06    7.079739e-18    2.590074e-09 
	   energy              1.238041e-05    2.531190e-14    1.238041e-07 
	   displacement        9.052669e-05    1.716264e-10    9.037355e-11 
 3
 Nonlinear solution status: time= 0.41
	stiffness updates             = 2
	right hand side evaluations   = 4
	stiffness matrix reformations = 1
	step from line search         = 1.000000
	convergence norms :     INITIAL         CURRENT         REQUIRED
	   residual            2.590074e-06    1.257241e-20    2.590074e-09 
	   energy              1.238041e-05    5.236532e-19    1.238041e-07 
	   displacement        9.052669e-05    7.683395e-16    9.037315e-11 

convergence summary
    number of iterations   : 3
    number of reformations : 1

------- converged at time : 0.41


===== beginning time step 42 : 0.42 =====


Reforming stiffness matrix: reformation #1

 1
 Nonlinear solution status: time= 0.42
	stiffness updates             = 0
	right hand side evaluations   = 2
	stiffness matrix reformations = 1
	step from line search         = 1.000000
	convergence norms :     INITIAL         CURRENT         REQUIRED
	   residual            2.547473e-06    1.349274e-12    2.547473e-09 
	   energy              1.226932e-05    5.382697e-09    1.226932e-07 
	   displacement        9.022036e-05    9.022036e-05    9.022036e-11 
 2
 Nonlinear solution status: time= 0.42
	stiffness updates             = 1
	right hand side evaluations   = 3
	stiffness matrix reformations = 1
	step from line search         = 1.000000
	convergence norms :     INITIAL         CURRENT         REQUIRED
	   residual            2.547473e-06    6.230073e-18    2.547473e-09 
	   energy              1.226932e-05    2.331026e-14    1.226932e-07 
	   displacement        9.022036e-05    1.688755e-10    9.006913e-11 
 3
 Nonlinear solution status: time= 0.42
	stiffness updates             = 2
	right hand side evaluations   = 4
	stiffness matrix reformations = 1
	step from line search         = 1.000000
	convergence norms :     INITIAL         CURRENT         REQUIRED
	   residual            2.547473e-06    1.177313e-20    2.547473e-09 
	   energy              1.226932e-05    5.037336e-19    1.226932e-07 
	   displacement        9.022036e-05    6.672352e-16    9.006876e-11 

convergence summary
    number of iterations   : 3
    number of reformations : 1

------- converged at time : 0.42


===== beginning time step 43 : 0.43 =====


Reforming stiffness matrix: reformation #1

 1
 Nonlinear solution status: time= 0.43
	stiffness updates             = 0
	right hand side evaluations   = 2
	stiffness matrix reformations = 1
	step from line search         = 1.000000
	convergence norms :     INITIAL         CURRENT         REQUIRED
	   residual            2.506438e-06    1.324632e-12    2.506438e-09 
	   energy              1.216133e-05    5.309518e-09    1.216133e-07 
	   displacement        8.991790e-05    8.991790e-05    8.991790e-11 
 2
 Nonlinear solution status: time= 0.43
	stiffness updates             = 1
	right hand side evaluations   = 3
	stiffness matrix reformations = 1
	step from line search         = 1.000000
	convergence norms :     INITIAL         CURRENT         REQUIRED
	   residual            2.506438e-06    5.497333e-18    2.506438e-09 
	   energy              1.216133e-05    2.147500e-14    1.216133e-07 
	   displacement        8.991790e-05    1.661766e-10    8.976855e-11 
 3
 Nonlinear solution status: time= 0.43
	stiffness updates             = 2
	right hand side evaluations   = 4
	stiffness matrix reformations = 1
	step from line search         = 1.000000
	convergence norms :     INITIAL         CURRENT         REQUIRED
	   residual            2.506438e-06    1.103617e-20    2.506438e-09 
	   energy              1.216133e-05    4.847866e-19    1.216133e-07 
	   displacement        8.991790e-05    5.801034e-16    8.976820e-11 

convergence summary
    number of iterations   : 3
    number of reformations : 1

------- converged at time : 0.43


===== beginning time step 44 : 0.44 =====


Reforming stiffness matrix: reformation #1

 1
 Nonlinear solution status: time= 0.44
	stiffness updates             = 0
	right hand side evaluations   = 2
	stiffness matrix reformations = 1
	step from line search         = 1.000000
	convergence norms :     INITIAL         CURRENT         REQUIRED
	   residual            2.466870e-06    1.300811e-12    2.466870e-09 
	   energy              1.205626e-05    5.238169e-09    1.205626e-07 
	   displacement        8.961923e-05    8.961923e-05    8.961923e-11 
 2
 Nonlinear solution status: time= 0.44
	stiffness updates             = 1
	right hand side evaluations   = 3
	stiffness matrix reformations = 1
	step from line search         = 1.000000
	convergence norms :     INITIAL         CURRENT         REQUIRED
	   residual            2.466870e-06    4.863907e-18    2.466870e-09 
	   energy              1.205626e-05    1.978980e-14    1.205626e-07 
	   displacement        8.961923e-05    1.635288e-10    8.947174e-11 
 3
 Nonlinear solution status: time= 0.44
	stiffness updates             = 2
	right hand side evaluations   = 4
	stiffness matrix reformations = 1
	step from line search         = 1.000000
	convergence norms :     INITIAL         CURRENT         REQUIRED
	   residual            2.466870e-06    1.035569e-20    2.466870e-09 
	   energy              1.205626e-05    4.667497e-19    1.205626e-07 
	   displacement        8.961923e-05    5.048882e-16    8.947141e-11 

convergence summary
    number of iterations   : 3
    number of reformations : 1

------- converged at time : 0.44


===== beginning time step 45 : 0.45 =====


Reforming stiffness matrix: reformation #1

 1
 Nonlinear solution status: time= 0.45
	stiffness updates             = 0
	right hand side evaluations   = 2
	stiffness matrix reformations = 1
	step from line search         = 1.000000
	convergence norms :     INITIAL         CURRENT         REQUIRED
	   residual            2.428682e-06    1.277765e-12    2.428682e-09 
	   energy              1.195396e-05    5.168564e-09    1.195396e-07 
	   displacement        8.932430e-05    8.932430e-05    8.932430e-11 
 2
 Nonlinear solution status: time= 0.45
	stiffness updates             = 1
	right hand side evaluations   = 3
	stiffness matrix reformations = 1
	step from line search         = 1.000000
	convergence norms :     INITIAL         CURRENT         REQUIRED
	   residual            2.428682e-06    4.315082e-18    2.428682e-09 
	   energy              1.195396e-05    1.824022e-14    1.195396e-07 
	   displacement        8.932430e-05    1.609313e-10    8.917863e-11 
 3
 Nonlinear solution status: time= 0.45
	stiffness updates             = 2
	right hand side evaluations   = 4
	stiffness matrix reformations = 1
	step from line search         = 1.000000
	convergence norms :     INITIAL         CURRENT         REQUIRED
	   residual            2.428682e-06    9.726507e-21    2.428682e-09 
	   energy              1.195396e-05    4.495696e-19    1.195396e-07 
	   displacement        8.932430e-05    4.398613e-16    8.917832e-11 

convergence summary
    number of iterations   : 3
    number of reformations : 1

------- converged at time : 0.45


===== beginning time step 46 : 0.46 =====


Reforming stiffness matrix: reformation #1

 1
 Nonlinear solution status: time= 0.46
	stiffness updates             = 0
	right hand side evaluations   = 2
	stiffness matrix reformations = 1
	step from line search         = 1.000000
	convergence norms :     INITIAL         CURRENT         REQUIRED
	   residual            2.391791e-06    1.255451e-12    2.391791e-09 
	   energy              1.185427e-05    5.100623e-09    1.185427e-07 
	   displacement        8.903304e-05    8.903304e-05    8.903304e-11 
 2
 Nonlinear solution status: time= 0.46
	stiffness updates             = 1
	right hand side evaluations   = 3
	stiffness matrix reformations = 1
	step from line search         = 1.000000
	convergence norms :     INITIAL         CURRENT         REQUIRED
	   residual            2.391791e-06    3.838532e-18    2.391791e-09 
	   energy              1.185427e-05    1.681344e-14    1.185427e-07 
	   displacement        8.903304e-05    1.583831e-10    8.888917e-11 
 3
 Nonlinear solution status: time= 0.46
	stiffness updates             = 2
	right hand side evaluations   = 4
	stiffness matrix reformations = 1
	step from line search         = 1.000000
	convergence norms :     INITIAL         CURRENT         REQUIRED
	   residual            2.391791e-06    9.143971e-21    2.391791e-09 
	   energy              1.185427e-05    4.331937e-19    1.185427e-07 
	   displacement        8.903304e-05    3.835652e-16    8.888888e-11 

convergence summary
    number of iterations   : 3
    number of reformations : 1

------- converged at time : 0.46


===== beginning time step 47 : 0.47 =====


Reforming stiffness matrix: reformation #1

 1
 Nonlinear solution status: time= 0.47
	stiffness updates             = 0
	right hand side evaluations   = 2
	stiffness matrix reformations = 1
	step from line search         = 1.000000
	convergence norms :     INITIAL         CURRENT         REQUIRED
	   residual            2.356124e-06    1.233827e-12    2.356124e-09 
	   energy              1.175707e-05    5.034272e-09    1.175707e-07 
	   displacement        8.874540e-05    8.874540e-05    8.874540e-11 
 2
 Nonlinear solution status: time= 0.47
	stiffness updates             = 1
	right hand side evaluations   = 3
	stiffness matrix reformations = 1
	step from line search         = 1.000000
	convergence norms :     INITIAL         CURRENT         REQUIRED
	   residual            2.356124e-06    3.423887e-18    2.356124e-09 
	   energy              1.175707e-05    1.549807e-14    1.175707e-07 
	   displacement        8.874540e-05    1.558832e-10    8.860329e-11 
 3
 Nonlinear solution status: time= 0.47
	stiffness updates             = 2
	right hand side evaluations   = 4
	stiffness matrix reformations = 1
	step from line search         = 1.000000
	convergence norms :     INITIAL         CURRENT         REQUIRED
	   residual            2.356124e-06    8.603961e-21    2.356124e-09 
	   energy              1.175707e-05    4.175751e-19    1.175707e-07 
	   displacement        8.874540e-05    3.347676e-16    8.860302e-11 

convergence summary
    number of iterations   : 3
    number of reformations : 1

------- converged at time : 0.47


===== beginning time step 48 : 0.48 =====


Reforming stiffness matrix: reformation #1

 1
 Nonlinear solution status: time= 0.48
	stiffness updates             = 0
	right hand side evaluations   = 2
	stiffness matrix reformations = 1
	step from line search         = 1.000000
	convergence norms :     INITIAL         CURRENT         REQUIRED
	   residual            2.321611e-06    1.212858e-12    2.321611e-09 
	   energy              1.166224e-05    4.969442e-09    1.166224e-07 
	   displacement        8.846131e-05    8.846131e-05    8.846131e-11 
 2
 Nonlinear solution status: time= 0.48
	stiffness updates             = 1
	right hand side evaluations   = 3
	stiffness matrix reformations = 1
	step from line search         = 1.000000
	convergence norms :     INITIAL         CURRENT         REQUIRED
	   residual            2.321611e-06    3.062402e-18    2.321611e-09 
	   energy              1.166224e-05    1.428396e-14    1.166224e-07 
	   displacement        8.846131e-05    1.534306e-10    8.832095e-11 
 3
 Nonlinear solution status: time= 0.48
	stiffness updates             = 2
	right hand side evaluations   = 4
	stiffness matrix reformations = 1
	step from line search         = 1.000000
	convergence norms :     INITIAL         CURRENT         REQUIRED
	   residual            2.321611e-06    8.102752e-21    2.321611e-09 
	   energy              1.166224e-05    4.026702e-19    1.166224e-07 
	   displacement        8.846131e-05    2.924233e-16    8.832069e-11 

convergence summary
    number of iterations   : 3
    number of reformations : 1

------- converged at time : 0.48


===== beginning time step 49 : 0.49 =====


Reforming stiffness matrix: reformation #1

 1
 Nonlinear solution status: time= 0.49
	stiffness updates             = 0
	right hand side evaluations   = 2
	stiffness matrix reformations = 1
	step from line search         = 1.000000
	convergence norms :     INITIAL         CURRENT         REQUIRED
	   residual            2.288191e-06    1.192511e-12    2.288191e-09 
	   energy              1.156965e-05    4.906070e-09    1.156965e-07 
	   displacement        8.818073e-05    8.818073e-05    8.818073e-11 
 2
 Nonlinear solution status: time= 0.49
	stiffness updates             = 1
	right hand side evaluations   = 3
	stiffness matrix reformations = 1
	step from line search         = 1.000000
	convergence norms :     INITIAL         CURRENT         REQUIRED
	   residual            2.288191e-06    2.746677e-18    2.288191e-09 
	   energy              1.156965e-05    1.316204e-14    1.156965e-07 
	   displacement        8.818073e-05    1.510245e-10    8.804208e-11 
 3
 Nonlinear solution status: time= 0.49
	stiffness updates             = 2
	right hand side evaluations   = 4
	stiffness matrix reformations = 1
	step from line search         = 1.000000
	convergence norms :     INITIAL         CURRENT         REQUIRED
	   residual            2.288191e-06    7.637017e-21    2.288191e-09 
	   energy              1.156965e-05    3.884367e-19    1.156965e-07 
	   displacement        8.818073e-05    2.556437e-16    8.804183e-11 

convergence summary
    number of iterations   : 3
    number of reformations : 1

------- converged at time : 0.49


===== beginning time step 50 : 0.5 =====


Reforming stiffness matrix: reformation #1

 1
 Nonlinear solution status: time= 0.5
	stiffness updates             = 0
	right hand side evaluations   = 2
	stiffness matrix reformations = 1
	step from line search         = 1.000000
	convergence norms :     INITIAL         CURRENT         REQUIRED
	   residual            2.255805e-06    1.172753e-12    2.255805e-09 
	   energy              1.147921e-05    4.844097e-09    1.147921e-07 
	   displacement        8.790359e-05    8.790359e-05    8.790359e-11 
 2
 Nonlinear solution status: time= 0.5
	stiffness updates             = 1
	right hand side evaluations   = 3
	stiffness matrix reformations = 1
	step from line search         = 1.000000
	convergence norms :     INITIAL         CURRENT         REQUIRED
	   residual            2.255805e-06    2.470431e-18    2.255805e-09 
	   energy              1.147921e-05    1.212420e-14    1.147921e-07 
	   displacement        8.790359e-05    1.486639e-10    8.776662e-11 
 3
 Nonlinear solution status: time= 0.5
	stiffness updates             = 2
	right hand side evaluations   = 4
	stiffness matrix reformations = 1
	step from line search         = 1.000000
	convergence norms :     INITIAL         CURRENT         REQUIRED
	   residual            2.255805e-06    7.203760e-21    2.255805e-09 
	   energy              1.147921e-05    3.748383e-19    1.147921e-07 
	   displacement        8.790359e-05    2.236713e-16    8.776639e-11 

convergence summary
    number of iterations   : 3
    number of reformations : 1

------- converged at time : 0.5



 N O N L I N E A R   I T E R A T I O N   I N F O R M A T I O N

	Number of time steps completed .................... : 50

	Total number of equilibrium iterations ............ : 150

	Average number of equilibrium iterations .......... : 3

	Total number of right hand evaluations ............ : 200

	Total number of stiffness reformations ............ : 50


 L I N E A R   S O L V E R   S T A T S

	Total calls to linear solver ........ : 0

	Avg iterations per solve ............ : 0

	Time in linear solver: 0:00:00


 Elapsed time : 0:00:00

 T I M I N G   I N F O R M A T I O N

	Input time ...................... : 0:00:00 (0.000903311 sec)

	Initialization time ............. : 0:00:00 (0.000847773 sec)

	Solve time ...................... : 0:00:00 (0.071997 sec)

	   IO-time (plot, dmp, data) .... : 0:00:00 (0.0351023 sec)

	   serialization ................ : 0:00:00 (0 sec)

	   reforming stiffness .......... : 0:00:00 (0.000147411 sec)

	   evaluating stiffness ......... : 0:00:00 (0.00391828 sec)

	   evaluating residual .......... : 0:00:00 (0.0025468 sec)

	   model update ................. : 0:00:00 (0.0255707 sec)

	   QN updates ................... : 0:00:00 (5.8675e-05 sec)

	   time in linear solver ........ : 0:00:00 (0.000884326 sec)

	Total elapsed time .............. : 0:00:00 (0.073596 sec)


 N O R M A L   T E R M I N A T I O N

