[r401wc2-calib] cal-01-mechanism-failure-electrostatic: attacking...
[r401wc2-calib] cal-02-mechanism-failure-capillary-direction: attacking...
[r401wc2-calib] cal-03-boundary-laminar-claimed: attacking...
[r401wc2-calib] cal-04-boundary-pressure-outside: attacking...
[r401wc2-calib] cal-05-evidence-contradiction-humidity: attacking...
[r401wc2-calib] cal-06-evidence-contradiction-valve: attacking...
[r401wc2-calib] cal-07-baseline-equivalence-pressure-drop: attacking...
[r401wc2-calib] cal-08-baseline-equivalence-residual: attacking...
[r401wc2-calib] cal-09-implementation-pore-coating: attacking...
[r401wc2-calib] cal-10-implementation-acrylic-vessel: attacking...
[r401wc2-calib] cal-11-measurement-unquantified: attacking...
[r401wc2-calib] cal-12-measurement-unmeasurable: attacking...
[r401wc2-calib] cal-13-clean-vane-quantified: attacking...
[r401wc2-calib] cal-14-clean-coalescer-quantified: attacking...
[r401wc2-calib] cal-15-clean-drain-failsafe: attacking...
[r401wc2-calib] cal-16-clean-staged-separator: attacking...
{
 "matrix": {
  "MECHANISM_FAILURE": {
   "n_seeded": 2,
   "detected_kill": 2,
   "detected_risk": 0,
   "missed": 0,
   "localization_miss": 0,
   "transport_incomplete": 0
  },
  "BOUNDARY_CONDITION_FAILURE": {
   "n_seeded": 2,
   "detected_kill": 2,
   "detected_risk": 0,
   "missed": 0,
   "localization_miss": 0,
   "transport_incomplete": 0
  },
  "EVIDENCE_CONTRADICTION": {
   "n_seeded": 2,
   "detected_kill": 2,
   "detected_risk": 0,
   "missed": 0,
   "localization_miss": 0,
   "transport_incomplete": 0
  },
  "BASELINE_EQUIVALENCE": {
   "n_seeded": 2,
   "detected_kill": 2,
   "detected_risk": 0,
   "missed": 0,
   "localization_miss": 0,
   "transport_incomplete": 0
  },
  "IMPLEMENTATION_IMPOSSIBILITY": {
   "n_seeded": 2,
   "detected_kill": 2,
   "detected_risk": 0,
   "missed": 0,
   "localization_miss": 0,
   "transport_incomplete": 0
  },
  "MEASUREMENT_AMBIGUITY": {
   "n_seeded": 2,
   "detected_kill": 2,
   "detected_risk": 0,
   "missed": 0,
   "localization_miss": 0,
   "transport_incomplete": 0
  }
 },
 "specificity": {
  "n_controls": 4,
  "clean_survived": 0,
  "false_kills": [
   "cal-13-clean-vane-quantified",
   "cal-14-clean-coalescer-quantified",
   "cal-15-clean-drain-failsafe",
   "cal-16-clean-staged-separator"
  ]
 }
}

full report -> /home/z/my-project/repos/discovery-evidence-fabric/R401-WC2/ATTACKER_CALIBRATION/CALIBRATION_RESULTS.json
