===========================================================================
         ________    _________   _______       __     _________            
        |        |\ |        |\ |       \\    |  |\  /         \\          
        |    ____|| |    ____|| |    __  ||   |__|| |    ___    ||         
        |   |\___\| |   |\___\| |   |\_| ||    \_\| |   //  \   ||         
        |   ||__    |   ||__    |   ||_| ||   |  |\ |  ||    |  ||         
        |       |\  |       |\  |         \\  |  || |  ||    |  ||         
        |    ___||  |    ___||  |    ___   || |  || |  ||    |  ||         
        |   |\__\|  |   |\__\|  |   |\__|  || |  || |  ||    |  ||         
        |   ||      |   ||___   |   ||__|  || |  || |   \\__/   ||         
        |   ||      |        |\ |          || |  || |           ||         
        |___||      |________|| |_________//  |__||  \_________//          
                                                                           
      F I N I T E   E L E M E N T S   F O R   B I O M E C H A N I C S      
                                                                           
  version 4.13.0.067bd8c2f
  FEBio is a registered trademark.                                         
  copyright (c) 2006-2026 - All rights reserved                            
                                                                           
===========================================================================





 FILES USED
===========================================================================
	Input file : /home/z/my-project/discovery-evidence-fabric/CEREVASC_R2_C3_PHENOTYPE_DISCOVERY/ROUND_56/ROUND119_ARTIFACTS/febio_nonuniform_4x_strain_0.20/nonuniform.feb
	Plot file  : /home/z/my-project/discovery-evidence-fabric/CEREVASC_R2_C3_PHENOTYPE_DISCOVERY/ROUND_56/ROUND119_ARTIFACTS/febio_nonuniform_4x_strain_0.20/nonuniform.xplt
	Log file   : /home/z/my-project/discovery-evidence-fabric/CEREVASC_R2_C3_PHENOTYPE_DISCOVERY/ROUND_56/ROUND119_ARTIFACTS/febio_nonuniform_4x_strain_0.20/nonuniform.log


 MESH INFO
===========================================================================
	Number of materials ............................ : 1
	Number of domains .............................. : 1
	Number of nodes ................................ : 125
	Number of solid elements ....................... : 64


 MODULE
===========================================================================
	Module type ....................................... : solid


 CONTROL DATA
===========================================================================
	analysis .......................................... : STATIC (0)
	time_steps ........................................ : 1
	step_size ......................................... : 1
	plot_zero_state ................................... : no (0)
	plot_range ........................................ : 0,-1
	plot_level ........................................ : PLOT_MAJOR_ITRS (1)
	output_level ...................................... : OUTPUT_MAJOR_ITRS (1)
	plot_stride ....................................... : 1
	output_stride ..................................... : 1
	adaptor_re_solve .................................. : yes (1)
	Auto time stepper activated ....................... : no
 SOLVER PARAMETERS
===========================================================================
	symmetric_stiffness ............................... : symmetric (1)
	equation_scheme ................................... : staggered (0)
	equation_order .................................... : default (0)
	optimize_bw ....................................... : no (0)
	lstol ............................................. : 0.9
	lsmin ............................................. : 0.01
	lsiter ............................................ : 5
	ls_check_jacobians ................................ : no (0)
	max_refs .......................................... : 15
	check_zero_diagonal ............................... : no (0)
	zero_diagonal_tol ................................. : 0
	force_partition ................................... : 0
	reform_each_time_step ............................. : yes (1)
	reform_augment .................................... : no (0)
	diverge_reform .................................... : yes (1)
	min_residual ...................................... : 1e-20
	max_residual ...................................... : 0
	dtol .............................................. : 0.001
	etol .............................................. : 0.01
	rtol .............................................. : 0.001
	rhoi .............................................. : -1
	alpha ............................................. : 1
	beta .............................................. : 0.25
	gamma ............................................. : 0.5
	logSolve .......................................... : no (0)
	arc_length ........................................ : 0
	arc_length_scale .................................. : 0






 MATERIAL DATA
===========================================================================
  1 - DamageNH (type: damage neo-Hookean)
	density ........................................... : 1
	E ................................................. : 1
	v ................................................. : 0.3
	a ................................................. : 0.014
	b ................................................. : 0.05


 BOUNDARY CONDITION DATA
===========================================================================
  1 -  Type: zero displacement
	x_dof ............................................. : no (0)
	y_dof ............................................. : no (0)
	z_dof ............................................. : yes (1)
---------------------------------------------------------------------------
  2 -  Type: zero displacement
	x_dof ............................................. : yes (1)
	y_dof ............................................. : no (0)
	z_dof ............................................. : no (0)
---------------------------------------------------------------------------
  3 -  Type: zero displacement
	x_dof ............................................. : no (0)
	y_dof ............................................. : yes (1)
	z_dof ............................................. : no (0)
---------------------------------------------------------------------------
  4 -  Type: prescribed displacement
	dof ............................................... : 2
	value ............................................. : 0.2
	relative .......................................... : no (0)


 LOAD CONTROLLER DATA
===========================================================================
load controller   1 - (noname) (type: loadcurve)
	interpolate ....................................... : LINEAR (0)
	extend ............................................ : CONSTANT (0)
	points ............................................ : (can't display value)


 OUTPUT DATA
===========================================================================
 LINEAR SOLVER DATA
===========================================================================
	Default linear solver ............................. : skyline


 *************************************************************************
 * Selecting linear solver skyline                                       *
 *************************************************************************

===== beginning time step 1 : 1 =====


Reforming stiffness matrix: reformation #1

===== reforming stiffness matrix:
	Nr of equations ........................... : 300
	Nr of nonzeroes in stiffness matrix ....... : 20181
 1
 Nonlinear solution status: time= 1
	stiffness updates             = 0
	right hand side evaluations   = 2
	stiffness matrix reformations = 1
	step from line search         = 1.000000
	convergence norms :     INITIAL         CURRENT         REQUIRED
	   residual            2.562869e-01    1.537272e-04    2.562869e-04 
	   energy              2.269991e-01    4.868455e-03    2.269991e-03 
	   displacement        6.071105e-01    6.071105e-01    6.071105e-07 
 2
 Nonlinear solution status: time= 1
	stiffness updates             = 1
	right hand side evaluations   = 3
	stiffness matrix reformations = 1
	step from line search         = 1.000000
	convergence norms :     INITIAL         CURRENT         REQUIRED
	   residual            2.562869e-01    9.588952e-05    2.562869e-04 
	   energy              2.269991e-01    1.990859e-04    2.269991e-03 
	   displacement        6.071105e-01    1.505086e-03    5.741581e-07 
 3
 Nonlinear solution status: time= 1
	stiffness updates             = 2
	right hand side evaluations   = 4
	stiffness matrix reformations = 1
	step from line search         = 1.000000
	convergence norms :     INITIAL         CURRENT         REQUIRED
	   residual            2.562869e-01    6.395470e-05    2.562869e-04 
	   energy              2.269991e-01    5.694391e-05    2.269991e-03 
	   displacement        6.071105e-01    1.328344e-02    4.732183e-07 
 4
 Nonlinear solution status: time= 1
	stiffness updates             = 3
	right hand side evaluations   = 5
	stiffness matrix reformations = 1
	step from line search         = 1.000000
	convergence norms :     INITIAL         CURRENT         REQUIRED
	   residual            2.562869e-01    3.921839e-05    2.562869e-04 
	   energy              2.269991e-01    6.567766e-05    2.269991e-03 
	   displacement        6.071105e-01    8.634104e-04    4.407980e-07 
 5
 Nonlinear solution status: time= 1
	stiffness updates             = 4
	right hand side evaluations   = 6
	stiffness matrix reformations = 1
	step from line search         = 1.000000
	convergence norms :     INITIAL         CURRENT         REQUIRED
	   residual            2.562869e-01    2.067075e-05    2.562869e-04 
	   energy              2.269991e-01    1.871531e-05    2.269991e-03 
	   displacement        6.071105e-01    6.756524e-03    3.636415e-07 
 6
 Nonlinear solution status: time= 1
	stiffness updates             = 5
	right hand side evaluations   = 7
	stiffness matrix reformations = 1
	step from line search         = 1.000000
	convergence norms :     INITIAL         CURRENT         REQUIRED
	   residual            2.562869e-01    1.241183e-05    2.562869e-04 
	   energy              2.269991e-01    1.311133e-05    2.269991e-03 
	   displacement        6.071105e-01    1.588174e-04    3.532184e-07 
 7
 Nonlinear solution status: time= 1
	stiffness updates             = 6
	right hand side evaluations   = 8
	stiffness matrix reformations = 1
	step from line search         = 1.000000
	convergence norms :     INITIAL         CURRENT         REQUIRED
	   residual            2.562869e-01    3.384309e-06    2.562869e-04 
	   energy              2.269991e-01    4.904015e-06    2.269991e-03 
	   displacement        6.071105e-01    3.166422e-04    3.392279e-07 
 8
 Nonlinear solution status: time= 1
	stiffness updates             = 7
	right hand side evaluations   = 9
	stiffness matrix reformations = 1
	step from line search         = 1.000000
	convergence norms :     INITIAL         CURRENT         REQUIRED
	   residual            2.562869e-01    2.284512e-06    2.562869e-04 
	   energy              2.269991e-01    2.322894e-06    2.269991e-03 
	   displacement        6.071105e-01    2.144784e-05    3.372961e-07 
 9
 Nonlinear solution status: time= 1
	stiffness updates             = 8
	right hand side evaluations   = 10
	stiffness matrix reformations = 1
	step from line search         = 1.000000
	convergence norms :     INITIAL         CURRENT         REQUIRED
	   residual            2.562869e-01    1.221126e-06    2.562869e-04 
	   energy              2.269991e-01    1.421385e-06    2.269991e-03 
	   displacement        6.071105e-01    4.594781e-05    3.358233e-07 
 10
 Nonlinear solution status: time= 1
	stiffness updates             = 9
	right hand side evaluations   = 11
	stiffness matrix reformations = 1
	step from line search         = 1.000000
	convergence norms :     INITIAL         CURRENT         REQUIRED
	   residual            2.562869e-01    7.505717e-07    2.562869e-04 
	   energy              2.269991e-01    7.979463e-07    2.269991e-03 
	   displacement        6.071105e-01    1.031698e-05    3.354763e-07 

 *************************************************************************
 *                               WARNING                                 *
 * Max nr of iterations reached.                                         *
 * Stiffness matrix will now be reformed.                                *
 *************************************************************************
Reforming stiffness matrix: reformation #2

 11
 Nonlinear solution status: time= 1
	stiffness updates             = 0
	right hand side evaluations   = 12
	stiffness matrix reformations = 2
	step from line search         = 1.000000
	convergence norms :     INITIAL         CURRENT         REQUIRED
	   residual            2.562869e-01    1.353681e-07    2.562869e-04 
	   energy              2.269991e-01    5.752266e-07    2.269991e-03 
	   displacement        6.071105e-01    9.166942e-06    3.352530e-07 
 12
 Nonlinear solution status: time= 1
	stiffness updates             = 1
	right hand side evaluations   = 13
	stiffness matrix reformations = 2
	step from line search         = 1.000000
	convergence norms :     INITIAL         CURRENT         REQUIRED
	   residual            2.562869e-01    2.464850e-08    2.562869e-04 
	   energy              2.269991e-01    1.206867e-07    2.269991e-03 
	   displacement        6.071105e-01    3.664323e-06    3.350673e-07 
 13
 Nonlinear solution status: time= 1
	stiffness updates             = 2
	right hand side evaluations   = 14
	stiffness matrix reformations = 2
	step from line search         = 1.000000
	convergence norms :     INITIAL         CURRENT         REQUIRED
	   residual            2.562869e-01    4.628214e-09    2.562869e-04 
	   energy              2.269991e-01    2.076883e-08    2.269991e-03 
	   displacement        6.071105e-01    7.457681e-07    3.348746e-07 
 14
 Nonlinear solution status: time= 1
	stiffness updates             = 3
	right hand side evaluations   = 15
	stiffness matrix reformations = 2
	step from line search         = 1.000000
	convergence norms :     INITIAL         CURRENT         REQUIRED
	   residual            2.562869e-01    4.961012e-10    2.562869e-04 
	   energy              2.269991e-01    2.952460e-09    2.269991e-03 
	   displacement        6.071105e-01    1.217691e-07    3.347010e-07 

convergence summary
    number of iterations   : 14
    number of reformations : 2

------- converged at time : 1



 N O N L I N E A R   I T E R A T I O N   I N F O R M A T I O N

	Number of time steps completed .................... : 1

	Total number of equilibrium iterations ............ : 14

	Average number of equilibrium iterations .......... : 14

	Total number of right hand evaluations ............ : 15

	Total number of stiffness reformations ............ : 2


 L I N E A R   S O L V E R   S T A T S

	Total calls to linear solver ........ : 0

	Avg iterations per solve ............ : 0

	Time in linear solver: 0:00:00


 Elapsed time : 0:00:00

 T I M I N G   I N F O R M A T I O N

	Input time ...................... : 0:00:00 (0.00150207 sec)

	Initialization time ............. : 0:00:00 (0.00797569 sec)

	Solve time ...................... : 0:00:00 (0.0194704 sec)

	   IO-time (plot, dmp, data) .... : 0:00:00 (0.00785426 sec)

	   serialization ................ : 0:00:00 (0 sec)

	   reforming stiffness .......... : 0:00:00 (0.000695447 sec)

	   evaluating stiffness ......... : 0:00:00 (0.00147743 sec)

	   evaluating residual .......... : 0:00:00 (0.00118413 sec)

	   model update ................. : 0:00:00 (0.00600852 sec)

	   QN updates ................... : 0:00:00 (5.8506e-05 sec)

	   time in linear solver ........ : 0:00:00 (0.0012418 sec)

	Total elapsed time .............. : 0:00:00 (0.0288592 sec)


 N O R M A L   T E R M I N A T I O N

