===========================================================================
         ________    _________   _______       __     _________            
        |        |\ |        |\ |       \\    |  |\  /         \\          
        |    ____|| |    ____|| |    __  ||   |__|| |    ___    ||         
        |   |\___\| |   |\___\| |   |\_| ||    \_\| |   //  \   ||         
        |   ||__    |   ||__    |   ||_| ||   |  |\ |  ||    |  ||         
        |       |\  |       |\  |         \\  |  || |  ||    |  ||         
        |    ___||  |    ___||  |    ___   || |  || |  ||    |  ||         
        |   |\__\|  |   |\__\|  |   |\__|  || |  || |  ||    |  ||         
        |   ||      |   ||___   |   ||__|  || |  || |   \\__/   ||         
        |   ||      |        |\ |          || |  || |           ||         
        |___||      |________|| |_________//  |__||  \_________//          
                                                                           
      F I N I T E   E L E M E N T S   F O R   B I O M E C H A N I C S      
                                                                           
  version 4.13.0.067bd8c2f
  FEBio is a registered trademark.                                         
  copyright (c) 2006-2026 - All rights reserved                            
                                                                           
===========================================================================





 FILES USED
===========================================================================
	Input file : uniaxial_fine.feb
	Plot file  : uniaxial_fine.xplt
	Log file   : uniaxial_fine.log


 MESH INFO
===========================================================================
	Number of materials ............................ : 1
	Number of domains .............................. : 1
	Number of nodes ................................ : 9537
	Number of solid elements ....................... : 8192


 MODULE
===========================================================================
	Module type ....................................... : solid


 CONTROL DATA
===========================================================================
	analysis .......................................... : STATIC (0)
	time_steps ........................................ : 10
	step_size ......................................... : 0.1
	plot_zero_state ................................... : no (0)
	plot_range ........................................ : 0,-1
	plot_level ........................................ : PLOT_MAJOR_ITRS (1)
	output_level ...................................... : OUTPUT_MAJOR_ITRS (1)
	plot_stride ....................................... : 1
	output_stride ..................................... : 1
	adaptor_re_solve .................................. : yes (1)
	Auto time stepper activated ....................... : no
 SOLVER PARAMETERS
===========================================================================
	symmetric_stiffness ............................... : symmetric (1)
	equation_scheme ................................... : staggered (0)
	equation_order .................................... : default (0)
	optimize_bw ....................................... : no (0)
	lstol ............................................. : 0.9
	lsmin ............................................. : 0.01
	lsiter ............................................ : 5
	ls_check_jacobians ................................ : no (0)
	max_refs .......................................... : 15
	check_zero_diagonal ............................... : no (0)
	zero_diagonal_tol ................................. : 0
	force_partition ................................... : 0
	reform_each_time_step ............................. : yes (1)
	reform_augment .................................... : no (0)
	diverge_reform .................................... : yes (1)
	min_residual ...................................... : 1e-20
	max_residual ...................................... : 0
	dtol .............................................. : 0.001
	etol .............................................. : 0.01
	rtol .............................................. : 0
	rhoi .............................................. : -2
	alpha ............................................. : 1
	beta .............................................. : 0.25
	gamma ............................................. : 0.5
	logSolve .......................................... : no (0)
	arc_length ........................................ : 0
	arc_length_scale .................................. : 0






 MATERIAL DATA
===========================================================================
  1 - Material 1 (type: Ogden)
	density ........................................... : 1
	k ................................................. : 1000
	pressure_model .................................... : default (0)
	c1 ................................................ : 0.658
	c2 ................................................ : 0
	c3 ................................................ : 0
	c4 ................................................ : 0
	c5 ................................................ : 0
	c6 ................................................ : 0
	m1 ................................................ : 6.83
	m2 ................................................ : 1
	m3 ................................................ : 1
	m4 ................................................ : 1
	m5 ................................................ : 1
	m6 ................................................ : 1


 BOUNDARY CONDITION DATA
===========================================================================
  1 -  Type: zero displacement
	x_dof ............................................. : yes (1)
	y_dof ............................................. : yes (1)
	z_dof ............................................. : yes (1)
---------------------------------------------------------------------------
  2 -  Type: zero displacement
	x_dof ............................................. : no (0)
	y_dof ............................................. : no (0)
	z_dof ............................................. : yes (1)
---------------------------------------------------------------------------
  3 -  Type: zero displacement
	x_dof ............................................. : no (0)
	y_dof ............................................. : yes (1)
	z_dof ............................................. : no (0)
---------------------------------------------------------------------------
  4 -  Type: prescribed displacement
	dof ............................................... : 0
	value ............................................. : 1
	relative .......................................... : no (0)


 LOAD CONTROLLER DATA
===========================================================================
load controller   1 - LC1 (type: loadcurve)
	interpolate ....................................... : LINEAR (0)
	extend ............................................ : CONSTANT (0)
	points ............................................ : (can't display value)


 OUTPUT DATA
===========================================================================
 LINEAR SOLVER DATA
===========================================================================
	Default linear solver ............................. : skyline


 *************************************************************************
 * Selecting linear solver skyline                                       *
 *************************************************************************

===== beginning time step 1 : 0.1 =====


Reforming stiffness matrix: reformation #1

===== reforming stiffness matrix:
	Nr of equations ........................... : 26656
	Nr of nonzeroes in stiffness matrix ....... : 43006051
 1
 Nonlinear solution status: time= 0.1
	stiffness updates             = 0
	right hand side evaluations   = 2
	stiffness matrix reformations = 1
	step from line search         = 1.000000
	convergence norms :     INITIAL         CURRENT         REQUIRED
	   residual            1.599713e+05    5.534023e-02    0.000000e+00 
	   energy              6.402589e+02    2.331808e-01    6.402589e+00 
	   displacement        3.062170e+01    3.062170e+01    3.062170e-05 
 2
 Nonlinear solution status: time= 0.1
	stiffness updates             = 1
	right hand side evaluations   = 3
	stiffness matrix reformations = 1
	step from line search         = 1.000000
	convergence norms :     INITIAL         CURRENT         REQUIRED
	   residual            1.599713e+05    6.855167e-03    0.000000e+00 
	   energy              6.402589e+02    1.572607e-04    6.402589e+00 
	   displacement        3.062170e+01    1.613781e-02    3.124520e-05 
 3
 Nonlinear solution status: time= 0.1
	stiffness updates             = 2
	right hand side evaluations   = 4
	stiffness matrix reformations = 1
	step from line search         = 1.000000
	convergence norms :     INITIAL         CURRENT         REQUIRED
	   residual            1.599713e+05    2.201539e-02    0.000000e+00 
	   energy              6.402589e+02    9.127418e-05    6.402589e+00 
	   displacement        3.062170e+01    1.743285e-02    3.046521e-05 
 4
 Nonlinear solution status: time= 0.1
	stiffness updates             = 3
	right hand side evaluations   = 5
	stiffness matrix reformations = 1
	step from line search         = 1.000000
	convergence norms :     INITIAL         CURRENT         REQUIRED
	   residual            1.599713e+05    2.085506e-03    0.000000e+00 
	   energy              6.402589e+02    2.110472e-05    6.402589e+00 
	   displacement        3.062170e+01    8.512848e-04    3.036696e-05 
 5
 Nonlinear solution status: time= 0.1
	stiffness updates             = 4
	right hand side evaluations   = 6
	stiffness matrix reformations = 1
	step from line search         = 1.000000
	convergence norms :     INITIAL         CURRENT         REQUIRED
	   residual            1.599713e+05    6.070075e-04    0.000000e+00 
	   energy              6.402589e+02    9.457709e-06    6.402589e+00 
	   displacement        3.062170e+01    3.109589e-03    3.068471e-05 
 6
 Nonlinear solution status: time= 0.1
	stiffness updates             = 5
	right hand side evaluations   = 7
	stiffness matrix reformations = 1
	step from line search         = 1.000000
	convergence norms :     INITIAL         CURRENT         REQUIRED
	   residual            1.599713e+05    1.438520e-04    0.000000e+00 
	   energy              6.402589e+02    8.844910e-07    6.402589e+00 
	   displacement        3.062170e+01    3.999721e-04    3.056508e-05 
 7
 Nonlinear solution status: time= 0.1
	stiffness updates             = 6
	right hand side evaluations   = 8
	stiffness matrix reformations = 1
	step from line search         = 1.000000
	convergence norms :     INITIAL         CURRENT         REQUIRED
	   residual            1.599713e+05    9.216018e-05    0.000000e+00 
	   energy              6.402589e+02    7.994017e-07    6.402589e+00 
	   displacement        3.062170e+01    1.068346e-04    3.051060e-05 
 8
 Nonlinear solution status: time= 0.1
	stiffness updates             = 7
	right hand side evaluations   = 9
	stiffness matrix reformations = 1
	step from line search         = 1.000000
	convergence norms :     INITIAL         CURRENT         REQUIRED
	   residual            1.599713e+05    6.908358e-06    0.000000e+00 
	   energy              6.402589e+02    2.549291e-08    6.402589e+00 
	   displacement        3.062170e+01    3.489207e-05    3.054468e-05 
 9
 Nonlinear solution status: time= 0.1
	stiffness updates             = 8
	right hand side evaluations   = 11
	stiffness matrix reformations = 1
	step from line search         = 0.616323
	convergence norms :     INITIAL         CURRENT         REQUIRED
	   residual            1.599713e+05    2.386245e-06    0.000000e+00 
	   energy              6.402589e+02    7.499174e-09    6.402589e+00 
	   displacement        3.062170e+01    1.089563e-06    3.054713e-05 

convergence summary
    number of iterations   : 9
    number of reformations : 1

------- converged at time : 0.1


===== beginning time step 2 : 0.2 =====


Reforming stiffness matrix: reformation #1

 1
 Nonlinear solution status: time= 0.2
	stiffness updates             = 0
	right hand side evaluations   = 2
	stiffness matrix reformations = 1
	step from line search         = 1.000000
	convergence norms :     INITIAL         CURRENT         REQUIRED
	   residual            1.517488e+05    5.310540e-02    0.000000e+00 
	   energy              6.227887e+02    2.233571e-01    6.227887e+00 
	   displacement        3.046339e+01    3.046339e+01    3.046339e-05 
 2
 Nonlinear solution status: time= 0.2
	stiffness updates             = 1
	right hand side evaluations   = 3
	stiffness matrix reformations = 1
	step from line search         = 1.000000
	convergence norms :     INITIAL         CURRENT         REQUIRED
	   residual            1.517488e+05    5.341520e-03    0.000000e+00 
	   energy              6.227887e+02    1.355208e-04    6.227887e+00 
	   displacement        3.046339e+01    1.401829e-02    3.104488e-05 
 3
 Nonlinear solution status: time= 0.2
	stiffness updates             = 2
	right hand side evaluations   = 4
	stiffness matrix reformations = 1
	step from line search         = 1.000000
	convergence norms :     INITIAL         CURRENT         REQUIRED
	   residual            1.517488e+05    1.745932e-02    0.000000e+00 
	   energy              6.227887e+02    7.220877e-05    6.227887e+00 
	   displacement        3.046339e+01    1.513278e-02    3.031651e-05 
 4
 Nonlinear solution status: time= 0.2
	stiffness updates             = 3
	right hand side evaluations   = 5
	stiffness matrix reformations = 1
	step from line search         = 1.000000
	convergence norms :     INITIAL         CURRENT         REQUIRED
	   residual            1.517488e+05    1.729269e-03    0.000000e+00 
	   energy              6.227887e+02    1.698354e-05    6.227887e+00 
	   displacement        3.046339e+01    5.827099e-04    3.023931e-05 
 5
 Nonlinear solution status: time= 0.2
	stiffness updates             = 4
	right hand side evaluations   = 6
	stiffness matrix reformations = 1
	step from line search         = 1.000000
	convergence norms :     INITIAL         CURRENT         REQUIRED
	   residual            1.517488e+05    4.330061e-04    0.000000e+00 
	   energy              6.227887e+02    7.044539e-06    6.227887e+00 
	   displacement        3.046339e+01    2.384408e-03    3.051909e-05 
 6
 Nonlinear solution status: time= 0.2
	stiffness updates             = 5
	right hand side evaluations   = 7
	stiffness matrix reformations = 1
	step from line search         = 1.000000
	convergence norms :     INITIAL         CURRENT         REQUIRED
	   residual            1.517488e+05    1.203777e-04    0.000000e+00 
	   energy              6.227887e+02    6.895955e-07    6.227887e+00 
	   displacement        3.046339e+01    3.136924e-04    3.041196e-05 
 7
 Nonlinear solution status: time= 0.2
	stiffness updates             = 6
	right hand side evaluations   = 8
	stiffness matrix reformations = 1
	step from line search         = 1.000000
	convergence norms :     INITIAL         CURRENT         REQUIRED
	   residual            1.517488e+05    7.266978e-05    0.000000e+00 
	   energy              6.227887e+02    5.919459e-07    6.227887e+00 
	   displacement        3.046339e+01    7.342949e-05    3.036653e-05 
 8
 Nonlinear solution status: time= 0.2
	stiffness updates             = 7
	right hand side evaluations   = 9
	stiffness matrix reformations = 1
	step from line search         = 1.000000
	convergence norms :     INITIAL         CURRENT         REQUIRED
	   residual            1.517488e+05    4.824207e-06    0.000000e+00 
	   energy              6.227887e+02    1.946034e-08    6.227887e+00 
	   displacement        3.046339e+01    2.532805e-05    3.039591e-05 

convergence summary
    number of iterations   : 8
    number of reformations : 1

------- converged at time : 0.2


===== beginning time step 3 : 0.3 =====


Reforming stiffness matrix: reformation #1

 1
 Nonlinear solution status: time= 0.3
	stiffness updates             = 0
	right hand side evaluations   = 2
	stiffness matrix reformations = 1
	step from line search         = 1.000000
	convergence norms :     INITIAL         CURRENT         REQUIRED
	   residual            1.440752e+05    5.117827e-02    0.000000e+00 
	   energy              6.060419e+02    2.138678e-01    6.060419e+00 
	   displacement        3.032928e+01    3.032928e+01    3.032928e-05 
 2
 Nonlinear solution status: time= 0.3
	stiffness updates             = 1
	right hand side evaluations   = 3
	stiffness matrix reformations = 1
	step from line search         = 1.000000
	convergence norms :     INITIAL         CURRENT         REQUIRED
	   residual            1.440752e+05    4.342417e-03    0.000000e+00 
	   energy              6.060419e+02    1.170285e-04    6.060419e+00 
	   displacement        3.032928e+01    1.167575e-02    3.085889e-05 
 3
 Nonlinear solution status: time= 0.3
	stiffness updates             = 2
	right hand side evaluations   = 4
	stiffness matrix reformations = 1
	step from line search         = 1.000000
	convergence norms :     INITIAL         CURRENT         REQUIRED
	   residual            1.440752e+05    1.410801e-02    0.000000e+00 
	   energy              6.060419e+02    5.918957e-05    6.060419e+00 
	   displacement        3.032928e+01    1.259483e-02    3.019293e-05 
 4
 Nonlinear solution status: time= 0.3
	stiffness updates             = 3
	right hand side evaluations   = 5
	stiffness matrix reformations = 1
	step from line search         = 1.000000
	convergence norms :     INITIAL         CURRENT         REQUIRED
	   residual            1.440752e+05    1.473055e-03    0.000000e+00 
	   energy              6.060419e+02    1.382634e-05    6.060419e+00 
	   displacement        3.032928e+01    4.270169e-04    3.012918e-05 
 5
 Nonlinear solution status: time= 0.3
	stiffness updates             = 4
	right hand side evaluations   = 6
	stiffness matrix reformations = 1
	step from line search         = 1.000000
	convergence norms :     INITIAL         CURRENT         REQUIRED
	   residual            1.440752e+05    3.853803e-04    0.000000e+00 
	   energy              6.060419e+02    5.692519e-06    6.060419e+00 
	   displacement        3.032928e+01    1.806649e-03    3.037413e-05 
 6
 Nonlinear solution status: time= 0.3
	stiffness updates             = 5
	right hand side evaluations   = 7
	stiffness matrix reformations = 1
	step from line search         = 1.000000
	convergence norms :     INITIAL         CURRENT         REQUIRED
	   residual            1.440752e+05    1.028998e-04    0.000000e+00 
	   energy              6.060419e+02    5.960280e-07    6.060419e+00 
	   displacement        3.032928e+01    2.225395e-04    3.028333e-05 
 7
 Nonlinear solution status: time= 0.3
	stiffness updates             = 6
	right hand side evaluations   = 8
	stiffness matrix reformations = 1
	step from line search         = 1.000000
	convergence norms :     INITIAL         CURRENT         REQUIRED
	   residual            1.440752e+05    4.711618e-05    0.000000e+00 
	   energy              6.060419e+02    4.438768e-07    6.060419e+00 
	   displacement        3.032928e+01    6.273462e-05    3.024043e-05 
 8
 Nonlinear solution status: time= 0.3
	stiffness updates             = 7
	right hand side evaluations   = 9
	stiffness matrix reformations = 1
	step from line search         = 1.000000
	convergence norms :     INITIAL         CURRENT         REQUIRED
	   residual            1.440752e+05    4.005637e-06    0.000000e+00 
	   energy              6.060419e+02    1.434809e-08    6.060419e+00 
	   displacement        3.032928e+01    2.043934e-05    3.026709e-05 

convergence summary
    number of iterations   : 8
    number of reformations : 1

------- converged at time : 0.3


===== beginning time step 4 : 0.4 =====


Reforming stiffness matrix: reformation #1

 1
 Nonlinear solution status: time= 0.4
	stiffness updates             = 0
	right hand side evaluations   = 2
	stiffness matrix reformations = 1
	step from line search         = 1.000000
	convergence norms :     INITIAL         CURRENT         REQUIRED
	   residual            1.369090e+05    4.932665e-02    0.000000e+00 
	   energy              5.899848e+02    2.04801