===========================================================================
         ________    _________   _______       __     _________            
        |        |\ |        |\ |       \\    |  |\  /         \\          
        |    ____|| |    ____|| |    __  ||   |__|| |    ___    ||         
        |   |\___\| |   |\___\| |   |\_| ||    \_\| |   //  \   ||         
        |   ||__    |   ||__    |   ||_| ||   |  |\ |  ||    |  ||         
        |       |\  |       |\  |         \\  |  || |  ||    |  ||         
        |    ___||  |    ___||  |    ___   || |  || |  ||    |  ||         
        |   |\__\|  |   |\__\|  |   |\__|  || |  || |  ||    |  ||         
        |   ||      |   ||___   |   ||__|  || |  || |   \\__/   ||         
        |   ||      |        |\ |          || |  || |           ||         
        |___||      |________|| |_________//  |__||  \_________//          
                                                                           
      F I N I T E   E L E M E N T S   F O R   B I O M E C H A N I C S      
                                                                           
  version 4.13.0.067bd8c2f
  FEBio is a registered trademark.                                         
  copyright (c) 2006-2026 - All rights reserved                            
                                                                           
===========================================================================





 FILES USED
===========================================================================
	Input file : /home/z/my-project/discovery-evidence-fabric/CEREVASC_R2_C3_PHENOTYPE_DISCOVERY/ROUND_56/ROUND131_ARTIFACTS/SOLVER_OUTPUT/C1-R131-WORLD_A_FEBIO-0.050/input.feb
	Plot file  : /home/z/my-project/discovery-evidence-fabric/CEREVASC_R2_C3_PHENOTYPE_DISCOVERY/ROUND_56/ROUND131_ARTIFACTS/SOLVER_OUTPUT/C1-R131-WORLD_A_FEBIO-0.050/input.xplt
	Log file   : /home/z/my-project/discovery-evidence-fabric/CEREVASC_R2_C3_PHENOTYPE_DISCOVERY/ROUND_56/ROUND131_ARTIFACTS/SOLVER_OUTPUT/C1-R131-WORLD_A_FEBIO-0.050/input.log


 MESH INFO
===========================================================================
	Number of materials ............................ : 1
	Number of domains .............................. : 1
	Number of nodes ................................ : 27
	Number of solid elements ....................... : 8


 MODULE
===========================================================================
	Module type ....................................... : solid


 CONTROL DATA
===========================================================================
	analysis .......................................... : STATIC (0)
	time_steps ........................................ : 50
	step_size ......................................... : 0.01
	plot_zero_state ................................... : no (0)
	plot_range ........................................ : 0,-1
	plot_level ........................................ : PLOT_MAJOR_ITRS (1)
	output_level ...................................... : OUTPUT_MAJOR_ITRS (1)
	plot_stride ....................................... : 1
	output_stride ..................................... : 1
	adaptor_re_solve .................................. : yes (1)
	Auto time stepper activated ....................... : no
 SOLVER PARAMETERS
===========================================================================
	symmetric_stiffness ............................... : symmetric (1)
	equation_scheme ................................... : staggered (0)
	equation_order .................................... : default (0)
	optimize_bw ....................................... : no (0)
	lstol ............................................. : 0.9
	lsmin ............................................. : 0.01
	lsiter ............................................ : 5
	ls_check_jacobians ................................ : no (0)
	max_refs .......................................... : 15
	check_zero_diagonal ............................... : no (0)
	zero_diagonal_tol ................................. : 0
	force_partition ................................... : 0
	reform_each_time_step ............................. : yes (1)
	reform_augment .................................... : no (0)
	diverge_reform .................................... : yes (1)
	min_residual ...................................... : 1e-20
	max_residual ...................................... : 0
	dtol .............................................. : 0.001
	etol .............................................. : 0.01
	rtol .............................................. : 0.001
	rhoi .............................................. : -1
	alpha ............................................. : 1
	beta .............................................. : 0.25
	gamma ............................................. : 0.5
	logSolve .......................................... : no (0)
	arc_length ........................................ : 0
	arc_length_scale .................................. : 0






 MATERIAL DATA
===========================================================================
  1 - NH (type: damage neo-Hookean)
	density ........................................... : 1
	E ................................................. : 1
	v ................................................. : 0.3
	a ................................................. : 0.05
	b ................................................. : 0.34


 BOUNDARY CONDITION DATA
===========================================================================
  1 -  Type: zero displacement
	x_dof ............................................. : no (0)
	y_dof ............................................. : no (0)
	z_dof ............................................. : yes (1)
---------------------------------------------------------------------------
  2 -  Type: zero displacement
	x_dof ............................................. : yes (1)
	y_dof ............................................. : no (0)
	z_dof ............................................. : no (0)
---------------------------------------------------------------------------
  3 -  Type: zero displacement
	x_dof ............................................. : no (0)
	y_dof ............................................. : yes (1)
	z_dof ............................................. : no (0)
---------------------------------------------------------------------------
  4 -  Type: prescribed displacement
	dof ............................................... : 2
	value ............................................. : 0.5
	relative .......................................... : no (0)


 LOAD CONTROLLER DATA
===========================================================================
load controller   1 - (noname) (type: loadcurve)
	interpolate ....................................... : LINEAR (0)
	extend ............................................ : CONSTANT (0)
	points ............................................ : (can't display value)


 OUTPUT DATA
===========================================================================
 LINEAR SOLVER DATA
===========================================================================
	Default linear solver ............................. : skyline


 *************************************************************************
 * Selecting linear solver skyline                                       *
 *************************************************************************

===== beginning time step 1 : 0.01 =====


Reforming stiffness matrix: reformation #1

===== reforming stiffness matrix:
	Nr of equations ........................... : 54
	Nr of nonzeroes in stiffness matrix ....... : 1151
 1
 Nonlinear solution status: time= 0.01
	stiffness updates             = 0
	right hand side evaluations   = 2
	stiffness matrix reformations = 1
	step from line search         = 1.000000
	convergence norms :     INITIAL         CURRENT         REQUIRED
	   residual            2.860346e-05    1.535813e-11    2.860346e-08 
	   energy              4.230769e-05    2.216888e-08    4.230769e-07 
	   displacement        1.068750e-04    1.068750e-04    1.068750e-10 
 2
 Nonlinear solution status: time= 0.01
	stiffness updates             = 1
	right hand side evaluations   = 3
	stiffness matrix reformations = 1
	step from line search         = 1.000000
	convergence norms :     INITIAL         CURRENT         REQUIRED
	   residual            2.860346e-05    1.483586e-14    2.860346e-08 
	   energy              4.230769e-05    1.761828e-12    4.230769e-07 
	   displacement        1.068750e-04    3.316028e-10    1.066163e-10 
 3
 Nonlinear solution status: time= 0.01
	stiffness updates             = 2
	right hand side evaluations   = 4
	stiffness matrix reformations = 1
	step from line search         = 1.000000
	convergence norms :     INITIAL         CURRENT         REQUIRED
	   residual            2.860346e-05    1.049392e-19    2.860346e-08 
	   energy              4.230769e-05    2.459541e-18    4.230769e-07 
	   displacement        1.068750e-04    3.406368e-13    1.066079e-10 

convergence summary
    number of iterations   : 3
    number of reformations : 1

------- converged at time : 0.01


===== beginning time step 2 : 0.02 =====


Reforming stiffness matrix: reformation #1

 1
 Nonlinear solution status: time= 0.02
	stiffness updates             = 0
	right hand side evaluations   = 2
	stiffness matrix reformations = 1
	step from line search         = 1.000000
	convergence norms :     INITIAL         CURRENT         REQUIRED
	   residual            2.641047e-05    1.419913e-11    2.641047e-08 
	   energy              4.062684e-05    2.120370e-08    4.062684e-07 
	   displacement        1.063424e-04    1.063424e-04    1.063424e-10 
 2
 Nonlinear solution status: time= 0.02
	stiffness updates             = 1
	right hand side evaluations   = 3
	stiffness matrix reformations = 1
	step from line search         = 1.000000
	convergence norms :     INITIAL         CURRENT         REQUIRED
	   residual            2.641047e-05    1.273633e-14    2.641047e-08 
	   energy              4.062684e-05    1.618377e-12    4.062684e-07 
	   displacement        1.063424e-04    3.259355e-10    1.060873e-10 
 3
 Nonlinear solution status: time= 0.02
	stiffness updates             = 2
	right hand side evaluations   = 4
	stiffness matrix reformations = 1
	step from line search         = 1.000000
	convergence norms :     INITIAL         CURRENT         REQUIRED
	   residual            2.641047e-05    1.587515e-19    2.641047e-08 
	   energy              4.062684e-05    2.859946e-18    4.062684e-07 
	   displacement        1.063424e-04    3.101627e-13    1.060793e-10 

convergence summary
    number of iterations   : 3
    number of reformations : 1

------- converged at time : 0.02


===== beginning time step 3 : 0.03 =====


Reforming stiffness matrix: reformation #1

 1
 Nonlinear solution status: time= 0.03
	stiffness updates             = 0
	right hand side evaluations   = 2
	stiffness matrix reformations = 1
	step from line search         = 1.000000
	convergence norms :     INITIAL         CURRENT         REQUIRED
	   residual            2.444572e-05    1.315860e-11    2.444572e-08 
	   energy              3.906070e-05    2.030492e-08    3.906070e-07 
	   displacement        1.058178e-04    1.058178e-04    1.058178e-10 
 2
 Nonlinear solution status: time= 0.03
	stiffness updates             = 1
	right hand side evaluations   = 3
	stiffness matrix reformations = 1
	step from line search         = 1.000000
	convergence norms :     INITIAL         CURRENT         REQUIRED
	   residual            2.444572e-05    1.094960e-14    2.444572e-08 
	   energy              3.906070e-05    1.487691e-12    3.906070e-07 
	   displacement        1.058178e-04    3.203759e-10    1.055662e-10 
 3
 Nonlinear solution status: time= 0.03
	stiffness updates             = 2
	right hand side evaluations   = 4
	stiffness matrix reformations = 1
	step from line search         = 1.000000
	convergence norms :     INITIAL         CURRENT         REQUIRED
	   residual            2.444572e-05    2.078079e-19    2.444572e-08 
	   energy              3.906070e-05    3.125277e-18    3.906070e-07 
	   displacement        1.058178e-04    2.821785e-13    1.055586e-10 

convergence summary
    number of iterations   : 3
    number of reformations : 1

------- converged at time : 0.03


===== beginning time step 4 : 0.04 =====


Reforming stiffness matrix: reformation #1

 1
 Nonlinear solution status: time= 0.04
	stiffness updates             = 0
	right hand side evaluations   = 2
	stiffness matrix reformations = 1
	step from line search         = 1.000000
	convergence norms :     INITIAL         CURRENT         REQUIRED
	   residual            2.268153e-05    1.222235e-11    2.268153e-08 
	   energy              3.759993e-05    1.946705e-08    3.759993e-07 
	   displacement        1.053009e-04    1.053009e-04    1.053009e-10 
 2
 Nonlinear solution status: time= 0.04
	stiffness updates             = 1
	right hand side evaluations   = 3
	stiffness matrix reformations = 1
	step from line search         = 1.000000
	convergence norms :     INITIAL         CURRENT         REQUIRED
	   residual            2.268153e-05    9.426971e-15    2.268153e-08 
	   energy              3.759993e-05    1.368552e-12    3.759993e-07 
	   displacement        1.053009e-04    3.149213e-10    1.050528e-10 
 3
 Nonlinear solution status: time= 0.04
	stiffness updates             = 2
	right hand side evaluations   = 4
	stiffness matrix reformations = 1
	step from line search         = 1.000000
	convergence norms :     INITIAL         CURRENT         REQUIRED
	   residual            2.268153e-05    2.493199e-19    2.268153e-08 
	   energy              3.759993e-05    3.289068e-18    3.759993e-07 
	   displacement        1.053009e-04    2.565186e-13    1.050456e-10 

convergence summary
    number of iterations   : 3
    number of reformations : 1

------- converged at time : 0.04


===== beginning time step 5 : 0.05 =====


Reforming stiffness matrix: reformation #1

 1
 Nonlinear solution status: time= 0.05
	stiffness updates             = 0
	right hand side evaluations   = 2
	stiffness matrix reformations = 1
	step from line search         = 1.000000
	convergence norms :     INITIAL         CURRENT         REQUIRED
	   residual            2.109393e-05    1.137810e-11    2.109393e-08 
	   energy              3.623601e-05    1.868505e-08    3.623601e-07 
	   displacement        1.047917e-04    1.047917e-04    1.047917e-10 
 2
 Nonlinear solution status: time= 0.05
	stiffness updates             = 1
	right hand side evaluations   = 3
	stiffness matrix reformations = 1
	step from line search         = 1.000000
	convergence norms :     INITIAL         CURRENT         REQUIRED
	   residual            2.109393e-05    8.127634e-15    2.109393e-08 
	   energy              3.623601e-05    1.259865e-12    3.623601e-07 
	   displacement        1.047917e-04    3.095688e-10    1.045470e-10 
 3
 Nonlinear solution status: time= 0.05
	stiffness updates             = 2
	right hand side evaluations   = 4
	stiffness matrix reformations = 1
	step from line search         = 1.000000
	convergence norms :     INITIAL         CURRENT         REQUIRED
	   residual            2.109393e-05    2.823942e-19    2.109393e-08 
	   energy              3.623601e-05    3.376887e-18    3.623601e-07 
	   displacement        1.047917e-04    2.330232e-13    1.045402e-10 

convergence summary
    number of iterations   : 3
    number of reformations : 1

------- converged at time : 0.05


===== beginning time step 6 : 0.06 =====


Reforming stiffness matrix: reformation #1

 1
 Nonlinear solution status: time= 0.06
	stiffness updates             = 0
	right hand side evaluations   = 2
	stiffness matrix reformations = 1
	step from line search         = 1.000000
	convergence norms :     INITIAL         CURRENT         REQUIRED
	   residual            1.966212e-05    1.061517e-11    1.966212e-08 
	   energy              3.496120e-05    1.795434e-08    3.496120e-07 
	   displacement        1.042901e-04    1.042901e-04    1.042901e-10 
 2
 Nonlinear solution status: time= 0.06
	stiffness updates             = 1
	right hand side evaluations   = 3
	stiffness matrix reformations = 1
	step from line search         = 1.000000
	convergence norms :     INITIAL         CURRENT         REQUIRED
	   residual            1.966212e-05    7.017330e-15    1.966212e-08 
	   energy              3.496120e-05    1.160643e-12    3.496120e-07 
	   displacement        1.042901e-04    3.043159e-10    1.040487e-10 
 3
 Nonlinear solution status: time= 0.06
	stiffness updates             = 2
	right hand side evaluations   = 4
	stiffness matrix reformations = 1
	step from line search         = 1.000000
	convergence norms :     INITIAL         CURRENT         REQUIRED
	   residual            1.966212e-05    3.072171e-19    1.966212e-08 
	   energy              3.496120e-05    3.408267e-18    3.496120e-07 
	   displacement        1.042901e-04    2.115387e-13    1.040422e-10 

convergence summary
    number of iterations   : 3
    number of reformations : 1

------- converged at time : 0.06


===== beginning time step 7 : 0.07 =====


Reforming stiffness matrix: reformation #1

 1
 Nonlinear solution status: time= 0.07
	stiffness updates             = 0
	right hand side evaluations   = 2
	stiffness matrix reformations = 1
	step from line search         = 1.000000
	convergence norms :     INITIAL         CURRENT         REQUIRED
	   residual            1.836805e-05    9.924262e-12    1.836805e-08 
	   energy              3.376844e-05    1.727077e-08    3.376844e-07 
	   displacement        1.037957e-04    1.037957e-04    1.037957e-10 
 2
 Nonlinear solution status: time= 0.07
	stiffness updates             = 1
	right hand side evaluations   = 3
	stiffness matrix reformations = 1
	step from line search         = 1.000000
	convergence norms :     INITIAL         CURRENT         REQUIRED
	   residual            1.836805e-05    6.067268e-15    1.836805e-08 
	   energy              3.376844e-05    1.070001e-12    3.376844e-07 
	   displacement        1.037957e-04    2.991601e-10    1.035576e-10 
 3
 Nonlinear solution status: time= 0.07
	stiffness updates             = 2
	right hand side evaluations   = 4
	stiffness matrix reformations = 1
	step from line search         = 1.000000
	convergence norms :     INITIAL         CURRENT         REQUIRED
	   residual            1.836805e-05    3.245330e-19    1.836805e-08 
	   energy              3.376844e-05    3.398157e-18    3.376844e-07 
	   displacement        1.037957e-04    1.919181e-13    1.035515e-10 

convergence summary
    number of iterations   : 3
    number of reformations : 1

------- converged at time : 0.07


===== beginning time step 8 : 0.08 =====


Reforming stiffness matrix: reformation #1

 1
 Nonlinear solution status: time= 0.08
	stiffness updates             = 0
	right hand side evaluations   = 2
	stiffness matrix reformations = 1
	step from line search         = 1.000000
	convergence norms :     INITIAL         CURRENT         REQUIRED
	   residual            1.719599e-05    9.297271e-12    1.719599e-08 
	   energy              3.265127e-05    1.663056e-08    3.265127e-07 
	   displacement        1.033086e-04    1.033086e-04    1.033086e-10 
 2
 Nonlinear solution status: time= 0.08
	stiffness updates             = 1
	right hand side evaluations   = 3
	stiffness matrix reformations = 1
	step from line search         = 1.000000
	convergence norms :     INITIAL         CURRENT         REQUIRED
	   residual            1.719599e-05    5.253219e-15    1.719599e-08 
	   energy              3.265127e-05    9.871402e-13    3.265127e-07 
	   displacement        1.033086e-04    2.940992e-10    1.030737e-10 
 3
 Nonlinear solution status: time= 0.08
	stiffness updates             = 2
	right hand side evaluations   = 4
	stiffness matrix reformations = 1
	step from line search         = 1.000000
	convergence norms :     INITIAL         CURRENT         REQUIRED
	   residual            1.719599e-05    3.353276e-19    1.719599e-08 
	   energy              3.265127e-05    3.358027e-18    3.265127e-07 
	   displacement        1.033086e-04    1.740215e-13    1.030679e-10 

convergence summary
    number of iterations   : 3
    number of reformations : 1

------- converged at time : 0.08


===== beginning time step 9 : 0.09 =====


Reforming stiffness matrix: reformation #1

 1
 Nonlinear solution status: time= 0.09
	stiffness updates             = 0
	right hand side evaluations   = 2
	stiffness matrix reformations = 1
	step from line search         = 1.000000
	convergence norms :     INITIAL         CURRENT         REQUIRED
	   residual            1.613224e-05    8.727113e-12    1.613224e-08 
	   energy              3.160383e-05    1.603026e-08    3.160383e-07 
	   displacement        1.028286e-04    1.028286e-04    1.028286e-10 
 2
 Nonlinear solution status: time= 0.09
	stiffness updates             = 1
	right hand side evaluations   = 3
	stiffness matrix reformations = 1
	step from line search         = 1.000000
	convergence norms :     INITIAL         CURRENT         REQUIRED
	   residual            1.613224e-05    4.554770e-15    1.613224e-08 
	   energy              3.160383e-05    9.113414e-13    3.160383e-07 
	   displacement        1.028286e-04    2.891311e-10    1.025969e-10 
 3
 Nonlinear solution status: time= 0.09
	stiffness updates             = 2
	right hand side evaluations   = 4
	stiffness matrix reformations = 1
	step from line search         = 1.000000
	convergence norms :     INITIAL         CURRENT         REQUIRED
	   residual            1.613224e-05    3.406421e-19    1.613224e-08 
	   energy              3.160383e-05    3.296534e-18    3.160383e-07 
	   displacement        1.028286e-04    1.577159e-13    1.025914e-10 

convergence summary
    number of iterations   : 3
    number of reformations : 1

------- converged at time : 0.09


===== beginning time step 10 : 0.1 =====


Reforming stiffness matrix: reformation #1

 1
 Nonlinear solution status: time= 0.1
	stiffness updates             = 0
	right hand side evaluations   = 2
	stiffness matrix reformations = 1
	step from line search         = 1.000000
	convergence norms :     INITIAL         CURRENT         REQUIRED
	   residual            1.516482e-05    8.207588e-12    1.516482e-08 
	   energy              3.062074e-05    1.546673e-08    3.062074e-07 
	   displacement        1.023555e-04    1.023555e-04    1.023555e-10 
 2
 Nonlinear solution status: time= 0.1
	stiffness updates             = 1
	right hand side evaluations   = 3
	stiffness matrix reformations = 1
	step from line search         = 1.000000
	convergence norms :     INITIAL         CURRENT         REQUIRED
	   residual            1.516482e-05    3.954697e-15    1.516482e-08 
	   energy              3.062074e-05    8.419560e-13    3.062074e-07 
	   displacement        1.023555e-04    2.842537e-10    1.021269e-10 
 3
 Nonlinear solution status: time= 0.1
	stiffness updates             = 2
	right hand side evaluations   = 4
	stiffness matrix reformations = 1
	step from line search         = 1.000000
	convergence norms :     INITIAL         CURRENT         REQUIRED
	   residual            1.516482e-05    3.414729e-19    1.516482e-08 
	   energy              3.062074e-05    3.220249e-18    3.062074e-07 
	   displacement        1.023555e-04    1.428758e-13    1.021217e-10 

convergence summary
    number of iterations   : 3
    number of reformations : 1

------- converged at time : 0.1


===== beginning time step 11 : 0.11 =====


Reforming stiffness matrix: reformation #1

 1
 Nonlinear solution status: time= 0.11
	stiffness updates             = 0
	right hand side evaluations   = 2
	stiffness matrix reformations = 1
	step from line search         = 1.000000
	convergence norms :     INITIAL         CURRENT         REQUIRED
	   residual            1.428322e-05    7.733257e-12    1.428322e-08 
	   energy              2.969709e-05    1.493712e-08    2.969709e-07 
	   displacement        1.018892e-04    1.018892e-04    1.018892e-10 
 2
 Nonlinear solution status: time= 0.11
	stiffness updates             = 1
	right hand side evaluations   = 3
	stiffness matrix reformations = 1
	step from line search         = 1.000000
	convergence norms :     INITIAL         CURRENT         REQUIRED
	   residual            1.428322e-05    3.438453e-15    1.428322e-08 
	   energy              2.969709e-05    7.783988e-13    2.969709e-07 
	   displacement        1.018892e-04    2.794653e-10    1.016638e-10 
 3
 Nonlinear solution status: time= 0.11
	stiffness updates             = 2
	right hand side evaluations   = 4
	stiffness matrix reformations = 1
	step from line search         = 1.000000
	convergence norms :     INITIAL         CURRENT         REQUIRED
	   residual            1.428322e-05    3.387196e-19    1.428322e-08 
	   energy              2.969709e-05    3.134111e-18    2.969709e-07 
	   displacement        1.018892e-04    1.293830e-13    1.016588e-10 

convergence summary
    number of iterations   : 3
    number of reformations : 1

------- converged at time : 0.11


===== beginning time step 12 : 0.12 =====


Reforming stiffness matrix: reformation #1

 1
 Nonlinear solution status: time= 0.12
	stiffness updates             = 0
	right hand side evaluations   = 2
	stiffness matrix reformations = 1
	step from line search         = 1.000000
	convergence norms :     INITIAL         CURRENT         REQUIRED
	   residual            1.347826e-05    7.299342e-12    1.347826e-08 
	   energy              2.882838e-05    1.443883e-08    2.882838e-07 
	   displacement        1.014297e-04    1.014297e-04    1.014297e-10 
 2
 Nonlinear solution status: time= 0.12
	stiffness updates             = 1
	right hand side evaluations   = 3
	stiffness matrix reformations = 1
	step from line search         = 1.000000
	convergence norms :     INITIAL         CURRENT         REQUIRED
	   residual            1.347826e-05    2.993734e-15    1.347826e-08 
	   energy              2.882838e-05    7.201413e-13    2.882838e-07 
	   displacement        1.014297e-04    2.747639e-10    1.012072e-10 
 3
 Nonlinear solution status: time= 0.12
	stiffness updates             = 2
	right hand side evaluations   = 4
	stiffness matrix reformations = 1
	step from line search         = 1.000000
	convergence norms :     INITIAL         CURRENT         REQUIRED
	   residual            1.347826e-05    3.331662e-19    1.347826e-08 
	   energy              2.882838e-05    3.041828e-18    2.882838e-07 
	   displacement        1.014297e-04    1.171264e-13    1.012025e-10 

convergence summary
    number of iterations   : 3
    number of reformations : 1

------- converged at time : 0.12


===== beginning time step 13 : 0.13 =====


Reforming stiffness matrix: reformation #1

 1
 Nonlinear solution status: time= 0.13
	stiffness updates             = 0
	right hand side evaluations   = 2
	stiffness matrix reformations = 1
	step from line search         = 1.000000
	convergence norms :     INITIAL         CURRENT         REQUIRED
	   residual            1.274185e-05    6.901638e-12    1.274185e-08 
	   energy              2.801052e-05    1.396946e-08    2.801052e-07 
	   displacement        1.009766e-04    1.009766e-04    1.009766e-10 
 2
 Nonlinear solution status: time= 0.13
	stiffness updates             = 1
	right hand side evaluations   = 3
	stiffness matrix reformations = 1
	step from line search         = 1.000000
	convergence norms :     INITIAL         CURRENT         REQUIRED
	   residual            1.274185e-05    2.610120e-15    1.274185e-08 
	   energy              2.801052e-05    6.667060e-13    2.801052e-07 
	   displacement        1.009766e-04    2.701480e-10    1.007572e-10 
 3
 Nonlinear solution status: time= 0.13
	stiffness updates             = 2
	right hand side evaluations   = 4
	stiffness matrix reformations = 1
	step from line search         = 1.000000
	convergence norms :     INITIAL         CURRENT         REQUIRED
	   residual            1.274185e-05    3.254785e-19    1.274185e-08 
	   energy              2.801052e-05    2.946158e-18    2.801052e-07 
	   displacement        1.009766e-04    1.060023e-13    1.007527e-10 

convergence summary
    number of iterations   : 3
    number of reformations : 1

------- converged at time : 0.13


===== beginning time step 14 : 0.14 =====


Reforming stiffness matrix: reformation #1

 1
 Nonlinear solution status: time= 0.14
	stiffness updates             = 0
	right hand side evaluations   = 2
	stiffness matrix reformations = 1
	step from line search         = 1.000000
	convergence norms :     INITIAL         CURRENT         REQUIRED
	   residual            1.206686e-05    6.536436e-12    1.206686e-08 
	   energy              2.723972e-05    1.352686e-08    2.723972e-07 
	   displacement        1.005301e-04    1.005301e-04    1.005301e-10 
 2
 Nonlinear solution status: time= 0.14
	stiffness updates             = 1
	right hand side evaluations   = 3
	stiffness matrix reformations = 1
	step from line search         = 1.000000
	convergence norms :     INITIAL         CURRENT         REQUIRED
	   residual            1.206686e-05    2.278776e-15    1.206686e-08 
	   energy              2.723972e-05    6.176614e-13    2.723972e-07 
	   displacement        1.005301e-04    2.656159e-10    1.003135e-10 
 3
 Nonlinear solution status: time= 0.14
	stiffness updates             = 2
	right hand side evaluations   = 4
	stiffness matrix reformations = 1
	step from line search         = 1.000000
	convergence norms :     INITIAL         CURRENT         REQUIRED
	   residual            1.206686e-05    3.162108e-19    1.206686e-08 
	   energy              2.723972e-05    2.849125e-18    2.723972e-07 
	   displacement        1.005301e-04    9.591390e-14    1.003093e-10 

convergence summary
    number of iterations   : 3
    number of reformations : 1

------- converged at time : 0.14


===== beginning time step 15 : 0.15 =====


Reforming stiffness matrix: reformation #1

 1
 Nonlinear solution status: time= 0.15
	stiffness updates             = 0
	right hand side evaluations   = 2
	stiffness matrix reformations = 1
	step from line search         = 1.000000
	convergence norms :     INITIAL         CURRENT         REQUIRED
	   residual            1.144702e-05    6.200460e-12    1.144702e-08 
	   energy              2.651254e-05    1.310901e-08    2.651254e-07 
	   displacement        1.000898e-04    1.000898e-04    1.000898e-10 
 2
 Nonlinear solution status: time= 0.15
	stiffness updates             = 1
	right hand side evaluations   = 3
	stiffness matrix reformations = 1
	step from line search         = 1.000000
	convergence norms :     INITIAL         CURRENT         REQUIRED
	   residual            1.144702e-05    1.992201e-15    1.144702e-08 
	   energy              2.651254e-05    5.726168e-13    2.651254e-07 
	   displacement        1.000898e-04    2.611661e-10    9.987615e-11 
 3
 Nonlinear solution status: time= 0.15
	stiffness updates             = 2
	right hand side evaluations   = 4
	stiffness matrix reformations = 1
	step from line search         = 1.000000
	convergence norms :     INITIAL         CURRENT         REQUIRED
	   residual            1.144702e-05    3.058181e-19    1.144702e-08 
	   energy              2.651254e-05    2.752214e-18    2.651254e-07 
	   displacement        1.000898e-04    8.677124e-14    9.987217e-11 

convergence summary
    number of iterations   : 3
    number of reformations : 1

------- converged at time : 0.15


===== beginning time step 16 : 0.16 =====


Reforming stiffness matrix: reformation #1

 1
 Nonlinear solution status: time= 0.16
	stiffness updates             = 0
	right hand side evaluations   = 2
	stiffness matrix reformations = 1
	step from line search         = 1.000000
	convergence norms :     INITIAL         CURRENT         REQUIRED
	   residual            1.087679e-05    5.890812e-12    1.087679e-08 
	   energy              2.582583e-05    1.271412e-08    2.582583e-07 
	   displacement        9.965572e-05    9.965572e-05    9.965572e-11 
 2
 Nonlinear solution status: time= 0.16
	stiffness updates             = 1
	right hand side evaluations   = 3
	stiffness matrix reformations = 1
	step from line search         = 1.000000
	convergence norms :     INITIAL         CURRENT         REQUIRED
	   residual            1.087679e-05    1.744021e-15    1.087679e-08 
	   energy              2.582583e-05    5.312188e-13    2.582583e-07 
	   displacement        9.965572e-05    2.567971e-10    9.944493e-11 
 3
 Nonlinear solution status: time= 0.16
	stiffness updates             = 2
	right hand side evaluations   = 4
	stiffness matrix reformations = 1
	step from line search         = 1.000000
	convergence norms :     INITIAL         CURRENT         REQUIRED
	   residual            1.087679e-05    2.946687e-19    1.087679e-08 
	   energy              2.582583e-05    2.656490e-18    2.582583e-07 
	   displacement        9.965572e-05    7.849097e-14    9.944117e-11 

convergence summary
    number of iterations   : 3
    number of reformations : 1

------- converged at time : 0.16


===== beginning time step 17 : 0.17 =====


Reforming stiffness matrix: reformation #1

 1
 Nonlinear solution status: time= 0.17
	stiffness updates             = 0
	right hand side evaluations   = 2
	stiffness matrix reformations = 1
	step from line search         = 1.000000
	convergence norms :     INITIAL         CURRENT         REQUIRED
	   residual            1.035125e-05    5.604922e-12    1.035125e-08 
	   energy              2.517666e-05    1.234051e-08    2.517666e-07 
	   displacement        9.922775e-05    9.922775e-05    9.922775e-11 
 2
 Nonlinear solution status: time= 0.17
	stiffness updates             = 1
	right hand side evaluations   = 3
	stiffness matrix reformations = 1
	step from line search         = 1.000000
	convergence norms :     INITIAL         CURRENT         REQUIRED
	   residual            1.035125e-05    1.528809e-15    1.035125e-08 
	   energy              2.517666e-05    4.931471e-13    2.517666e-07 
	   displacement        9.922775e-05    2.525075e-10    9.901975e-11 
 3
 Nonlinear solution status: time= 0.17
	stiffness updates             = 2
	right hand side evaluations   = 4
	stiffness matrix reformations = 1
	step from line search         = 1.000000
	convergence norms :     INITIAL         CURRENT         REQUIRED
	   residual            1.035125e-05    2.830575e-19    1.035125e-08 
	   energy              2.517666e-05    2.562700e-18    2.517666e-07 
	   displacement        9.922775e-05    7.099602e-14    9.901619e-11 

convergence summary
    number of iterations   : 3
    number of reformations : 1

------- converged at time : 0.17


===== beginning time step 18 : 0.18 =====


Reforming stiffness matrix: reformation #1

 1
 Nonlinear solution status: time= 0.18
	stiffness updates             = 0
	right hand side evaluations   = 2
	stiffness matrix reformations = 1
	step from line search         = 1.000000
	convergence norms :     INITIAL         CURRENT         REQUIRED
	   residual            9.866056e-06    5.340507e-12    9.866056e-09 
	   energy              2.456238e-05    1.198665e-08    2.456238e-07 
	   displacement        9.880575e-05    9.880575e-05    9.880575e-11 
 2
 Nonlinear solution status: time= 0.18
	stiffness updates             = 1
	right hand side evaluations   = 3
	stiffness matrix reformations = 1
	step from line search         = 1.000000
	convergence norms :     INITIAL         CURRENT         REQUIRED
	   residual            9.866056e-06    1.341943e-15    9.866056e-09 
	   energy              2.456238e-05    4.581117e-13    2.456238e-07 
	   displacement        9.880575e-05    2.482959e-10    9.860051e-11 
 3
 Nonlinear solution status: time= 0.18
	stiffness updates             = 2
	right hand side evaluations   = 4
	stiffness matrix reformations = 1
	step from line search         = 1.000000
	convergence norms :     INITIAL         CURRENT         REQUIRED
	   residual            9.866056e-06    2.712178e-19    9.866056e-09 
	   energy              2.456238e-05    2.471372e-18    2.456238e-07 
	   displacement        9.880575e-05    6.421534e-14    9.859713e-11 

convergence summary
    number of iterations   : 3
    number of reformations : 1

------- converged at time : 0.18


===== beginning time step 19 : 0.19 =====


Reforming stiffness matrix: reformation #1

 1
 Nonlinear solution status: time= 0.19
	stiffness updates             = 0
	right hand side evaluations   = 2
	stiffness matrix reformations = 1
	step from line search         = 1.000000
	convergence norms :     INITIAL         CURRENT         REQUIRED
	   residual            9.417335e-06    5.095538e-12    9.417335e-09 
	   energy              2.398054e-05    1.165115e-08    2.398054e-07 
	   displacement        9.838962e-05    9.838962e-05    9.838962e-11 
 2
 Nonlinear solution status: time= 0.19
	stiffness updates             = 1
	right hand side evaluations   = 3
	stiffness matrix reformations = 1
	step from line search         = 1.000000
	convergence norms :     INITIAL         CURRENT         REQUIRED
	   residual            9.417335e-06    1.179478e-15    9.417335e-09 
	   energy              2.398054e-05    4.258492e-13    2.398054e-07 
	   displacement        9.838962e-05    2.441609e-10    9.818709e-11 
 3
 Nonlinear solution status: time= 0.19
	stiffness updates             = 2
	right hand side evaluations   = 4
	stiffness matrix reformations = 1
	step from line search         = 1.000000
	convergence norms :     INITIAL         CURRENT         REQUIRED
	   residual            9.417335e-06    2.593318e-19    9.417335e-09 
	   energy              2.398054e-05    2.382833e-18    2.398054e-07 
	   displacement        9.838962e-05    5.808353e-14    9.818389e-11 

convergence summary
    number of iterations   : 3
    number of reformations : 1

------- converged at time : 0.19


===== beginning time step 20 : 0.2 =====


Reforming stiffness matrix: reformation #1

 1
 Nonlinear solution status: time= 0.2
	stiffness updates             = 0
	right hand side evaluations   = 2
	stiffness matrix reformations = 1
	step from line search         = 1.000000
	convergence norms :     INITIAL         CURRENT         REQUIRED
	   residual            9.001650e-06    4.868206e-12    9.001650e-09 
	   energy              2.342888e-05    1.133272e-08    2.342888e-07 
	   displacement        9.797925e-05    9.797925e-05    9.797925e-11 
 2
 Nonlinear solution status: time= 0.2
	stiffness updates             = 1
	right hand side evaluations   = 3
	stiffness matrix reformations = 1
	step from line search         = 1.000000
	convergence norms :     INITIAL         CURRENT         REQUIRED
	   residual            9.001650e-06    1.038046e-15    9.001650e-09 
	   energy              2.342888e-05    3.961208e-13    2.342888e-07 
	   displacement        9.797925e-05    2.401014e-10    9.777939e-11 
 3
 Nonlinear solution status: time= 0.2
	stiffness updates             = 2
	right hand side evaluations   = 4
	stiffness matrix reformations = 1
	step from line search         = 1.000000
	convergence norms :     INITIAL         CURRENT         REQUIRED
	   residual            9.001650e-06    2.475405e-19    9.001650e-09 
	   energy              2.342888e-05    2.297293e-18    2.342888e-07 
	   displacement        9.797925e-05    5.254061e-14    9.777636e-11 

convergence summary
    number of iterations   : 3
    number of reformations : 1

------- converged at time : 0.2


===== beginning time step 21 : 0.21 =====


Reforming stiffness matrix: reformation #1

 1
 Nonlinear solution status: time= 0.21
	stiffness updates             = 0
	right hand side evaluations   = 2
	stiffness matrix reformations = 1
	step from line search         = 1.000000
	convergence norms :     INITIAL         CURRENT         REQUIRED
	   residual            8.615937e-06    4.656899e-12    8.615937e-09 
	   energy              2.290532e-05    1.103018e-08    2.290532e-07 
	   displacement        9.757453e-05    9.757453e-05    9.757453e-11 
 2
 Nonlinear solution status: time= 0.21
	stiffness updates             = 1
	right hand side evaluations   = 3
	stiffness matrix reformations = 1
	step from line search         = 1.000000
	convergence norms :     INITIAL         CURRENT         REQUIRED
	   residual            8.615937e-06    9.147643e-16    8.615937e-09 
	   energy              2.290532e-05    3.687096e-13    2.290532e-07 
	   displacement        9.757453e-05    2.361159e-10    9.737731e-11 
 3
 Nonlinear solution status: time= 0.21
	stiffness updates             = 2
	right hand side evaluations   = 4
	stiffness matrix reformations = 1
	step from line search         = 1.000000
	convergence norms :     INITIAL         CURRENT         REQUIRED
	   residual            8.615937e-06    2.359506e-19    8.615937e-09 
	   energy              2.290532e-05    2.214862e-18    2.290532e-07 
	   displacement        9.757453e-05    4.753158e-14    9.737444e-11 

convergence summary
    number of iterations   : 3
    number of reformations : 1

------- converged at time : 0.21


===== beginning time step 22 : 0.22 =====


Reforming stiffness matrix: reformation #1

 1
 Nonlinear solution status: time= 0.22
	stiffness updates             = 0
	right hand side evaluations   = 2
	stiffness matrix reformations = 1
	step from line search         = 1.000000
	convergence norms :     INITIAL         CURRENT         REQUIRED
	   residual            8.257458e-06    4.460173e-12    8.257458e-09 
	   energy              2.240797e-05    1.074244e-08    2.240797e-07 
	   displacement        9.717538e-05    9.717538e-05    9.717538e-11 
 2
 Nonlinear solution status: time= 0.22
	stiffness updates             = 1
	right hand side evaluations   = 3
	stiffness matrix reformations = 1
	step from line search         = 1.000000
	convergence norms :     INITIAL         CURRENT         REQUIRED
	   residual            8.257458e-06    8.071671e-16    8.257458e-09 
	   energy              2.240797e-05    3.434188e-13    2.240797e-07 
	   displacement        9.717538e-05    2.322034e-10    9.698074e-11 
 3
 Nonlinear solution status: time= 0.22
	stiffness updates             = 2
	right hand side evaluations   = 4
	stiffness matrix reformations = 1
	step from line search         = 1.000000
	convergence norms :     INITIAL         CURRENT         REQUIRED
	   residual            8.257458e-06    2.246419e-19    8.257458e-09 
	   energy              2.240797e-05    2.135561e-18    2.240797e-07 
	   displacement        9.717538e-05    4.300618e-14    9.697802e-11 

convergence summary
    number of iterations   : 3
    number of reformations : 1

------- converged at time : 0.22


===== beginning time step 23 : 0.23 =====


Reforming stiffness matrix: reformation #1

 1
 Nonlinear solution status: time= 0.23
	stiffness updates             = 0
	right hand side evaluations   = 2
	stiffness matrix reformations = 1
	step from line search         = 1.000000
	convergence norms :     INITIAL         CURRENT         REQUIRED
	   residual            7.923768e-06    4.276736e-12    7.923768e-09 
	   energy              2.193505e-05    1.046850e-08    2.193505e-07 
	   displacement        9.678167e-05    9.678167e-05    9.678167e-11 
 2
 Nonlinear solution status: time= 0.23
	stiffness updates             = 1
	right hand side evaluations   = 3
	stiffness matrix reformations = 1
	step from line search         = 1.000000
	convergence norms :     INITIAL         CURRENT         REQUIRED
	   residual            7.923768e-06    7.131391e-16    7.923768e-09 
	   energy              2.193505e-05    3.200690e-13    2.193505e-07 
	   displacement        9.678167e-05    2.283624e-10    9.658958e-11 
 3
 Nonlinear solution status: time= 0.23
	stiffness updates             = 2
	right hand side evaluations   = 4
	stiffness matrix reformations = 1
	step from line search         = 1.000000
	convergence norms :     INITIAL         CURRENT         REQUIRED
	   residual            7.923768e-06    2.136720e-19    7.923768e-09 
	   energy              2.193505e-05    2.059390e-18    2.193505e-07 
	   displacement        9.678167e-05    3.891854e-14    9.658700e-11 

convergence summary
    number of iterations   : 3
    number of reformations : 1

------- converged at time : 0.23


===== beginning time step 24 : 0.24 =====


Reforming stiffness matrix: reformation #1

 1
 Nonlinear solution status: time= 0.24
	stiffness updates             = 0
	right hand side evaluations   = 2
	stiffness matrix reformations = 1
	step from line search         = 1.000000
	convergence norms :     INITIAL         CURRENT         REQUIRED
	   residual            7.612677e-06    4.105432e-12    7.612677e-09 
	   energy              2.148494e-05    1.020746e-08    2.148494e-07 
	   displacement        9.639333e-05    9.639333e-05    9.639333e-11 
 2
 Nonlinear solution status: time= 0.24
	stiffness updates             = 1
	right hand side evaluations   = 3
	stiffness matrix reformations = 1
	step from line search         = 1.000000
	convergence norms :     INITIAL         CURRENT         REQUIRED
	   residual            7.612677e-06    6.308651e-16    7.612677e-09 
	   energy              2.148494e-05    2.984976e-13    2.148494e-07 
	   displacement        9.639333e-05    2.245920e-10    9.620375e-11 
 3
 Nonlinear solution status: time= 0.24
	stiffness updates             = 2
	right hand side evaluations   = 4
	stiffness matrix reformations = 1
	step from line search         = 1.000000
	convergence norms :     INITIAL         CURRENT         REQUIRED
	   residual            7.612677e-06    2.030813e-19    7.612677e-09 
	   energy              2.148494e-05    1.986303e-18    2.148494e-07 
	   displacement        9.639333e-05    3.522684e-14    9.620130e-11 

convergence summary
    number of iterations   : 3
    number of reformations : 1

------- converged at time : 0.24


===== beginning time step 25 : 0.25 =====


Reforming stiffness matrix: reformation #1

 1
 Nonlinear solution status: time= 0.25
	stiffness updates             = 0
	right hand side evaluations   = 2
	stiffness matrix reformations = 1
	step from line search         = 1.000000
	convergence norms :     INITIAL         CURRENT         REQUIRED
	   residual            7.322218e-06    3.945219e-12    7.322218e-09 
	   energy              2.105615e-05    9.958450e-09    2.105615e-07 
	   displacement        9.601025e-05    9.601025e-05    9.601025e-11 
 2
 Nonlinear solution status: time= 0.25
	stiffness updates             = 1
	right hand side evaluations   = 3
	stiffness matrix reformations = 1
	step from line search         = 1.000000
	convergence norms :     INITIAL         CURRENT         REQUIRED
	   residual            7.322218e-06    5.587852e-16    7.322218e-09 
	   energy              2.105615e-05    2.785561e-13    2.105615e-07 
	   displacement        9.601025e-05    2.208908e-10    9.582313e-11 
 3
 Nonlinear solution status: time= 0.25
	stiffness updates             = 2
	right hand side evaluations   = 4
	stiffness matrix reformations = 1
	step from line search         = 1.000000
	convergence norms :     INITIAL         CURRENT         REQUIRED
	   residual            7.322218e-06    1.928962e-19    7.322218e-09 
	   energy              2.105615e-05    1.916207e-18    2.105615e-07 
	   displacement        9.601025e-05    3.189305e-14    9.582081e-11 

convergence summary
    number of iterations   : 3
    number of reformations : 1

------- converged at time : 0.25


===== beginning time step 26 : 0.26 =====


Reforming stiffness matrix: reformation #1

 1
 Nonlinear solution status: time= 0.26
	stiffness updates             = 0
	right hand side evaluations   = 2
	stiffness matrix reformations = 1
	step from line search         = 1.000000
	convergence norms :     INITIAL         CURRENT         REQUIRED
	   residual            7.050627e-06    3.795162e-12    7.050627e-09 
	   energy              2.064730e-05    9.720703e-09    2.064730e-07 
	   displacement        9.563234e-05    9.563234e-05    9.563234e-11 
 2
 Nonlinear solution status: time= 0.26
	stiffness updates             = 1
	right hand side evaluations   = 3
	stiffness matrix reformations = 1
	step from line search         = 1.000000
	convergence norms :     INITIAL         CURRENT         REQUIRED
	   residual            7.050627e-06    4.955574e-16    7.050627e-09 
	   energy              2.064730e-05    2.601096e-13    2.064730e-07 
	   displacement        9.563234e-05    2.172577e-10    9.544765e-11 
 3
 Nonlinear solution status: time= 0.26
	stiffness updates             = 2
	right hand side evaluations   = 4
	stiffness matrix reformations = 1
	step from line search         = 1.000000
	convergence norms :     INITIAL         CURRENT         REQUIRED
	   residual            7.050627e-06    1.831323e-19    7.050627e-09 
	   energy              2.064730e-05    1.849008e-18    2.064730e-07 
	   displacement        9.563234e-05    2.888260e-14    9.544545e-11 

convergence summary
    number of iterations   : 3
    number of reformations : 1

------- converged at time : 0.26


===== beginning time step 27 : 0.27 =====


Reforming stiffness matrix: reformation #1

 1
 Nonlinear solution status: time= 0.27
	stiffness updates             = 0
	right hand side evaluations   = 2
	stiffness matrix reformations = 1
	step from line search         = 1.000000
	convergence norms :     INITIAL         CURRENT         REQUIRED
	   residual            6.796315e-06    3.654419e-12    6.796315e-09 
	   energy              2.025710e-05    9.493497e-09    2.025710e-07 
	   displacement        9.525951e-05    9.525951e-05    9.525951e-11 
 2
 Nonlinear solution status: time= 0.27
	stiffness updates             = 1
	right hand side evaluations   = 3
	stiffness matrix reformations = 1
	step from line search         = 1.000000
	convergence norms :     INITIAL         CURRENT         REQUIRED
	   residual            6.796315e-06    4.400258e-16    6.796315e-09 
	   energy              2.025710e-05    2.430351e-13    2.025710e-07 
	   displacement        9.525951e-05    2.136916e-10    9.507721e-11 
 3
 Nonlinear solution status: time= 0.27
	stiffness updates             = 2
	right hand side evaluations   = 4
	stiffness matrix reformations = 1
	step from line search         = 1.000000
	convergence norms :     INITIAL         CURRENT         REQUIRED
	   residual            6.796315e-06    1.737970e-19    6.796315e-09 
	   energy              2.025710e-05    1.784603e-18    2.025710e-07 
	   displacement        9.525951e-05    2.616412e-14    9.507513e-11 

convergence summary
    number of iterations   : 3
    number of reformations : 1

------- converged at time : 0.27


===== beginning time step 28 : 0.28 =====


Reforming stiffness matrix: reformation #1

 1
 Nonlinear solution status: time= 0.28
	stiffness updates             = 0
	right hand side evaluations   = 2
	stiffness matrix reformations = 1
	step from line search         = 1.000000
	convergence norms :     INITIAL         CURRENT         REQUIRED
	   residual            6.557852e-06    3.522228e-12    6.557852e-09 
	   energy              1.988437e-05    9.276166e-09    1.988437e-07 
	   displacement        9.489167e-05    9.489167e-05    9.489167e-11 
 2
 Nonlinear solution status: time= 0.28
	stiffness updates             = 1
	right hand side evaluations   = 3
	stiffness matrix reformations = 1
	step from line search         = 1.000000
	convergence norms :     INITIAL         CURRENT         REQUIRED
	   residual            6.557852e-06    3.911933e-16    6.557852e-09 
	   energy              1.988437e-05    2.272205e-13    1.988437e-07 
	   displacement        9.489167e-05    2.101913e-10    9.471173e-11 
 3
 Nonlinear solution status: time= 0.28
	stiffness updates             = 2
	right hand side evaluations   = 4
	stiffness matrix reformations = 1
	step from line search         = 1.000000
	convergence norms :     INITIAL         CURRENT         REQUIRED
	   residual            6.557852e-06    1.648908e-19    6.557852e-09 
	   energy              1.988437e-05    1.722887e-18    1.988437e-07 
	   displacement        9.489167e-05    2.370917e-14    9.470975e-11 

convergence summary
    number of iterations   : 3
    number of reformations : 1

------- converged at time : 0.28


===== beginning time step 29 : 0.29 =====


Reforming stiffness matrix: reformation #1

 1
 Nonlinear solution status: time= 0.29
	stiffness updates             = 0
	right hand side evaluations   = 2
	stiffness matrix reformations = 1
	step from line search         = 1.000000
	convergence norms :     INITIAL         CURRENT         REQUIRED
	   residual            6.333945e-06    3.397904e-12    6.333945e-09 
	   energy              1.952803e-05    9.068095e-09    1.952803e-07 
	   displacement        9.452874e-05    9.452874e-05    9.452874e-11 
 2
 Nonlinear solution status: time= 0.29
	stiffness updates             = 1
	right hand side evaluations   = 3
	stiffness matrix reformations = 1
	step from line search         = 1.000000
	convergence norms :     INITIAL         CURRENT         REQUIRED
	   residual            6.333945e-06    3.481994e-16    6.333945e-09 
	   energy              1.952803e-05    2.125635e-13    1.952803e-07 
	   displacement        9.452874e-05    2.067557e-10    9.435111e-11 
 3
 Nonlinear solution status: time= 0.29
	stiffness updates             = 2
	right hand side evaluations   = 4
	stiffness matrix reformations = 1
	step from line search         = 1.000000
	convergence norms :     INITIAL         CURRENT         REQUIRED
	   residual            6.333945e-06    1.564093e-19    6.333945e-09 
	   energy              1.952803e-05    1.663735e-18    1.952803e-07 
	   displacement        9.452874e-05    2.149202e-14    9.434923e-11 

convergence summary
    number of iterations   : 3
    number of reformations : 1

------- converged at time : 0.29


===== beginning time step 30 : 0.3 =====


Reforming stiffness matrix: reformation #1

 1
 Nonlinear solution status: time= 0.3
	stiffness updates             = 0
	right hand side evaluations   = 2
	stiffness matrix reformations = 1
	step from line search         = 1.000000
	convergence norms :     INITIAL         CURRENT         REQUIRED
	   residual            6.123428e-06    3.280824e-12    6.123428e-09 
	   energy              1.918706e-05    8.868716e-09    1.918706e-07 
	   displacement        9.417062e-05    9.417062e-05    9.417062e-11 
 2
 Nonlinear solution status: time= 0.3
	stiffness updates             = 1
	right hand side evaluations   = 3
	stiffness matrix reformations = 1
	step from line search         = 1.000000
	convergence norms :     INITIAL         CURRENT         REQUIRED
	   residual            6.123428e-06    3.102999e-16    6.123428e-09 
	   energy              1.918706e-05    1.989708e-13    1.918706e-07 
	   displacement        9.417062e-05    2.033836e-10    9.399527e-11 
 3
 Nonlinear solution status: time= 0.3
	stiffness updates             = 2
	right hand side evaluations   = 4
	stiffness matrix reformations = 1
	step from line search         = 1.000000
	convergence norms :     INITIAL         CURRENT         REQUIRED
	   residual            6.123428e-06    1.483446e-19    6.123428e-09 
	   energy              1.918706e-05    1.607040e-18    1.918706e-07 
	   displacement        9.417062e-05    1.948937e-14    9.399349e-11 

convergence summary
    number of iterations   : 3
    number of reformations : 1

------- converged at time : 0.3


===== beginning time step 31 : 0.31 =====


Reforming stiffness matrix: reformation #1

 1
 Nonlinear solution status: time= 0.31
	stiffness updates             = 0
	right hand side evaluations   = 2
	stiffness matrix reformations = 1
	step from line search         = 1.000000
	convergence norms :     INITIAL         CURRENT         REQUIRED
	   residual            5.925244e-06    3.170426e-12    5.925244e-09 
	   energy              1.886051e-05    8.677503e-09    1.886051e-07 
	   displacement        9.381723e-05    9.381723e-05    9.381723e-11 
 2
 Nonlinear solution status: time= 0.31
	stiffness updates             = 1
	right hand side evaluations   = 3
	stiffness matrix reformations = 1
	step from line search         = 1.000000
	convergence norms :     INITIAL         CURRENT         REQUIRED
	   residual            5.925244e-06    2.768509e-16    5.925244e-09 
	   energy              1.886051e-05    1.863571e-13    1.886051e-07 
	   displacement        9.381723e-05    2.000741e-10    9.364413e-11 
 3
 Nonlinear solution status: time= 0.31
	stiffness updates             = 2
	right hand side evaluations   = 4
	stiffness matrix reformations = 1
	step from line search         = 1.000000
	convergence norms :     INITIAL         CURRENT         REQUIRED
	   residual            5.925244e-06    1.406855e-19    5.925244e-09 
	   energy              1.886051e-05    1.552688e-18    1.886051e-07 
	   displacement        9.381723e-05    1.768016e-14    9.364244e-11 

convergence summary
    number of iterations   : 3
    number of reformations : 1

------- converged at time : 0.31


===== beginning time step 32 : 0.32 =====


Reforming stiffness matrix: reformation #1

 1
 Nonlinear solution status: time= 0.32
	stiffness updates             = 0
	right hand side evaluations   = 2
	stiffness matrix reformations = 1
	step from line search         = 1.000000
	convergence norms :     INITIAL         CURRENT         REQUIRED
	   residual            5.738435e-06    3.066198e-12    5.738435e-09 
	   energy              1.854753e-05    8.493969e-09    1.854753e-07 
	   displacement        9.346850e-05    9.346850e-05    9.346850e-11 
 2
 Nonlinear solution status: time= 0.32
	stiffness updates             = 1
	right hand side evaluations   = 3
	stiffness matrix reformations = 1
	step from line search         = 1.000000
	convergence norms :     INITIAL         CURRENT         REQUIRED
	   residual            5.738435e-06    2.472945e-16    5.738435e-09 
	   energy              1.854753e-05    1.746446e-13    1.854753e-07 
	   displacement        9.346850e-05    1.968259e-10    9.329761e-11 
 3
 Nonlinear solution status: time= 0.32
	stiffness updates             = 2
	right hand side evaluations   = 4
	stiffness matrix reformations = 1
	step from line search         = 1.000000
	convergence norms :     INITIAL         CURRENT         REQUIRED
	   residual            5.738435e-06    1.334194e-19    5.738435e-09 
	   energy              1.854753e-05    1.500567e-18    1.854753e-07 
	   displacement        9.346850e-05    1.604539e-14    9.329600e-11 

convergence summary
    number of iterations   : 3
    number of reformations : 1

------- converged at time : 0.32


===== beginning time step 33 : 0.33 =====


Reforming stiffness matrix: reformation #1

 1
 Nonlinear solution status: time= 0.33
	stiffness updates             = 0
	right hand side evaluations   = 2
	stiffness matrix reformations = 1
	step from line search         = 1.000000
	convergence norms :     INITIAL         CURRENT         REQUIRED
	   residual            5.562133e-06    2.967677e-12    5.562133e-09 
	   energy              1.824731e-05    8.317662e-09    1.824731e-07 
	   displacement        9.312435e-05    9.312435e-05    9.312435e-11 
 2
 Nonlinear solution status: time= 0.33
	stiffness updates             = 1
	right hand side evaluations   = 3
	stiffness matrix reformations = 1
	step from line search         = 1.000000
	convergence norms :     INITIAL         CURRENT         REQUIRED
	   residual            5.562133e-06    2.211469e-16    5.562133e-09 
	   energy              1.824731e-05    1.637621e-13    1.824731e-07 
	   displacement        9.312435e-05    1.936381e-10    9.295563e-11 
 3
 Nonlinear solution status: time= 0.33
	stiffness updates             = 2
	right hand side evaluations   = 4
	stiffness matrix reformations = 1
	step from line search         = 1.000000
	convergence norms :     INITIAL         CURRENT         REQUIRED
	   residual            5.562133e-06    1.265318e-19    5.562133e-09 
	   energy              1.824731e-05    1.450570e-18    1.824731e-07 
	   displacement        9.312435e-05    1.456789e-14    9.295410e-11 

convergence summary
    number of iterations   : 3
    number of reformations : 1

------- converged at time : 0.33


===== beginning time step 34 : 0.34 =====


Reforming stiffness matrix: reformation #1

 1
 Nonlinear solution status: time= 0.34
	stiffness updates             = 0
	right hand side evaluations   = 2
	stiffness matrix reformations = 1
	step from line search         = 1.000000
	convergence norms :     INITIAL         CURRENT         REQUIRED
	   residual            5.395548e-06    2.874439e-12    5.395548e-09 
	   energy              1.795908e-05    8.148163e-09    1.795908e-07 
	   displacement        9.278468e-05    9.278468e-05    9.278468e-11 
 2
 Nonlinear solution status: time= 0.34
	stiffness updates             = 1
	right hand side evaluations   = 3
	stiffness matrix reformations = 1
	step from line search         = 1.000000
	convergence norms :     INITIAL         CURRENT         REQUIRED
	   residual            5.395548e-06    1.979876e-16    5.395548e-09 
	   energy              1.795908e-05    1.536445e-13    1.795908e-07 
	   displacement        9.278468e-05    1.905094e-10    9.261811e-11 
 3
 Nonlinear solution status: time= 0.34
	stiffness updates             = 2
	right hand side evaluations   = 4
	stiffness matrix reformations = 1
	step from line search         = 1.000000
	convergence norms :     INITIAL         CURRENT         REQUIRED
	   residual            5.395548e-06    1.200076e-19    5.395548e-09 
	   energy              1.795908e-05    1.402596e-18    1.795908e-07 
	   displacement        9.278468e-05    1.323217e-14    9.261665e-11 

convergence summary
    number of iterations   : 3
    number of reformations : 1

------- converged at time : 0.34


===== beginning time step 35 : 0.35 =====


Reforming stiffness matrix: reformation #1

 1
 Nonlinear solution status: time= 0.35
	stiffness updates             = 0
	right hand side evaluations   = 2
	stiffness matrix reformations = 1
	step from line search         = 1.000000
	convergence norms :     INITIAL         CURRENT         REQUIRED
	   residual            5.237961e-06    2.786100e-12    5.237961e-09 
	   energy              1.768217e-05    7.985082e-09    1.768217e-07 
	   displacement        9.244944e-05    9.244944e-05    9.244944e-11 
 2
 Nonlinear solution status: time= 0.35
	stiffness updates             = 1
	right hand side evaluations   = 3
	stiffness matrix reformations = 1
	step from line search         = 1.000000
	convergence norms :     INITIAL         CURRENT         REQUIRED
	   residual            5.237961e-06    1.774514e-16    5.237961e-09 
	   energy              1.768217e-05    1.442321e-13    1.768217e-07 
	   displacement        9.244944e-05    1.874389e-10    9.228497e-11 
 3
 Nonlinear solution status: time= 0.35
	stiffness updates             = 2
	right hand side evaluations   = 4
	stiffness matrix reformations = 1
	step from line search         = 1.000000
	convergence norms :     INITIAL         CURRENT         REQUIRED
	   residual            5.237961e-06    1.138313e-19    5.237961e-09 
	   energy              1.768217e-05    1.356553e-18    1.768217e-07 
	   displacement        9.244944e-05    1.202427e-14    9.228359e-11 

convergence summary
    number of iterations   : 3
    number of reformations : 1

------- converged at time : 0.35


===== beginning time step 36 : 0.36 =====


Reforming stiffness matrix: reformation #1

 1
 Nonlinear solution status: time= 0.36
	stiffness updates             = 0
	right hand side evaluations   = 2
	stiffness matrix reformations = 1
	step from line search         = 1.000000
	convergence norms :     INITIAL         CURRENT         REQUIRED
	   residual            5.088717e-06    2.702310e-12    5.088717e-09 
	   energy              1.741592e-05    7.828060e-09    1.741592e-07 
	   displacement        9.211854e-05    9.211854e-05    9.211854e-11 
 2
 Nonlinear solution status: time= 0.36
	stiffness updates             = 1
	right hand side evaluations   = 3
	stiffness matrix reformations = 1
	step from line search         = 1.000000
	convergence norms :     INITIAL         CURRENT         REQUIRED
	   residual            5.088717e-06    1.592201e-16    5.088717e-09 
	   energy              1.741592e-05    1.354705e-13    1.741592e-07 
	   displacement        9.211854e-05    1.844255e-10    9.195614e-11 
 3
 Nonlinear solution status: time= 0.36
	stiffness updates             = 2
	right hand side evaluations   = 4
	stiffness matrix reformations = 1
	step from line search         = 1.000000
	convergence norms :     INITIAL         CURRENT         REQUIRED
	   residual            5.088717e-06    1.079869e-19    5.088717e-09 
	   energy              1.741592e-05    1.312343e-18    1.741592e-07 
	   displacement        9.211854e-05    1.093162e-14    9.195483e-11 

convergence summary
    number of iterations   : 3
    number of reformations : 1

------- converged at time : 0.36


===== beginning time step 37 : 0.37 =====


Reforming stiffness matrix: reformation #1

 1
 Nonlinear solution status: time= 0.37
	stiffness updates             = 0
	right hand side evaluations   = 2
	stiffness matrix reformations = 1
	step from line search         = 1.000000
	convergence norms :     INITIAL         CURRENT         REQUIRED
	   residual            4.947219e-06    2.622747e-12    4.947219e-09 
	   energy              1.715973e-05    7.676758e-09    1.715973e-07 
	   displacement        9.179191e-05    9.179191e-05    9.179191e-11 
 2
 Nonlinear solution status: time= 0.37
	stiffness updates             = 1
	right hand side evaluations   = 3
	stiffness matrix reformations = 1
	step from line search         = 1.000000
	convergence norms :     INITIAL         CURRENT         REQUIRED
	   residual            4.947219e-06    1.430167e-16    4.947219e-09 
	   energy              1.715973e-05    1.273097e-13    1.715973e-07 
	   displacement        9.179191e-05    1.814682e-10    9.163156e-11 
 3
 Nonlinear solution status: time= 0.37
	stiffness updates             = 2
	right hand side evaluations   = 4
	stiffness matrix reformations = 1
	step from line search         = 1.000000
	convergence norms :     INITIAL         CURRENT         REQUIRED
	   residual            4.947219e-06    1.024586e-19    4.947219e-09 
	   energy              1.715973e-05    1.269875e-18    1.715973e-07 
	   displacement        9.179191e-05    9.942884e-15    9.163030e-11 

convergence summary
    number of iterations   : 3
    number of reformations : 1

------- converged at time : 0.37


===== beginning time step 38 : 0.38 =====


Reforming stiffness matrix: reformation #1

 1
 Nonlinear solution status: time= 0.38
	stiffness updates             = 0
	right hand side evaluations   = 2
	stiffness matrix reformations = 1
	step from line search         = 1.000000
	convergence norms :     INITIAL         CURRENT         REQUIRED
	   residual            4.812921e-06    2.547118e-12    4.812921e-09 
	   energy              1.691304e-05    7.530865e-09    1.691304e-07 
	   displacement        9.146948e-05    9.146948e-05    9.146948e-11 
 2
 Nonlinear solution status: time= 0.38
	stiffness updates             = 1
	right hand side evaluations   = 3
	stiffness matrix reformations = 1
	step from line search         = 1.000000
	convergence norms :     INITIAL         CURRENT         REQUIRED
	   residual            4.812921e-06    1.285993e-16    4.812921e-09 
	   energy              1.691304e-05    1.197038e-13    1.691304e-07 
	   displacement        9.146948e-05    1.785659e-10    9.131113e-11 
 3
 Nonlinear solution status: time= 0.38
	stiffness updates             = 2
	right hand side evaluations   = 4
	stiffness matrix reformations = 1
	step from line search         = 1.000000
	convergence norms :     INITIAL         CURRENT         REQUIRED
	   residual            4.812921e-06    9.723073e-20    4.812921e-09 
	   energy              1.691304e-05    1.229070e-18    1.691304e-07 
	   displacement        9.146948e-05    9.047845e-15    9.130994e-11 

convergence summary
    number of iterations   : 3
    number of reformations : 1

------- converged at time : 0.38


===== beginning time step 39 : 0.39 =====


Reforming stiffness matrix: reformation #1

 1
 Nonlinear solution status: time= 0.39
	stiffness updates             = 0
	right hand side evaluations   = 2
	stiffness matrix reformations = 1
	step from line search         = 1.000000
	convergence norms :     INITIAL         CURRENT         REQUIRED
	   residual            4.685323e-06    2.475156e-12    4.685323e-09 
	   energy              1.667533e-05    7.390089e-09    1.667533e-07 
	   displacement        9.115117e-05    9.115117e-05    9.115117e-11 
 2
 Nonlinear solution status: time= 0.39
	stiffness updates             = 1
	right hand side evaluations   = 3
	stiffness matrix reformations = 1
	step from line search         = 1.000000
	convergence norms :     INITIAL         CURRENT         REQUIRED
	   residual            4.685323e-06    1.157567e-16    4.685323e-09 
	   energy              1.667533e-05    1.126109e-13    1.667533e-07 
	   displacement        9.115117e-05    1.757176e-10    9.099481e-11 
 3
 Nonlinear solution status: time= 0.39
	stiffness updates             = 2
	right hand side evaluations   = 4
	stiffness matrix reformations = 1
	step from line search         = 1.000000
	convergence norms :     INITIAL         CURRENT         REQUIRED
	   residual            4.685323e-06    9.228801e-20    4.685323e-09 
	   energy              1.667533e-05    1.189850e-18    1.667533e-07 
	   displacement        9.115117e-05    8.237315e-15    9.099368e-11 

convergence summary
    number of iterations   : 3
    number of reformations : 1

------- converged at time : 0.39


===== beginning time step 40 : 0.4 =====


Reforming stiffness matrix: reformation #1

 1
 Nonlinear solution status: time= 0.4
	stiffness updates             = 0
	right hand side evaluations   = 2
	stiffness matrix reformations = 1
	step from line search         = 1.000000
	convergence norms :     INITIAL         CURRENT         REQUIRED
	   residual            4.563967e-06    2.406613e-12    4.563967e-09 
	   energy              1.644611e-05    7.254159e-09    1.644611e-07 
	   displacement        9.083693e-05    9.083693e-05    9.083693e-11 
 2
 Nonlinear solution status: time= 0.4
	stiffness updates             = 1
	right hand side evaluations   = 3
	stiffness matrix reformations = 1
	step from line search         = 1.000000
	convergence norms :     INITIAL         CURRENT         REQUIRED
	   residual            4.563967e-06    1.043044e-16    4.563967e-09 
	   energy              1.644611e-05    1.059923e-13    1.644611e-07 
	   displacement        9.083693e-05    1.729224e-10    9.068251e-11 
 3
 Nonlinear solution status: time= 0.4
	stiffness updates             = 2
	right hand side evaluations   = 4
	stiffness matrix reformations = 1
	step from line search         = 1.000000
	convergence norms :     INITIAL         CURRENT         REQUIRED
	   residual            4.563967e-06    8.761558e-20    4.563967e-09 
	   energy              1.644611e-05    1.152137e-18    1.644611e-07 
	   displacement        9.083693e-05    7.503017e-15    9.068143e-11 

convergence summary
    number of iterations   : 3
    number of reformations : 1

------- converged at time : 0.4


===== beginning time step 41 : 0.41 =====


Reforming stiffness matrix: reformation #1

 1
 Nonlinear solution status: time= 0.41
	stiffness updates             = 0
	right hand side evaluations   = 2
	stiffness matrix reformations = 1
	step from line search         = 1.000000
	convergence norms :     INITIAL         CURRENT         REQUIRED
	   residual            4.448435e-06    2.341264e-12    4.448435e-09 
	   energy              1.622492e-05    7.122821e-09    1.622492e-07 
	   displacement        9.052668e-05    9.052668e-05    9.052668e-11 
 2
 Nonlinear solution status: time= 0.41
	stiffness updates             = 1
	right hand side evaluations   = 3
	stiffness matrix reformations = 1
	step from line search         = 1.000000
	convergence norms :     INITIAL         CURRENT         REQUIRED
	   residual            4.448435e-06    9.408060e-17    4.448435e-09 
	   energy              1.622492e-05    9.981268e-14    1.622492e-07 
	   displacement        9.052668e-05    1.701791e-10    9.037418e-11 
 3
 Nonlinear solution status: time= 0.41
	stiffness updates             = 2
	right hand side evaluations   = 4
	stiffness matrix reformations = 1
	step from line search         = 1.000000
	convergence norms :     INITIAL         CURRENT         REQUIRED
	   residual            4.448435e-06    8.319905e-20    4.448435e-09 
	   energy              1.622492e-05    1.115864e-18    1.622492e-07 
	   displacement        9.052668e-05    6.837503e-15    9.037315e-11 

convergence summary
    number of iterations   : 3
    number of reformations : 1

------- converged at time : 0.41


===== beginning time step 42 : 0.42 =====


Reforming stiffness matrix: reformation #1

 1
 Nonlinear solution status: time= 0.42
	stiffness updates             = 0
	right hand side evaluations   = 2
	stiffness matrix reformations = 1
	step from line search         = 1.000000
	convergence norms :     INITIAL         CURRENT         REQUIRED
	   residual            4.338342e-06    2.278902e-12    4.338342e-09 
	   energy              1.601134e-05    6.995839e-09    1.601134e-07 
	   displacement        9.022035e-05    9.022035e-05    9.022035e-11 
 2
 Nonlinear solution status: time= 0.42
	stiffness updates             = 1
	right hand side evaluations   = 3
	stiffness matrix reformations = 1
	step from line search         = 1.000000
	convergence norms :     INITIAL         CURRENT         REQUIRED
	   residual            4.338342e-06    8.494377e-17    4.338342e-09 
	   energy              1.601134e-05    9.403952e-14    1.601134e-07 
	   displacement        9.022035e-05    1.674868e-10    9.006974e-11 
 3
 Nonlinear solution status: time= 0.42
	stiffness updates             = 2
	right hand side evaluations   = 4
	stiffness matrix reformations = 1
	step from line search         = 1.000000
	convergence norms :     INITIAL         CURRENT         REQUIRED
	   residual            4.338342e-06    7.902454e-20    4.338342e-09 
	   energy              1.601134e-05    1.080962e-18    1.601134e-07 
	   displacement        9.022035e-05    6.234066e-15    9.006876e-11 

convergence summary
    number of iterations   : 3
    number of reformations : 1

------- converged at time : 0.42


===== beginning time step 43 : 0.43 =====


Reforming stiffness matrix: reformation #1

 1
 Nonlinear solution status: time= 0.43
	stiffness updates             = 0
	right hand side evaluations   = 2
	stiffness matrix reformations = 1
	step from line search         = 1.000000
	convergence norms :     INITIAL         CURRENT         REQUIRED
	   residual            4.233333e-06    2.219335e-12    4.233333e-09 
	   energy              1.580498e-05    6.872992e-09    1.580498e-07 
	   displacement        8.991789e-05    8.991789e-05    8.991789e-11 
 2
 Nonlinear solution status: time= 0.43
	stiffness updates             = 1
	right hand side evaluations   = 3
	stiffness matrix reformations = 1
	step from line search         = 1.000000
	convergence norms :     INITIAL         CURRENT         REQUIRED
	   residual            4.233333e-06    7.676965e-17    4.233333e-09 
	   energy              1.580498e-05    8.864292e-14    1.580498e-07 
	   displacement        8.991789e-05    1.648446e-10    8.976914e-11 
 3
 Nonlinear solution status: time= 0.43
	stiffness updates             = 2
	right hand side evaluations   = 4
	stiffness matrix reformations = 1
	step from line search         = 1.000000
	convergence norms :     INITIAL         CURRENT         REQUIRED
	   residual            4.233333e-06    7.507885e-20    4.233333e-09 
	   energy              1.580498e-05    1.047367e-18    1.580498e-07 
	   displacement        8.991789e-05    5.686670e-15    8.976820e-11 

convergence summary
    number of iterations   : 3
    number of reformations : 1

------- converged at time : 0.43


===== beginning time step 44 : 0.44 =====


Reforming stiffness matrix: reformation #1

 1
 Nonlinear solution status: time= 0.44
	stiffness updates             = 0
	right hand side evaluations   = 2
	stiffness matrix reformations = 1
	step from line search         = 1.000000
	convergence norms :     INITIAL         CURRENT         REQUIRED
	   residual            4.133082e-06    2.162388e-12    4.133082e-09 
	   energy              1.560546e-05    6.754073e-09    1.560546e-07 
	   displacement        8.961922e-05    8.961922e-05    8.961922e-11 
 2
 Nonlinear solution status: time= 0.44
	stiffness updates             = 1
	right hand side evaluations   = 3
	stiffness matrix reformations = 1
	step from line search         = 1.000000
	convergence norms :     INITIAL         CURRENT         REQUIRED
	   residual            4.133082e-06    6.944911e-17    4.133082e-09 
	   energy              1.560546e-05    8.359537e-14    1.560546e-07 
	   displacement        8.961922e-05    1.622514e-10    8.947230e-11 
 3
 Nonlinear solution status: time= 0.44
	stiffness updates             = 2
	right hand side evaluations   = 4
	stiffness matrix reformations = 1
	step from line search         = 1.000000
	convergence norms :     INITIAL         CURRENT         REQUIRED
	   residual            4.133082e-06    7.134925e-20    4.133082e-09 
	   energy              1.560546e-05    1.015025e-18    1.560546e-07 
	   displacement        8.961922e-05    5.189882e-15    8.947141e-11 

convergence summary
    number of iterations   : 3
    number of reformations : 1

------- converged at time : 0.44


===== beginning time step 45 : 0.45 =====


Reforming stiffness matrix: reformation #1

 1
 Nonlinear solution status: time= 0.45
	stiffness updates             = 0
	right hand side evaluations   = 2
	stiffness matrix reformations = 1
	step from line search         = 1.000000
	convergence norms :     INITIAL         CURRENT         REQUIRED
	   residual            4.037290e-06    2.107898e-12    4.037290e-09 
	   energy              1.541244e-05    6.638890e-09    1.541244e-07 
	   displacement        8.932429e-05    8.932429e-05    8.932429e-11 
 2
 Nonlinear solution status: time= 0.45
	stiffness updates             = 1
	right hand side evaluations   = 3
	stiffness matrix reformations = 1
	step from line search         = 1.000000
	convergence norms :     INITIAL         CURRENT         REQUIRED
	   residual            4.037290e-06    6.288623e-17    4.037290e-09 
	   energy              1.541244e-05    7.887160e-14    1.541244e-07 
	   displacement        8.932429e-05    1.597064e-10    8.917917e-11 
 3
 Nonlinear solution status: time= 0.45
	stiffness updates             = 2
	right hand side evaluations   = 4
	stiffness matrix reformations = 1
	step from line search         = 1.000000
	convergence norms :     INITIAL         CURRENT         REQUIRED
	   residual            4.037290e-06    6.782368e-20    4.037290e-09 
	   energy              1.541244e-05    9.838755e-19    1.541244e-07 
	   displacement        8.932429e-05    4.738810e-15    8.917832e-11 

convergence summary
    number of iterations   : 3
    number of reformations : 1

------- converged at time : 0.45


===== beginning time step 46 : 0.46 =====


Reforming stiffness matrix: reformation #1

 1
 Nonlinear solution status: time= 0.46
	stiffness updates             = 0
	right hand side evaluations   = 2
	stiffness matrix reformations = 1
	step from line search         = 1.000000
	convergence norms :     INITIAL         CURRENT         REQUIRED
	   residual            3.945679e-06    2.055716e-12    3.945679e-09 
	   energy              1.522559e-05    6.527261e-09    1.522559e-07 
	   displacement        8.903303e-05    8.903303e-05    8.903303e-11 
 2
 Nonlinear solution status: time= 0.46
	stiffness updates             = 1
	right hand side evaluations   = 3
	stiffness matrix reformations = 1
	step from line search         = 1.000000
	convergence norms :     INITIAL         CURRENT         REQUIRED
	   residual            3.945679e-06    5.699656e-17    3.945679e-09 
	   energy              1.522559e-05    7.444831e-14    1.522559e-07 
	   displacement        8.903303e-05    1.572086e-10    8.888969e-11 
 3
 Nonlinear solution status: time= 0.46
	stiffness updates             = 2
	right hand side evaluations   = 4
	stiffness matrix reformations = 1
	step from line search         = 1.000000
	convergence norms :     INITIAL         CURRENT         REQUIRED
	   residual            3.945679e-06    6.449063e-20    3.945679e-09 
	   energy              1.522559e-05    9.538640e-19    1.522559e-07 
	   displacement        8.903303e-05    4.329053e-15    8.888888e-11 

convergence summary
    number of iterations   : 3
    number of reformations : 1

------- converged at time : 0.46


===== beginning time step 47 : 0.47 =====


Reforming stiffness matrix: reformation #1

 1
 Nonlinear solution status: time= 0.47
	stiffness updates             = 0
	right hand side evaluations   = 2
	stiffness matrix reformations = 1
	step from line search         = 1.000000
	convergence norms :     INITIAL         CURRENT         REQUIRED
	   residual            3.857994e-06    2.005703e-12    3.857994e-09 
	   energy              1.504461e-05    6.419017e-09    1.504461e-07 
	   displacement        8.874539e-05    8.874539e-05    8.874539e-11 
 2
 Nonlinear solution status: time= 0.47
	stiffness updates             = 1
	right hand side evaluations   = 3
	stiffness matrix reformations = 1
	step from line search         = 1.000000
	convergence norms :     INITIAL         CURRENT         REQUIRED
	   residual            3.857994e-06    5.170573e-17    3.857994e-09 
	   energy              1.504461e-05    7.030404e-14    1.504461e-07 
	   displacement        8.874539e-05    1.547571e-10    8.860379e-11 
 3
 Nonlinear solution status: time= 0.47
	stiffness updates             = 2
	right hand side evaluations   = 4
	stiffness matrix reformations = 1
	step from line search         = 1.000000
	convergence norms :     INITIAL         CURRENT         REQUIRED
	   residual            3.857994e-06    6.133922e-20    3.857994e-09 
	   energy              1.504461e-05    9.249469e-19    1.504461e-07 
	   displacement        8.874539e-05    3.956643e-15    8.860302e-11 

convergence summary
    number of iterations   : 3
    number of reformations : 1

------- converged at time : 0.47


===== beginning time step 48 : 0.48 =====


Reforming stiffness matrix: reformation #1

 1
 Nonlinear solution status: time= 0.48
	stiffness updates             = 0
	right hand side evaluations   = 2
	stiffness matrix reformations = 1
	step from line search         = 1.000000
	convergence norms :     INITIAL         CURRENT         REQUIRED
	   residual            3.773999e-06    1.957731e-12    3.773999e-09 
	   energy              1.486921e-05    6.313999e-09    1.486921e-07 
	   displacement        8.846130e-05    8.846130e-05    8.846130e-11 
 2
 Nonlinear solution status: time= 0.48
	stiffness updates             = 1
	right hand side evaluations   = 3
	stiffness matrix reformations = 1
	step from line search         = 1.000000
	convergence norms :     INITIAL         CURRENT         REQUIRED
	   residual            3.773999e-06    4.694811e-17    3.773999e-09 
	   energy              1.486921e-05    6.641902e-14    1.486921e-07 
	   displacement        8.846130e-05    1.523509e-10    8.832143e-11 
 3
 Nonlinear solution status: time= 0.48
	stiffness updates             = 2
	right hand side evaluations   = 4
	stiffness matrix reformations = 1
	step from line search         = 1.000000
	convergence norms :     INITIAL         CURRENT         REQUIRED
	   residual            3.773999e-06    5.835907e-20    3.773999e-09 
	   energy              1.486921e-05    8.970701e-19    1.486921e-07 
	   displacement        8.846130e-05    3.618010e-15    8.832069e-11 

convergence summary
    number of iterations   : 3
    number of reformations : 1

------- converged at time : 0.48


===== beginning time step 49 : 0.49 =====


Reforming stiffness matrix: reformation #1

 1
 Nonlinear solution status: time= 0.49
	stiffness updates             = 0
	right hand side evaluations   = 2
	stiffness matrix reformations = 1
	step from line search         = 1.000000
	convergence norms :     INITIAL         CURRENT         REQUIRED
	   residual            3.693475e-06    1.911682e-12    3.693475e-09 
	   energy              1.469913e-05    6.212058e-09    1.469913e-07 
	   displacement        8.818072e-05    8.818072e-05    8.818072e-11 
 2
 Nonlinear solution status: time= 0.49
	stiffness updates             = 1
	right hand side evaluations   = 3
	stiffness matrix reformations = 1
	step from line search         = 1.000000
	convergence norms :     INITIAL         CURRENT         REQUIRED
	   residual            3.693475e-06    4.266578e-17    3.693475e-09 
	   energy              1.469913e-05    6.277503e-14    1.469913e-07 
	   displacement        8.818072e-05    1.499892e-10    8.804254e-11 
 3
 Nonlinear solution status: time= 0.49
	stiffness updates             = 2
	right hand side evaluations   = 4
	stiffness matrix reformations = 1
	step from line search         = 1.000000
	convergence norms :     INITIAL         CURRENT         REQUIRED
	   residual            3.693475e-06    5.554046e-20    3.693475e-09 
	   energy              1.469913e-05    8.701938e-19    1.469913e-07 
	   displacement        8.818072e-05    3.309937e-15    8.804183e-11 

convergence summary
    number of iterations   : 3
    number of reformations : 1

------- converged at time : 0.49


===== beginning time step 50 : 0.5 =====


Reforming stiffness matrix: reformation #1

 1
 Nonlinear solution status: time= 0.5
	stiffness updates             = 0
	right hand side evaluations   = 2
	stiffness matrix reformations = 1
	step from line search         = 1.000000
	convergence norms :     INITIAL         CURRENT         REQUIRED
	   residual            3.616219e-06    1.867445e-12    3.616219e-09 
	   energy              1.453412e-05    6.113053e-09    1.453412e-07 
	   displacement        8.790358e-05    8.790358e-05    8.790358e-11 
 2
 Nonlinear solution status: time= 0.5
	stiffness updates             = 1
	right hand side evaluations   = 3
	stiffness matrix reformations = 1
	step from line search         = 1.000000
	convergence norms :     INITIAL         CURRENT         REQUIRED
	   residual            3.616219e-06    3.880753e-17    3.616219e-09 
	   energy              1.453412e-05    5.935524e-14    1.453412e-07 
	   displacement        8.790358e-05    1.476711e-10    8.776706e-11 
 3
 Nonlinear solution status: time= 0.5
	stiffness updates             = 2
	right hand side evaluations   = 4
	stiffness matrix reformations = 1
	step from line search         = 1.000000
	convergence norms :     INITIAL         CURRENT         REQUIRED
	   residual            3.616219e-06    5.287408e-20    3.616219e-09 
	   energy              1.453412e-05    8.442712e-19    1.453412e-07 
	   displacement        8.790358e-05    3.029525e-15    8.776639e-11 

convergence summary
    number of iterations   : 3
    number of reformations : 1

------- converged at time : 0.5



 N O N L I N E A R   I T E R A T I O N   I N F O R M A T I O N

	Number of time steps completed .................... : 50

	Total number of equilibrium iterations ............ : 150

	Average number of equilibrium iterations .......... : 3

	Total number of right hand evaluations ............ : 200

	Total number of stiffness reformations ............ : 50


 L I N E A R   S O L V E R   S T A T S

	Total calls to linear solver ........ : 0

	Avg iterations per solve ............ : 0

	Time in linear solver: 0:00:00


 Elapsed time : 0:00:00

 T I M I N G   I N F O R M A T I O N

	Input time ...................... : 0:00:00 (0.000843568 sec)

	Initialization time ............. : 0:00:00 (0.00076504 sec)

	Solve time ...................... : 0:00:00 (0.0636652 sec)

	   IO-time (plot, dmp, data) .... : 0:00:00 (0.0374959 sec)

	   serialization ................ : 0:00:00 (0 sec)

	   reforming stiffness .......... : 0:00:00 (0.000105148 sec)

	   evaluating stiffness ......... : 0:00:00 (0.00583362 sec)

	   evaluating residual .......... : 0:00:00 (0.00271669 sec)

	   model update ................. : 0:00:00 (0.0122998 sec)

	   QN updates ................... : 0:00:00 (6.3273e-05 sec)

	   time in linear solver ........ : 0:00:00 (0.0010506 sec)

	Total elapsed time .............. : 0:00:00 (0.0650882 sec)


 N O R M A L   T E R M I N A T I O N

